[10:19:09] ======= Bagel Model Simulation Started =======
[10:19:09] Configuration: text_len=229, image_steps=50, layers=28, batch_size=1
[10:19:09] =========== Text Generation Started (total steps: 229) ===========
[10:19:09] Text generation - Start qkv mapping
[10:19:15] Text generation - End qkv mapping, total cycles:2141784.0
[10:19:15] Text generation - Start output mapping
[10:19:20] Text generation - End output mapping, total cycles:1665832.0
[10:19:20] Text generation - Start FFN up
[10:19:25] Text generation - End FFN up, total cycles:10336912.0
[10:19:25] Text generation - Start FFN down
[10:19:50] Text generation - End FFN down, total cycles:4418904.0
[10:19:50] Text generation - Step 0 to Step 19 started (kv_len in averagr: 3251)
[10:19:55] Text generation - Step 20 to Step 39 started (kv_len in averagr: 3291)
[10:20:01] Text generation - Step 40 to Step 59 started (kv_len in averagr: 3331)
[10:20:07] Text generation - Step 60 to Step 79 started (kv_len in averagr: 3371)
[10:20:13] Text generation - Step 80 to Step 99 started (kv_len in averagr: 3411)
[10:20:19] Text generation - Step 100 to Step 119 started (kv_len in averagr: 3451)
[10:20:25] Text generation - Step 120 to Step 139 started (kv_len in averagr: 3491)
[10:20:30] Text generation - Step 140 to Step 159 started (kv_len in averagr: 3531)
[10:20:36] Text generation - Step 160 to Step 179 started (kv_len in averagr: 3571)
[10:20:42] Text generation - Step 180 to Step 199 started (kv_len in averagr: 3611)
[10:20:48] Text generation - Step 200 to Step 219 started (kv_len in averagr: 3651)
[10:20:55] Text generation - Step 220 to Step 228 started (kv_len in averagr: 3686)
[10:21:01] =========== Text Generation Completed, total cycles: 143543813525.0, total seconds: 287.08762705 ===========
[10:21:01] ==================================================
[10:21:01] FINAL RESULT - Total Cycles: 143543813525.0, total seconds: 287.08762705
[10:21:01] Simulation Duration: 112.42 seconds
[10:21:01] CYCLE BREAKDOWN (per-operator cycles / % of end-to-end):
  [text] subtotal: 143,543,813,525  (100.0%)
      OPBREAKDOWN text/attn 24515087541 17.078
      OPBREAKDOWN text/ffn_down 28334012448 19.739
      OPBREAKDOWN text/ffn_up 66280279744 46.174
      OPBREAKDOWN text/omap 10681314784 7.441
      OPBREAKDOWN text/qkv 13733119008 9.567
  breakdown sum: 143,543,813,525  (total_cycles=143,543,813,525)
[10:21:01] ENERGY BREAKDOWN:
  Compute (MAC):    2479.992 mJ  (  2.6%)
  SRAM total:       1829.101 mJ  (  1.9%)
    ifmap:           827.052 mJ
    filter:         1001.087 mJ
    ofmap:             0.963 mJ
  DRAM total:      91241.738 mJ  ( 95.5%)  [type=HBM2]
    ifmap:            53.515 mJ
    filter:        62419.390 mJ
    ofmap:            60.070 mJ
    idle:          28708.763 mJ
  ----
  Total Energy:  95550.831 mJ
  Avg Power:         0.333 W   (cycles 143,543,813,525)
  EDP:          27431461.343 mJ·s
  Total MAC ops: 1,653,327,699,968   [fp16=1,653,327,699,968]
[10:21:01] ======= Bagel Model Simulation Completed =======
