[09:56:58] ======= Bagel Model Simulation Started =======
[09:56:58] Configuration: text_len=229, image_steps=50, layers=28, batch_size=1
[09:56:58] =========== Text Generation Started (total steps: 229) ===========
[09:56:58] Text generation - Start qkv mapping
[09:57:04] Text generation - End qkv mapping, total cycles:2141784.0
[09:57:04] Text generation - Start output mapping
[09:57:10] Text generation - End output mapping, total cycles:1665832.0
[09:57:10] Text generation - Start FFN up
[09:57:15] Text generation - End FFN up, total cycles:17610224.0
[09:57:15] Text generation - Start FFN down
[09:57:45] Text generation - End FFN down, total cycles:8547112.0
[09:57:45] Text generation - Step 0 to Step 19 started (kv_len in averagr: 3264)
[09:57:51] Text generation - Step 20 to Step 39 started (kv_len in averagr: 3304)
[09:57:56] Text generation - Step 40 to Step 59 started (kv_len in averagr: 3344)
[09:58:02] Text generation - Step 60 to Step 79 started (kv_len in averagr: 3384)
[09:58:08] Text generation - Step 80 to Step 99 started (kv_len in averagr: 3424)
[09:58:14] Text generation - Step 100 to Step 119 started (kv_len in averagr: 3464)
[09:58:20] Text generation - Step 120 to Step 139 started (kv_len in averagr: 3504)
[09:58:26] Text generation - Step 140 to Step 159 started (kv_len in averagr: 3544)
[09:58:32] Text generation - Step 160 to Step 179 started (kv_len in averagr: 3584)
[09:58:38] Text generation - Step 180 to Step 199 started (kv_len in averagr: 3624)
[09:58:44] Text generation - Step 200 to Step 219 started (kv_len in averagr: 3664)
[09:58:51] Text generation - Step 220 to Step 228 started (kv_len in averagr: 3699)
[09:58:57] =========== Text Generation Completed, total cycles: 216711115869.5, total seconds: 433.422231739 ===========
[09:58:57] =========== Image Generation Started (total steps: 50) ===========
[09:58:57] Image generation - Start prefetching
[09:58:57] Image generation - End prefetching, total cycles:2048.0
[09:58:57] Image generation - Start qkv mapping
[09:59:09] Text generation - End qkv mapping, total cycles:24718392.0
[09:59:09] Image generation - Start output mapping
[09:59:09] Image generation - End output mapping, total cycles:17967488
[09:59:09] Image generation - Start FFN down
[09:59:09] Image generation - End FFN down, total cycles:94971008
[09:59:09] Image generation - Start draining
[09:59:09] Image generation - End draining, total cycles:512.0
[09:59:09] Image generation - full_cache config started (kv_len: 4861)
[09:59:09] Image generation - full_cache config completed, cycles: 10848309024.0
[09:59:09] Image generation - without_img config started (kv_len: 1668)
[09:59:09] Image generation - without_img config completed, cycles: 9758856352.0
[09:59:09] Image generation - without_text config started (kv_len: 4619)
[09:59:09] Image generation - without_text config completed, cycles: 10769037216.0
[09:59:09] =========== Image Generation Completed, total cycles: 1568810257600.0, total seconds: 3137.6205152 ===========
[09:59:09] ==================================================
[09:59:09] FINAL RESULT - Total Cycles: 1785521373469.5, total seconds: 3571.042746939
[09:59:09] Simulation Duration: 130.58 seconds
[09:59:09] CYCLE BREAKDOWN (per-operator cycles / % of end-to-end):
  [text] subtotal: 216,711,115,870  ( 12.1%)
      OPBREAKDOWN text/attn 24575843646 1.376
      OPBREAKDOWN text/ffn_down 54804082144 3.069
      OPBREAKDOWN text/ffn_up 112916756288 6.324
      OPBREAKDOWN text/omap 10681314784 0.598
      OPBREAKDOWN text/qkv 13733119008 0.769
  [img] subtotal: 1,568,810,257,600  ( 87.9%)
      OPBREAKDOWN img/attn 192894732800 10.803
      OPBREAKDOWN img/drain 25600 0.000
      OPBREAKDOWN img/ffn_down 398878233600 22.340
      OPBREAKDOWN img/ffn_up 797756467200 44.679
      OPBREAKDOWN img/omap 75463449600 4.226
      OPBREAKDOWN img/prefetch 102400 0.000
      OPBREAKDOWN img/qkv 103817246400 5.814
  breakdown sum: 1,785,521,373,470  (total_cycles=1,785,521,373,470)
[09:59:09] ENERGY BREAKDOWN:
  Compute (MAC):  2256886.842 mJ  ( 75.9%)
  SRAM total:      75415.477 mJ  (  2.5%)
    ifmap:         24834.715 mJ
    filter:        49669.431 mJ
    ofmap:           911.331 mJ
  DRAM total:     643094.286 mJ  ( 21.6%)  [type=HBM2]
    ifmap:         53532.196 mJ
    filter:       175590.741 mJ
    ofmap:         56867.075 mJ
    idle:         357104.275 mJ
  ----
  Total Energy: 2975396.605 mJ
  Avg Power:         0.833 W   (cycles 1,785,521,373,469)
  EDP:          10625268464.328 mJ·s
  Total MAC ops: 1,504,591,227,826,176   [fp16=1,504,591,227,826,176]
[09:59:09] ======= Bagel Model Simulation Completed =======
