[09:48:52] ======= Bagel Model Simulation Started =======
[09:48:52] Configuration: text_len=229, image_steps=50, layers=28, batch_size=1
[09:48:52] =========== Text Generation Started (total steps: 229) ===========
[09:48:52] Text generation - Start qkv mapping
[09:48:56] Text generation - End qkv mapping, total cycles:2106288.0
[09:48:56] Text generation - Start output mapping
[09:49:01] Text generation - End output mapping, total cycles:1638224.0
[09:49:01] Text generation - Start FFN up
[09:49:05] Text generation - End FFN up, total cycles:17318368.0
[09:49:05] Text generation - Start FFN down
[09:49:29] Text generation - End FFN down, total cycles:8520344.0
[09:49:29] Text generation - Step 0 to Step 19 started (kv_len in averagr: 58)
[09:49:29] Text generation - Step 20 to Step 39 started (kv_len in averagr: 98)
[09:49:30] Text generation - Step 40 to Step 59 started (kv_len in averagr: 138)
[09:49:30] Text generation - Step 60 to Step 79 started (kv_len in averagr: 178)
[09:49:31] Text generation - Step 80 to Step 99 started (kv_len in averagr: 218)
[09:49:31] Text generation - Step 100 to Step 119 started (kv_len in averagr: 258)
[09:49:32] Text generation - Step 120 to Step 139 started (kv_len in averagr: 298)
[09:49:32] Text generation - Step 140 to Step 159 started (kv_len in averagr: 338)
[09:49:33] Text generation - Step 160 to Step 179 started (kv_len in averagr: 378)
[09:49:34] Text generation - Step 180 to Step 199 started (kv_len in averagr: 418)
[09:49:35] Text generation - Step 200 to Step 219 started (kv_len in averagr: 458)
[09:49:36] Text generation - Step 220 to Step 228 started (kv_len in averagr: 493)
[09:49:37] =========== Text Generation Completed, total cycles: 191525729941.0, total seconds: 383.051459882 ===========
[09:49:37] =========== Image Generation Started (total steps: 50) ===========
[09:49:37] Image generation - Start prefetching
[09:49:37] Image generation - End prefetching, total cycles:4096.0
[09:49:37] Image generation - Start qkv mapping
[09:49:46] Text generation - End qkv mapping, total cycles:13493952.0
[09:49:46] Image generation - Start output mapping
[09:49:46] Image generation - End output mapping, total cycles:9062592
[09:49:46] Image generation - Start FFN down
[09:49:46] Image generation - End FFN down, total cycles:47902272
[09:49:46] Image generation - Start draining
[09:49:46] Image generation - End draining, total cycles:4096.0
[09:49:46] Image generation - full_cache config started (kv_len: 1655)
[09:49:46] Image generation - full_cache config completed, cycles: 4975152000.0
[09:49:46] Image generation - without_text config started (kv_len: 1607)
[09:49:46] Image generation - without_text config completed, cycles: 4971840384.0
[09:49:46] =========== Image Generation Completed, total cycles: 497350028800.0, total seconds: 994.7000576 ===========
[09:49:46] ==================================================
[09:49:46] FINAL RESULT - Total Cycles: 688875758741.0, total seconds: 1377.751517482
[09:49:46] Simulation Duration: 54.02 seconds
[09:49:46] CYCLE BREAKDOWN (per-operator cycles / % of end-to-end):
  [text] subtotal: 191,525,729,941  ( 27.8%)
      OPBREAKDOWN text/attn 1838097653 0.267
      OPBREAKDOWN text/ffn_down 54632445728 7.931
      OPBREAKDOWN text/ffn_up 111045375616 16.120
      OPBREAKDOWN text/omap 10504292288 1.525
      OPBREAKDOWN text/qkv 13505518656 1.961
  [img] subtotal: 497,350,028,800  ( 72.2%)
      OPBREAKDOWN img/attn 31812211200 4.618
      OPBREAKDOWN img/drain 204800 0.000
      OPBREAKDOWN img/ffn_down 134126361600 19.470
      OPBREAKDOWN img/ffn_up 268252723200 38.941
      OPBREAKDOWN img/omap 25375257600 3.684
      OPBREAKDOWN img/prefetch 204800 0.000
      OPBREAKDOWN img/qkv 37783065600 5.485
  breakdown sum: 688,875,758,741  (total_cycles=688,875,758,741)
[09:49:46] ENERGY BREAKDOWN:
  Compute (MAC):  1418699.860 mJ  ( 79.3%)
  SRAM total:      47892.281 mJ  (  2.7%)
    ifmap:         15836.745 mJ
    filter:        31673.490 mJ
    ofmap:           382.047 mJ
  DRAM total:     322885.322 mJ  ( 18.0%)  [type=HBM2]
    ifmap:         21614.289 mJ
    filter:       139656.155 mJ
    ofmap:         23839.726 mJ
    idle:         137775.152 mJ
  ----
  Total Energy: 1789477.464 mJ
  Avg Power:         1.299 W   (cycles 688,875,758,741)
  EDP:          2465455291.087 mJ·s
  Total MAC ops: 945,799,906,938,880   [fp16=945,799,906,938,880]
[09:49:46] ======= Bagel Model Simulation Completed =======
