[09:29:08] ======= Bagel Model Simulation Started =======
[09:29:08] Configuration: text_len=229, image_steps=50, layers=28
[09:29:08] =========== Text Generation Started (total steps: 229) ===========
[09:29:08] Text generation - Start qkv mapping
[09:29:11] Text generation - End qkv mapping, total cycles:705312.0
[09:29:11] Text generation - Start output mapping
[09:29:15] Text generation - End output mapping, total cycles:548576.0
[09:29:15] Text generation - Start FFN up
[09:29:20] Text generation - End FFN up, total cycles:10336912.0
[09:29:20] Text generation - Start FFN down
[09:29:45] Text generation - End FFN down, total cycles:4418904.0
[09:29:45] Text generation - Step 0 to Step 19 started (kv_len in averagr: 3264)
[09:29:50] Text generation - Step 20 to Step 39 started (kv_len in averagr: 3304)
[09:29:56] Text generation - Step 40 to Step 59 started (kv_len in averagr: 3344)
[09:30:02] Text generation - Step 60 to Step 79 started (kv_len in averagr: 3384)
[09:30:07] Text generation - Step 80 to Step 99 started (kv_len in averagr: 3424)
[09:30:13] Text generation - Step 100 to Step 119 started (kv_len in averagr: 3464)
[09:30:19] Text generation - Step 120 to Step 139 started (kv_len in averagr: 3504)
[09:30:25] Text generation - Step 140 to Step 159 started (kv_len in averagr: 3544)
[09:30:31] Text generation - Step 160 to Step 179 started (kv_len in averagr: 3584)
[09:30:37] Text generation - Step 180 to Step 199 started (kv_len in averagr: 3624)
[09:30:43] Text generation - Step 200 to Step 219 started (kv_len in averagr: 3664)
[09:30:49] Text generation - Step 220 to Step 228 started (kv_len in averagr: 3699)
[09:30:56] =========== Text Generation Completed, total cycles: 127230065693.5, total seconds: 254.460131387 ===========
[09:30:56] =========== Image Generation Started (total steps: 50) ===========
[09:30:56] Image generation - Start prefetching
[09:30:56] Image generation - End prefetching, total cycles:2048.0
[09:30:56] Image generation - Start qkv mapping
[09:31:03] Text generation - End qkv mapping, total cycles:12092976.0
[09:31:03] Image generation - Start output mapping
[09:31:03] Image generation - End output mapping, total cycles:9062592
[09:31:03] Image generation - Start FFN down
[09:31:03] Image generation - End FFN down, total cycles:47902272
[09:31:03] Image generation - Start draining
[09:31:03] Image generation - End draining, total cycles:512.0
[09:31:03] Image generation - full_cache config started (kv_len: 1354)
[09:31:03] Image generation - full_cache config completed, cycles: 4361766080.0
[09:31:03] Image generation - without_img config started (kv_len: 744)
[09:31:03] Image generation - without_img config completed, cycles: 4153065280.0
[09:31:03] Image generation - without_text config started (kv_len: 1307)
[09:31:03] Image generation - without_text config completed, cycles: 3183808320.0
[09:31:03] =========== Image Generation Completed, total cycles: 584932112000.0, total seconds: 1169.864224 ===========
[09:31:03] ==================================================
[09:31:03] FINAL RESULT - Total Cycles: 712162177693.5, total seconds: 1424.324355387
[09:31:03] Simulation Duration: 115.02 seconds
[09:31:03] CYCLE BREAKDOWN (per-operator cycles / % of end-to-end):
  [text] subtotal: 127,230,065,694  ( 17.9%)
      OPBREAKDOWN text/attn 24575843646 3.451
      OPBREAKDOWN text/ffn_down 28334012448 3.979
      OPBREAKDOWN text/ffn_up 66280279744 9.307
      OPBREAKDOWN text/omap 3517469312 0.494
      OPBREAKDOWN text/qkv 4522460544 0.635
  [img] subtotal: 584,932,112,000  ( 82.1%)
      OPBREAKDOWN img/attn 60167923200 8.449
      OPBREAKDOWN img/drain 25600 0.000
      OPBREAKDOWN img/ffn_down 201189542400 28.251
      OPBREAKDOWN img/ffn_up 234721132800 32.959
      OPBREAKDOWN img/omap 38062886400 5.345
      OPBREAKDOWN img/prefetch 102400 0.000
      OPBREAKDOWN img/qkv 50790499200 7.132
  breakdown sum: 712,162,177,694  (total_cycles=712,162,177,694)
[09:31:03] ENERGY BREAKDOWN:
  Compute (MAC):  1003859.450 mJ  ( 77.3%)
  SRAM total:      28554.186 mJ  (  2.2%)
    ifmap:         17707.104 mJ
    filter:        10446.888 mJ
    ofmap:           400.194 mJ
  DRAM total:     265870.657 mJ  ( 20.5%)  [type=HBM2]
    ifmap:         26336.409 mJ
    filter:        72129.681 mJ
    ofmap:         24972.131 mJ
    idle:         142432.436 mJ
  ----
  Total Energy: 1298284.293 mJ
  Avg Power:         0.912 W   (cycles 712,162,177,693)
  EDP:          1849177938.360 mJ·s
  Total MAC ops: 1,064,640,051,736,576   [fp16=471,539,423,703,040 w4a16=593,100,628,033,536]
[09:31:03] ======= Bagel Model Simulation Completed =======
