[10:07:44] ======= Bagel Model Simulation Started =======
[10:07:44] Configuration: text_len=229, image_steps=50, layers=28, batch_size=1
[10:07:44] =========== Text Generation Started (total steps: 229) ===========
[10:07:44] Text generation - Start qkv mapping
[10:07:50] Text generation - End qkv mapping, total cycles:2141784.0
[10:07:50] Text generation - Start output mapping
[10:07:56] Text generation - End output mapping, total cycles:1665832.0
[10:07:56] Text generation - Start FFN up
[10:08:02] Text generation - End FFN up, total cycles:17610224.0
[10:08:02] Text generation - Start FFN down
[10:08:31] Text generation - End FFN down, total cycles:8547112.0
[10:08:31] Text generation - Step 0 to Step 19 started (kv_len in averagr: 58)
[10:08:32] Text generation - Step 20 to Step 39 started (kv_len in averagr: 98)
[10:08:32] Text generation - Step 40 to Step 59 started (kv_len in averagr: 138)
[10:08:33] Text generation - Step 60 to Step 79 started (kv_len in averagr: 178)
[10:08:33] Text generation - Step 80 to Step 99 started (kv_len in averagr: 218)
[10:08:34] Text generation - Step 100 to Step 119 started (kv_len in averagr: 258)
[10:08:35] Text generation - Step 120 to Step 139 started (kv_len in averagr: 298)
[10:08:36] Text generation - Step 140 to Step 159 started (kv_len in averagr: 338)
[10:08:36] Text generation - Step 160 to Step 179 started (kv_len in averagr: 378)
[10:08:37] Text generation - Step 180 to Step 199 started (kv_len in averagr: 418)
[10:08:38] Text generation - Step 200 to Step 219 started (kv_len in averagr: 458)
[10:08:40] Text generation - Step 220 to Step 228 started (kv_len in averagr: 493)
[10:08:41] =========== Text Generation Completed, total cycles: 194198545726.5, total seconds: 388.397091453 ===========
[10:08:41] =========== Image Generation Started (total steps: 50) ===========
[10:08:41] Image generation - Start prefetching
[10:08:41] Image generation - End prefetching, total cycles:2048.0
[10:08:41] Image generation - Start qkv mapping
[10:08:52] Text generation - End qkv mapping, total cycles:24718392.0
[10:08:52] Image generation - Start output mapping
[10:08:52] Image generation - End output mapping, total cycles:17967488
[10:08:52] Image generation - Start FFN down
[10:08:52] Image generation - End FFN down, total cycles:94971008
[10:08:52] Image generation - Start draining
[10:08:52] Image generation - End draining, total cycles:512.0
[10:08:52] Image generation - full_cache config started (kv_len: 1655)
[10:08:52] Image generation - full_cache config completed, cycles: 9750508320.0
[10:08:52] Image generation - without_text config started (kv_len: 1607)
[10:08:52] Image generation - without_text config completed, cycles: 9737330848.0
[10:08:52] =========== Image Generation Completed, total cycles: 974392086400.0, total seconds: 1948.7841728 ===========
[10:08:52] ==================================================
[10:08:52] FINAL RESULT - Total Cycles: 1168590632126.5, total seconds: 2337.181264253
[10:08:52] Simulation Duration: 68.10 seconds
[10:08:52] CYCLE BREAKDOWN (per-operator cycles / % of end-to-end):
  [text] subtotal: 194,198,545,726  ( 16.6%)
      OPBREAKDOWN text/attn 2063273502 0.177
      OPBREAKDOWN text/ffn_down 54804082144 4.690
      OPBREAKDOWN text/ffn_up 112916756288 9.663
      OPBREAKDOWN text/omap 10681314784 0.914
      OPBREAKDOWN text/qkv 13733119008 1.175
  [img] subtotal: 974,392,086,400  ( 83.4%)
      OPBREAKDOWN img/attn 57115027200 4.888
      OPBREAKDOWN img/drain 25600 0.000
      OPBREAKDOWN img/ffn_down 265918822400 22.756
      OPBREAKDOWN img/ffn_up 531837644800 45.511
      OPBREAKDOWN img/omap 50308966400 4.305
      OPBREAKDOWN img/prefetch 102400 0.000
      OPBREAKDOWN img/qkv 69211497600 5.923
  breakdown sum: 1,168,590,632,126  (total_cycles=1,168,590,632,126)
[10:08:52] ENERGY BREAKDOWN:
  Compute (MAC):  1418699.860 mJ  ( 75.2%)
  SRAM total:      47892.281 mJ  (  2.5%)
    ifmap:         15836.745 mJ
    filter:        31673.490 mJ
    ofmap:           382.047 mJ
  DRAM total:     418828.296 mJ  ( 22.2%)  [type=HBM2]
    ifmap:         21614.289 mJ
    filter:       139656.155 mJ
    ofmap:         23839.726 mJ
    idle:         233718.126 mJ
  ----
  Total Energy: 1885420.438 mJ
  Avg Power:         0.807 W   (cycles 1,168,590,632,126)
  EDP:          4406569323.770 mJ·s
  Total MAC ops: 945,799,906,938,880   [fp16=945,799,906,938,880]
[10:08:52] ======= Bagel Model Simulation Completed =======
