[09:31:03] ======= Bagel Model Simulation Started =======
[09:31:03] Configuration: text_len=229, image_steps=50, layers=28
[09:31:03] =========== Text Generation Started (total steps: 229) ===========
[09:31:03] Text generation - Start qkv mapping
[09:31:06] Text generation - End qkv mapping, total cycles:705312.0
[09:31:06] Text generation - Start output mapping
[09:31:10] Text generation - End output mapping, total cycles:548576.0
[09:31:10] Text generation - Start FFN up
[09:31:15] Text generation - End FFN up, total cycles:10336912.0
[09:31:15] Text generation - Start FFN down
[09:31:39] Text generation - End FFN down, total cycles:4418904.0
[09:31:39] Text generation - Step 0 to Step 19 started (kv_len in averagr: 58)
[09:31:39] Text generation - Step 20 to Step 39 started (kv_len in averagr: 98)
[09:31:40] Text generation - Step 40 to Step 59 started (kv_len in averagr: 138)
[09:31:40] Text generation - Step 60 to Step 79 started (kv_len in averagr: 178)
[09:31:41] Text generation - Step 80 to Step 99 started (kv_len in averagr: 218)
[09:31:41] Text generation - Step 100 to Step 119 started (kv_len in averagr: 258)
[09:31:42] Text generation - Step 120 to Step 139 started (kv_len in averagr: 298)
[09:31:43] Text generation - Step 140 to Step 159 started (kv_len in averagr: 338)
[09:31:44] Text generation - Step 160 to Step 179 started (kv_len in averagr: 378)
[09:31:45] Text generation - Step 180 to Step 199 started (kv_len in averagr: 418)
[09:31:46] Text generation - Step 200 to Step 219 started (kv_len in averagr: 458)
[09:31:47] Text generation - Step 220 to Step 228 started (kv_len in averagr: 493)
[09:31:48] =========== Text Generation Completed, total cycles: 104717495550.5, total seconds: 209.434991101 ===========
[09:31:48] =========== Image Generation Started (total steps: 50) ===========
[09:31:48] Image generation - Start prefetching
[09:31:48] Image generation - End prefetching, total cycles:2048.0
[09:31:48] Image generation - Start qkv mapping
[09:31:55] Text generation - End qkv mapping, total cycles:12092976.0
[09:31:55] Image generation - Start output mapping
[09:31:55] Image generation - End output mapping, total cycles:9062592
[09:31:55] Image generation - Start FFN down
[09:31:55] Image generation - End FFN down, total cycles:47902272
[09:31:55] Image generation - Start draining
[09:31:55] Image generation - End draining, total cycles:512.0
[09:31:55] Image generation - full_cache config started (kv_len: 827)
[09:31:55] Image generation - full_cache config completed, cycles: 4909224768.0
[09:31:55] Image generation - without_text config started (kv_len: 803)
[09:31:55] Image generation - without_text config completed, cycles: 3869482176.0
[09:31:55] =========== Image Generation Completed, total cycles: 438935475200.0, total seconds: 877.8709504 ===========
[09:31:55] ==================================================
[09:31:55] FINAL RESULT - Total Cycles: 543652970750.5, total seconds: 1087.305941501
[09:31:55] Simulation Duration: 52.04 seconds
[09:31:55] CYCLE BREAKDOWN (per-operator cycles / % of end-to-end):
  [text] subtotal: 104,717,495,550  ( 19.3%)
      OPBREAKDOWN text/attn 2063273502 0.380
      OPBREAKDOWN text/ffn_down 28334012448 5.212
      OPBREAKDOWN text/ffn_up 66280279744 12.192
      OPBREAKDOWN text/omap 3517469312 0.647
      OPBREAKDOWN text/qkv 4522460544 0.832
  [img] subtotal: 438,935,475,200  ( 80.7%)
      OPBREAKDOWN img/attn 29142220800 5.360
      OPBREAKDOWN img/drain 25600 0.000
      OPBREAKDOWN img/ffn_down 134126361600 24.671
      OPBREAKDOWN img/ffn_up 216431174400 39.811
      OPBREAKDOWN img/omap 25375257600 4.668
      OPBREAKDOWN img/prefetch 102400 0.000
      OPBREAKDOWN img/qkv 33860332800 6.228
  breakdown sum: 543,652,970,750  (total_cycles=543,652,970,750)
[09:31:55] ENERGY BREAKDOWN:
  Compute (MAC):  774817.267 mJ  ( 77.9%)
  SRAM total:      21932.184 mJ  (  2.2%)
    ifmap:         13857.001 mJ
    filter:         7810.202 mJ
    ofmap:           264.982 mJ
  DRAM total:     197410.505 mJ  ( 19.9%)  [type=HBM2]
    ifmap:         15772.032 mJ
    filter:        56373.025 mJ
    ofmap:         16534.854 mJ
    idle:         108730.594 mJ
  ----
  Total Energy: 994159.956 mJ
  Avg Power:         0.914 W   (cycles 543,652,970,750)
  EDP:          1080956026.597 mJ·s
  Total MAC ops: 819,623,564,103,680   [fp16=365,005,484,806,144 w4a16=454,618,079,297,536]
[09:31:55] ======= Bagel Model Simulation Completed =======
