[09:42:43] ======= Bagel Model Simulation Started =======
[09:42:43] Configuration: text_len=229, image_steps=50, layers=28, batch_size=1
[09:42:43] =========== Text Generation Started (total steps: 229) ===========
[09:42:43] Text generation - Start qkv mapping
[09:42:48] Text generation - End qkv mapping, total cycles:2106288.0
[09:42:48] Text generation - Start output mapping
[09:42:53] Text generation - End output mapping, total cycles:1638224.0
[09:42:53] Text generation - Start FFN up
[09:42:57] Text generation - End FFN up, total cycles:17318368.0
[09:42:57] Text generation - Start FFN down
[09:43:22] Text generation - End FFN down, total cycles:8520344.0
[09:43:22] Text generation - Step 0 to Step 19 started (kv_len in averagr: 3264)
[09:43:27] Text generation - Step 20 to Step 39 started (kv_len in averagr: 3304)
[09:43:32] Text generation - Step 40 to Step 59 started (kv_len in averagr: 3344)
[09:43:36] Text generation - Step 60 to Step 79 started (kv_len in averagr: 3384)
[09:43:41] Text generation - Step 80 to Step 99 started (kv_len in averagr: 3424)
[09:43:46] Text generation - Step 100 to Step 119 started (kv_len in averagr: 3464)
[09:43:51] Text generation - Step 120 to Step 139 started (kv_len in averagr: 3504)
[09:43:56] Text generation - Step 140 to Step 159 started (kv_len in averagr: 3544)
[09:44:01] Text generation - Step 160 to Step 179 started (kv_len in averagr: 3584)
[09:44:06] Text generation - Step 180 to Step 199 started (kv_len in averagr: 3624)
[09:44:11] Text generation - Step 200 to Step 219 started (kv_len in averagr: 3664)
[09:44:16] Text generation - Step 220 to Step 228 started (kv_len in averagr: 3699)
[09:44:22] =========== Text Generation Completed, total cycles: 212626123171.0, total seconds: 425.252246342 ===========
[09:44:22] =========== Image Generation Started (total steps: 50) ===========
[09:44:22] Image generation - Start prefetching
[09:44:22] Image generation - End prefetching, total cycles:4096.0
[09:44:22] Image generation - Start qkv mapping
[09:44:31] Text generation - End qkv mapping, total cycles:13493952.0
[09:44:31] Image generation - Start output mapping
[09:44:31] Image generation - End output mapping, total cycles:9062592
[09:44:31] Image generation - Start FFN down
[09:44:31] Image generation - End FFN down, total cycles:47902272
[09:44:31] Image generation - Start draining
[09:44:31] Image generation - End draining, total cycles:4096.0
[09:44:31] Image generation - full_cache config started (kv_len: 4374)
[09:44:31] Image generation - full_cache config completed, cycles: 5492040064.0
[09:44:31] Image generation - without_img config started (kv_len: 1501)
[09:44:31] Image generation - without_img config completed, cycles: 4949211008.0
[09:44:31] Image generation - without_text config started (kv_len: 4157)
[09:44:31] Image generation - without_text config completed, cycles: 5446436352.0
[09:44:31] =========== Image Generation Completed, total cycles: 794384780800.0, total seconds: 1588.7695616 ===========
[09:44:31] ==================================================
[09:44:31] FINAL RESULT - Total Cycles: 1007010903971.0, total seconds: 2014.021807942
[09:44:31] Simulation Duration: 108.07 seconds
[09:44:31] CYCLE BREAKDOWN (per-operator cycles / % of end-to-end):
  [text] subtotal: 212,626,123,171  ( 21.1%)
      OPBREAKDOWN text/attn 22938490883 2.278
      OPBREAKDOWN text/ffn_down 54632445728 5.425
      OPBREAKDOWN text/ffn_up 111045375616 11.027
      OPBREAKDOWN text/omap 10504292288 1.043
      OPBREAKDOWN text/qkv 13505518656 1.341
  [img] subtotal: 794,384,780,800  ( 78.9%)
      OPBREAKDOWN img/attn 96078259200 9.541
      OPBREAKDOWN img/drain 204800 0.000
      OPBREAKDOWN img/ffn_down 201189542400 19.979
      OPBREAKDOWN img/ffn_up 402379084800 39.958
      OPBREAKDOWN img/omap 38062886400 3.780
      OPBREAKDOWN img/prefetch 204800 0.000
      OPBREAKDOWN img/qkv 56674598400 5.628
  breakdown sum: 1,007,010,903,971  (total_cycles=1,007,010,903,971)
[09:44:31] ENERGY BREAKDOWN:
  Compute (MAC):  2233737.923 mJ  ( 80.1%)
  SRAM total:      74604.119 mJ  (  2.7%)
    ifmap:         24584.357 mJ
    filter:        49168.714 mJ
    ofmap:           851.048 mJ
  DRAM total:     479169.958 mJ  ( 17.2%)  [type=HBM2]
    ifmap:         49770.496 mJ
    filter:       174891.905 mJ
    ofmap:         53105.376 mJ
    idle:         201402.181 mJ
  ----
  Total Energy: 2787512.000 mJ
  Avg Power:         1.384 W   (cycles 1,007,010,903,971)
  EDP:          5614109958.887 mJ·s
  Total MAC ops: 1,489,158,615,576,576   [fp16=1,489,158,615,576,576]
[09:44:31] ======= Bagel Model Simulation Completed =======
