[09:33:45] ======= Bagel Model Simulation Started =======
[09:33:45] Configuration: text_len=229, image_steps=50, layers=28
[09:33:45] =========== Text Generation Started (total steps: 229) ===========
[09:33:45] Text generation - Start qkv mapping
[09:33:49] Text generation - End qkv mapping, total cycles:820368.0
[09:33:49] Text generation - Start output mapping
[09:33:54] Text generation - End output mapping, total cycles:638064.0
[09:33:54] Text generation - Start FFN up
[09:33:58] Text generation - End FFN up, total cycles:6745248.0
[09:33:58] Text generation - Start FFN down
[09:34:21] Text generation - End FFN down, total cycles:2358384.0
[09:34:21] Text generation - Step 0 to Step 19 started (kv_len in averagr: 3264)
[09:34:26] Text generation - Step 20 to Step 39 started (kv_len in averagr: 3304)
[09:34:32] Text generation - Step 40 to Step 59 started (kv_len in averagr: 3344)
[09:34:37] Text generation - Step 60 to Step 79 started (kv_len in averagr: 3384)
[09:34:43] Text generation - Step 80 to Step 99 started (kv_len in averagr: 3424)
[09:34:49] Text generation - Step 100 to Step 119 started (kv_len in averagr: 3464)
[09:34:55] Text generation - Step 120 to Step 139 started (kv_len in averagr: 3504)
[09:35:01] Text generation - Step 140 to Step 159 started (kv_len in averagr: 3544)
[09:35:07] Text generation - Step 160 to Step 179 started (kv_len in averagr: 3584)
[09:35:13] Text generation - Step 180 to Step 199 started (kv_len in averagr: 3624)
[09:35:19] Text generation - Step 200 to Step 219 started (kv_len in averagr: 3664)
[09:35:25] Text generation - Step 220 to Step 228 started (kv_len in averagr: 3699)
[09:35:32] =========== Text Generation Completed, total cycles: 92299798013.5, total seconds: 184.599596027 ===========
[09:35:32] =========== Image Generation Started (total steps: 50) ===========
[09:35:32] Image generation - Start prefetching
[09:35:32] Image generation - End prefetching, total cycles:2048.0
[09:35:32] Image generation - Start qkv mapping
[09:35:41] Text generation - End qkv mapping, total cycles:23396976.0
[09:35:41] Image generation - Start output mapping
[09:35:41] Image generation - End output mapping, total cycles:17967488
[09:35:41] Image generation - Start FFN down
[09:35:41] Image generation - End FFN down, total cycles:94971008
[09:35:41] Image generation - Start draining
[09:35:41] Image generation - End draining, total cycles:512.0
[09:35:41] Image generation - full_cache config started (kv_len: 4861)
[09:35:41] Image generation - full_cache config completed, cycles: 10811309376.0
[09:35:41] Image generation - without_img config started (kv_len: 1668)
[09:35:41] Image generation - without_img config completed, cycles: 9721856704.0
[09:35:41] Image generation - without_text config started (kv_len: 4619)
[09:35:41] Image generation - without_text config completed, cycles: 10732037568.0
[09:35:41] =========== Image Generation Completed, total cycles: 1563260310400.0, total seconds: 3126.5206208 ===========
[09:35:41] ==================================================
[09:35:41] FINAL RESULT - Total Cycles: 1655560108413.5, total seconds: 3311.120216827
[09:35:41] Simulation Duration: 116.02 seconds
[09:35:41] CYCLE BREAKDOWN (per-operator cycles / % of end-to-end):
  [text] subtotal: 92,299,798,014  (  5.6%)
      OPBREAKDOWN text/attn 24575843646 1.484
      OPBREAKDOWN text/ffn_down 15121958208 0.913
      OPBREAKDOWN text/ffn_up 43250530176 2.612
      OPBREAKDOWN text/omap 4091266368 0.247
      OPBREAKDOWN text/qkv 5260199616 0.318
  [img] subtotal: 1,563,260,310,400  ( 94.4%)
      OPBREAKDOWN img/attn 192894732800 11.651
      OPBREAKDOWN img/drain 25600 0.000
      OPBREAKDOWN img/ffn_down 398878233600 24.093
      OPBREAKDOWN img/ffn_up 797756467200 48.186
      OPBREAKDOWN img/omap 75463449600 4.558
      OPBREAKDOWN img/prefetch 102400 0.000
      OPBREAKDOWN img/qkv 98267299200 5.936
  breakdown sum: 1,655,560,108,414  (total_cycles=1,655,560,108,414)
[09:35:41] ENERGY BREAKDOWN:
  Compute (MAC):  906615.428 mJ  ( 61.6%)
  SRAM total:      66800.395 mJ  (  4.5%)
    ifmap:         49654.980 mJ
    filter:        16234.084 mJ
    ofmap:           911.331 mJ
  DRAM total:     498115.484 mJ  ( 33.9%)  [type=HBM2]
    ifmap:         53532.196 mJ
    filter:        56604.192 mJ
    ofmap:         56867.075 mJ
    idle:         331112.022 mJ
  ----
  Total Energy: 1471531.307 mJ
  Avg Power:         0.444 W   (cycles 1,655,560,108,413)
  EDP:          4872417061.655 mJ·s
  Total MAC ops: 1,504,591,227,826,176   [fp16=154,319,814,569,984 w4a16=1,350,271,413,256,192]
[09:35:41] ======= Bagel Model Simulation Completed =======
