[10:11:09] ======= Bagel Model Simulation Started =======
[10:11:09] Configuration: text_len=229, image_steps=50, layers=28, batch_size=1
[10:11:09] =========== Text Generation Started (total steps: 229) ===========
[10:11:09] Text generation - Start qkv mapping
[10:11:15] Text generation - End qkv mapping, total cycles:2141784.0
[10:11:15] Text generation - Start output mapping
[10:11:21] Text generation - End output mapping, total cycles:1665832.0
[10:11:21] Text generation - Start FFN up
[10:11:25] Text generation - End FFN up, total cycles:10336912.0
[10:11:25] Text generation - Start FFN down
[10:11:50] Text generation - End FFN down, total cycles:4418904.0
[10:11:50] Text generation - Step 0 to Step 19 started (kv_len in averagr: 58)
[10:11:50] Text generation - Step 20 to Step 39 started (kv_len in averagr: 98)
[10:11:51] Text generation - Step 40 to Step 59 started (kv_len in averagr: 138)
[10:11:51] Text generation - Step 60 to Step 79 started (kv_len in averagr: 178)
[10:11:52] Text generation - Step 80 to Step 99 started (kv_len in averagr: 218)
[10:11:53] Text generation - Step 100 to Step 119 started (kv_len in averagr: 258)
[10:11:53] Text generation - Step 120 to Step 139 started (kv_len in averagr: 298)
[10:11:54] Text generation - Step 140 to Step 159 started (kv_len in averagr: 338)
[10:11:55] Text generation - Step 160 to Step 179 started (kv_len in averagr: 378)
[10:11:56] Text generation - Step 180 to Step 199 started (kv_len in averagr: 418)
[10:11:57] Text generation - Step 200 to Step 219 started (kv_len in averagr: 458)
[10:11:58] Text generation - Step 220 to Step 228 started (kv_len in averagr: 493)
[10:11:59] =========== Text Generation Completed, total cycles: 121091999486.5, total seconds: 242.183998973 ===========
[10:11:59] =========== Image Generation Started (total steps: 50) ===========
[10:11:59] Image generation - Start prefetching
[10:11:59] Image generation - End prefetching, total cycles:2048.0
[10:11:59] Image generation - Start qkv mapping
[10:12:11] Text generation - End qkv mapping, total cycles:24718392.0
[10:12:11] Image generation - Start output mapping
[10:12:11] Image generation - End output mapping, total cycles:17967488
[10:12:11] Image generation - Start FFN down
[10:12:11] Image generation - End FFN down, total cycles:47902272
[10:12:11] Image generation - Start draining
[10:12:11] Image generation - End draining, total cycles:512.0
[10:12:11] Image generation - full_cache config started (kv_len: 1655)
[10:12:11] Image generation - full_cache config completed, cycles: 5796734496.0
[10:12:11] Image generation - without_text config started (kv_len: 1607)
[10:12:11] Image generation - without_text config completed, cycles: 5783557024.0
[10:12:11] =========== Image Generation Completed, total cycles: 579014704000.0, total seconds: 1158.029408 ===========
[10:12:11] ==================================================
[10:12:11] FINAL RESULT - Total Cycles: 700106703486.5, total seconds: 1400.213406973
[10:12:11] Simulation Duration: 61.89 seconds
[10:12:11] CYCLE BREAKDOWN (per-operator cycles / % of end-to-end):
  [text] subtotal: 121,091,999,486  ( 17.3%)
      OPBREAKDOWN text/attn 2063273502 0.295
      OPBREAKDOWN text/ffn_down 28334012448 4.047
      OPBREAKDOWN text/ffn_up 66280279744 9.467
      OPBREAKDOWN text/omap 10681314784 1.526
      OPBREAKDOWN text/qkv 13733119008 1.962
  [img] subtotal: 579,014,704,000  ( 82.7%)
      OPBREAKDOWN img/attn 57115027200 8.158
      OPBREAKDOWN img/drain 25600 0.000
      OPBREAKDOWN img/ffn_down 134126361600 19.158
      OPBREAKDOWN img/ffn_up 268252723200 38.316
      OPBREAKDOWN img/omap 50308966400 7.186
      OPBREAKDOWN img/prefetch 102400 0.000
      OPBREAKDOWN img/qkv 69211497600 9.886
  breakdown sum: 700,106,703,486  (total_cycles=700,106,703,486)
[10:12:11] ENERGY BREAKDOWN:
  Compute (MAC):  1025749.045 mJ  ( 78.2%)
  SRAM total:      28418.688 mJ  (  2.2%)
    ifmap:         15836.745 mJ
    filter:        12199.897 mJ
    ofmap:           382.047 mJ
  DRAM total:     257692.254 mJ  ( 19.6%)  [type=HBM2]
    ifmap:         21614.289 mJ
    filter:        72216.898 mJ
    ofmap:         23839.726 mJ
    idle:         140021.341 mJ
  ----
  Total Energy: 1311859.988 mJ
  Avg Power:         0.937 W   (cycles 700,106,703,486)
  EDP:          1836883942.732 mJ·s
  Total MAC ops: 945,799,906,938,880   [fp16=552,849,091,809,280 w4a16=392,950,815,129,600]
[10:12:11] ======= Bagel Model Simulation Completed =======
