[09:59:09] ======= Bagel Model Simulation Started =======
[09:59:09] Configuration: text_len=229, image_steps=50, layers=28, batch_size=1
[09:59:09] =========== Text Generation Started (total steps: 229) ===========
[09:59:09] Text generation - Start qkv mapping
[09:59:15] Text generation - End qkv mapping, total cycles:2141784.0
[09:59:15] Text generation - Start output mapping
[09:59:20] Text generation - End output mapping, total cycles:1665832.0
[09:59:20] Text generation - Start FFN up
[09:59:26] Text generation - End FFN up, total cycles:17610224.0
[09:59:26] Text generation - Start FFN down
[09:59:56] Text generation - End FFN down, total cycles:8547112.0
[09:59:56] Text generation - Step 0 to Step 19 started (kv_len in averagr: 3264)
[10:00:01] Text generation - Step 20 to Step 39 started (kv_len in averagr: 3304)
[10:00:07] Text generation - Step 40 to Step 59 started (kv_len in averagr: 3344)
[10:00:13] Text generation - Step 60 to Step 79 started (kv_len in averagr: 3384)
[10:00:18] Text generation - Step 80 to Step 99 started (kv_len in averagr: 3424)
[10:00:24] Text generation - Step 100 to Step 119 started (kv_len in averagr: 3464)
[10:00:30] Text generation - Step 120 to Step 139 started (kv_len in averagr: 3504)
[10:00:36] Text generation - Step 140 to Step 159 started (kv_len in averagr: 3544)
[10:00:42] Text generation - Step 160 to Step 179 started (kv_len in averagr: 3584)
[10:00:48] Text generation - Step 180 to Step 199 started (kv_len in averagr: 3624)
[10:00:54] Text generation - Step 200 to Step 219 started (kv_len in averagr: 3664)
[10:01:00] Text generation - Step 220 to Step 228 started (kv_len in averagr: 3699)
[10:01:07] =========== Text Generation Completed, total cycles: 216711115869.5, total seconds: 433.422231739 ===========
[10:01:07] =========== Image Generation Started (total steps: 50) ===========
[10:01:07] Image generation - Start prefetching
[10:01:07] Image generation - End prefetching, total cycles:2048.0
[10:01:07] Image generation - Start qkv mapping
[10:01:18] Text generation - End qkv mapping, total cycles:24718392.0
[10:01:18] Image generation - Start output mapping
[10:01:18] Image generation - End output mapping, total cycles:17967488
[10:01:18] Image generation - Start FFN down
[10:01:18] Image generation - End FFN down, total cycles:94971008
[10:01:18] Image generation - Start draining
[10:01:18] Image generation - End draining, total cycles:512.0
[10:01:18] Image generation - full_cache config started (kv_len: 1354)
[10:01:18] Image generation - full_cache config completed, cycles: 9649986976.0
[10:01:18] Image generation - without_img config started (kv_len: 744)
[10:01:18] Image generation - without_img config completed, cycles: 9441286176.0
[10:01:18] Image generation - without_text config started (kv_len: 1307)
[10:01:18] Image generation - without_text config completed, cycles: 9630393248.0
[10:01:18] =========== Image Generation Completed, total cycles: 1436083448000.0, total seconds: 2872.166896 ===========
[10:01:18] ==================================================
[10:01:18] FINAL RESULT - Total Cycles: 1652794563869.5, total seconds: 3305.589127739
[10:01:18] Simulation Duration: 129.49 seconds
[10:01:18] CYCLE BREAKDOWN (per-operator cycles / % of end-to-end):
  [text] subtotal: 216,711,115,870  ( 13.1%)
      OPBREAKDOWN text/attn 24575843646 1.487
      OPBREAKDOWN text/ffn_down 54804082144 3.316
      OPBREAKDOWN text/ffn_up 112916756288 6.832
      OPBREAKDOWN text/omap 10681314784 0.646
      OPBREAKDOWN text/qkv 13733119008 0.831
  [img] subtotal: 1,436,083,448,000  ( 86.9%)
      OPBREAKDOWN img/attn 60167923200 3.640
      OPBREAKDOWN img/drain 25600 0.000
      OPBREAKDOWN img/ffn_down 398878233600 24.134
      OPBREAKDOWN img/ffn_up 797756467200 48.267
      OPBREAKDOWN img/omap 75463449600 4.566
      OPBREAKDOWN img/prefetch 102400 0.000
      OPBREAKDOWN img/qkv 103817246400 6.281
  breakdown sum: 1,652,794,563,870  (total_cycles=1,652,794,563,870)
[10:01:18] ENERGY BREAKDOWN:
  Compute (MAC):  2096275.663 mJ  ( 76.9%)
  SRAM total:      69868.519 mJ  (  2.6%)
    ifmap:         23125.149 mJ
    filter:        46250.297 mJ
    ofmap:           493.073 mJ
  DRAM total:     559501.651 mJ  ( 20.5%)  [type=HBM2]
    ifmap:         27432.879 mJ
    filter:       170742.101 mJ
    ofmap:         30767.758 mJ
    idle:         330558.913 mJ
  ----
  Total Energy: 2725645.834 mJ
  Avg Power:         0.825 W   (cycles 1,652,794,563,869)
  EDP:          9009865235.535 mJ·s
  Total MAC ops: 1,397,517,108,965,376   [fp16=1,397,517,108,965,376]
[10:01:18] ======= Bagel Model Simulation Completed =======
