[09:44:32] ======= Bagel Model Simulation Started =======
[09:44:32] Configuration: text_len=229, image_steps=50, layers=28, batch_size=1
[09:44:32] =========== Text Generation Started (total steps: 229) ===========
[09:44:32] Text generation - Start qkv mapping
[09:44:36] Text generation - End qkv mapping, total cycles:2106288.0
[09:44:36] Text generation - Start output mapping
[09:44:41] Text generation - End output mapping, total cycles:1638224.0
[09:44:41] Text generation - Start FFN up
[09:44:45] Text generation - End FFN up, total cycles:17318368.0
[09:44:45] Text generation - Start FFN down
[09:45:09] Text generation - End FFN down, total cycles:8520344.0
[09:45:09] Text generation - Step 0 to Step 19 started (kv_len in averagr: 58)
[09:45:10] Text generation - Step 20 to Step 39 started (kv_len in averagr: 98)
[09:45:10] Text generation - Step 40 to Step 59 started (kv_len in averagr: 138)
[09:45:11] Text generation - Step 60 to Step 79 started (kv_len in averagr: 178)
[09:45:11] Text generation - Step 80 to Step 99 started (kv_len in averagr: 218)
[09:45:12] Text generation - Step 100 to Step 119 started (kv_len in averagr: 258)
[09:45:12] Text generation - Step 120 to Step 139 started (kv_len in averagr: 298)
[09:45:13] Text generation - Step 140 to Step 159 started (kv_len in averagr: 338)
[09:45:14] Text generation - Step 160 to Step 179 started (kv_len in averagr: 378)
[09:45:14] Text generation - Step 180 to Step 199 started (kv_len in averagr: 418)
[09:45:15] Text generation - Step 200 to Step 219 started (kv_len in averagr: 458)
[09:45:16] Text generation - Step 220 to Step 228 started (kv_len in averagr: 493)
[09:45:17] =========== Text Generation Completed, total cycles: 191525729941.0, total seconds: 383.051459882 ===========
[09:45:17] =========== Image Generation Started (total steps: 50) ===========
[09:45:17] Image generation - Start prefetching
[09:45:17] Image generation - End prefetching, total cycles:4096.0
[09:45:17] Image generation - Start qkv mapping
[09:45:26] Text generation - End qkv mapping, total cycles:13493952.0
[09:45:26] Image generation - Start output mapping
[09:45:26] Image generation - End output mapping, total cycles:9062592
[09:45:26] Image generation - Start FFN down
[09:45:26] Image generation - End FFN down, total cycles:47902272
[09:45:26] Image generation - Start draining
[09:45:26] Image generation - End draining, total cycles:4096.0
[09:45:26] Image generation - full_cache config started (kv_len: 1489)
[09:45:26] Image generation - full_cache config completed, cycles: 4948383104.0
[09:45:26] Image generation - without_text config started (kv_len: 1446)
[09:45:26] Image generation - without_text config completed, cycles: 4937758336.0
[09:45:26] =========== Image Generation Completed, total cycles: 494307481600.0, total seconds: 988.6149632 ===========
[09:45:26] ==================================================
[09:45:26] FINAL RESULT - Total Cycles: 685833211541.0, total seconds: 1371.666423082
[09:45:26] Simulation Duration: 54.91 seconds
[09:45:26] CYCLE BREAKDOWN (per-operator cycles / % of end-to-end):
  [text] subtotal: 191,525,729,941  ( 27.9%)
      OPBREAKDOWN text/attn 1838097653 0.268
      OPBREAKDOWN text/ffn_down 54632445728 7.966
      OPBREAKDOWN text/ffn_up 111045375616 16.191
      OPBREAKDOWN text/omap 10504292288 1.532
      OPBREAKDOWN text/qkv 13505518656 1.969
  [img] subtotal: 494,307,481,600  ( 72.1%)
      OPBREAKDOWN img/attn 28769664000 4.195
      OPBREAKDOWN img/drain 204800 0.000
      OPBREAKDOWN img/ffn_down 134126361600 19.557
      OPBREAKDOWN img/ffn_up 268252723200 39.113
      OPBREAKDOWN img/omap 25375257600 3.700
      OPBREAKDOWN img/prefetch 204800 0.000
      OPBREAKDOWN img/qkv 37783065600 5.509
  breakdown sum: 685,833,211,541  (total_cycles=685,833,211,541)
[09:45:26] ENERGY BREAKDOWN:
  Compute (MAC):  1411916.978 mJ  ( 79.3%)
  SRAM total:      47660.356 mJ  (  2.7%)
    ifmap:         15765.324 mJ
    filter:        31530.649 mJ
    ofmap:           364.383 mJ
  DRAM total:     319867.609 mJ  ( 18.0%)  [type=HBM2]
    ifmap:         20512.070 mJ
    filter:       139451.389 mJ
    ofmap:         22737.508 mJ
    idle:         137166.642 mJ
  ----
  Total Energy: 1779444.944 mJ
  Avg Power:         1.297 W   (cycles 685,833,211,541)
  EDP:          2440804881.458 mJ·s
  Total MAC ops: 941,277,985,607,680   [fp16=941,277,985,607,680]
[09:45:26] ======= Bagel Model Simulation Completed =======
