[10:01:19] ======= Bagel Model Simulation Started =======
[10:01:19] Configuration: text_len=229, image_steps=50, layers=28, batch_size=1
[10:01:19] =========== Text Generation Started (total steps: 229) ===========
[10:01:19] Text generation - Start qkv mapping
[10:01:24] Text generation - End qkv mapping, total cycles:2141784.0
[10:01:24] Text generation - Start output mapping
[10:01:30] Text generation - End output mapping, total cycles:1665832.0
[10:01:30] Text generation - Start FFN up
[10:01:36] Text generation - End FFN up, total cycles:17610224.0
[10:01:36] Text generation - Start FFN down
[10:02:06] Text generation - End FFN down, total cycles:8547112.0
[10:02:06] Text generation - Step 0 to Step 19 started (kv_len in averagr: 3264)
[10:02:11] Text generation - Step 20 to Step 39 started (kv_len in averagr: 3304)
[10:02:17] Text generation - Step 40 to Step 59 started (kv_len in averagr: 3344)
[10:02:23] Text generation - Step 60 to Step 79 started (kv_len in averagr: 3384)
[10:02:29] Text generation - Step 80 to Step 99 started (kv_len in averagr: 3424)
[10:02:35] Text generation - Step 100 to Step 119 started (kv_len in averagr: 3464)
[10:02:40] Text generation - Step 120 to Step 139 started (kv_len in averagr: 3504)
[10:02:46] Text generation - Step 140 to Step 159 started (kv_len in averagr: 3544)
[10:02:52] Text generation - Step 160 to Step 179 started (kv_len in averagr: 3584)
[10:02:58] Text generation - Step 180 to Step 199 started (kv_len in averagr: 3624)
[10:03:05] Text generation - Step 200 to Step 219 started (kv_len in averagr: 3664)
[10:03:11] Text generation - Step 220 to Step 228 started (kv_len in averagr: 3699)
[10:03:17] =========== Text Generation Completed, total cycles: 216711115869.5, total seconds: 433.422231739 ===========
[10:03:17] =========== Image Generation Started (total steps: 50) ===========
[10:03:17] Image generation - Start prefetching
[10:03:17] Image generation - End prefetching, total cycles:2048.0
[10:03:17] Image generation - Start qkv mapping
[10:03:29] Text generation - End qkv mapping, total cycles:24718392.0
[10:03:29] Image generation - Start output mapping
[10:03:29] Image generation - End output mapping, total cycles:17967488
[10:03:29] Image generation - Start FFN down
[10:03:29] Image generation - End FFN down, total cycles:94971008
[10:03:29] Image generation - Start draining
[10:03:29] Image generation - End draining, total cycles:512.0
[10:03:29] Image generation - full_cache config started (kv_len: 4861)
[10:03:29] Image generation - full_cache config completed, cycles: 9397842720.0
[10:03:29] Image generation - without_img config started (kv_len: 1668)
[10:03:29] Image generation - without_img config completed, cycles: 8308390048.0
[10:03:29] Image generation - without_text config started (kv_len: 4619)
[10:03:29] Image generation - without_text config completed, cycles: 7021999264.0
[10:03:29] =========== Image Generation Completed, total cycles: 1236411729600.0, total seconds: 2472.8234592 ===========
[10:03:29] ==================================================
[10:03:29] FINAL RESULT - Total Cycles: 1453122845469.5, total seconds: 2906.245690939
[10:03:29] Simulation Duration: 130.44 seconds
[10:03:29] CYCLE BREAKDOWN (per-operator cycles / % of end-to-end):
  [text] subtotal: 216,711,115,870  ( 14.9%)
      OPBREAKDOWN text/attn 24575843646 1.691
      OPBREAKDOWN text/ffn_down 54804082144 3.771
      OPBREAKDOWN text/ffn_up 112916756288 7.771
      OPBREAKDOWN text/omap 10681314784 0.735
      OPBREAKDOWN text/qkv 13733119008 0.945
  [img] subtotal: 1,236,411,729,600  ( 85.1%)
      OPBREAKDOWN img/attn 192894732800 13.274
      OPBREAKDOWN img/drain 25600 0.000
      OPBREAKDOWN img/ffn_down 398878233600 27.450
      OPBREAKDOWN img/ffn_up 465357939200 32.025
      OPBREAKDOWN img/omap 75463449600 5.193
      OPBREAKDOWN img/prefetch 102400 0.000
      OPBREAKDOWN img/qkv 103817246400 7.144
  breakdown sum: 1,453,122,845,470  (total_cycles=1,453,122,845,470)
[10:03:29] ENERGY BREAKDOWN:
  Compute (MAC):  1757571.256 mJ  ( 73.7%)
  SRAM total:      59068.465 mJ  (  2.5%)
    ifmap:         19416.671 mJ
    filter:        38833.341 mJ
    ofmap:           818.453 mJ
  DRAM total:     569722.483 mJ  ( 23.9%)  [type=HBM2]
    ifmap:         52435.726 mJ
    filter:       175590.741 mJ
    ofmap:         51071.447 mJ
    idle:         290624.569 mJ
  ----
  Total Energy: 2386362.203 mJ
  Avg Power:         0.821 W   (cycles 1,453,122,845,469)
  EDP:          6935354870.466 mJ·s
  Total MAC ops: 1,171,714,170,597,376   [fp16=1,171,714,170,597,376]
[10:03:29] ======= Bagel Model Simulation Completed =======
