[09:38:22] ======= Bagel Model Simulation Started =======
[09:38:22] Configuration: text_len=229, image_steps=50, layers=28, batch_size=1
[09:38:22] =========== Text Generation Started (total steps: 229) ===========
[09:38:22] Text generation - Start qkv mapping
[09:38:27] Text generation - End qkv mapping, total cycles:2106288.0
[09:38:27] Text generation - Start output mapping
[09:38:32] Text generation - End output mapping, total cycles:1638224.0
[09:38:32] Text generation - Start FFN up
[09:38:37] Text generation - End FFN up, total cycles:17318368.0
[09:38:37] Text generation - Start FFN down
[09:39:00] Text generation - End FFN down, total cycles:8520344.0
[09:39:00] Text generation - Step 0 to Step 19 started (kv_len in averagr: 3264)
[09:39:05] Text generation - Step 20 to Step 39 started (kv_len in averagr: 3304)
[09:39:10] Text generation - Step 40 to Step 59 started (kv_len in averagr: 3344)
[09:39:14] Text generation - Step 60 to Step 79 started (kv_len in averagr: 3384)
[09:39:19] Text generation - Step 80 to Step 99 started (kv_len in averagr: 3424)
[09:39:24] Text generation - Step 100 to Step 119 started (kv_len in averagr: 3464)
[09:39:28] Text generation - Step 120 to Step 139 started (kv_len in averagr: 3504)
[09:39:33] Text generation - Step 140 to Step 159 started (kv_len in averagr: 3544)
[09:39:38] Text generation - Step 160 to Step 179 started (kv_len in averagr: 3584)
[09:39:43] Text generation - Step 180 to Step 199 started (kv_len in averagr: 3624)
[09:39:48] Text generation - Step 200 to Step 219 started (kv_len in averagr: 3664)
[09:39:53] Text generation - Step 220 to Step 228 started (kv_len in averagr: 3699)
[09:39:58] =========== Text Generation Completed, total cycles: 212626123171.0, total seconds: 425.252246342 ===========
[09:39:58] =========== Image Generation Started (total steps: 50) ===========
[09:39:58] Image generation - Start prefetching
[09:39:58] Image generation - End prefetching, total cycles:4096.0
[09:39:58] Image generation - Start qkv mapping
[09:40:08] Text generation - End qkv mapping, total cycles:13493952.0
[09:40:08] Image generation - Start output mapping
[09:40:08] Image generation - End output mapping, total cycles:9062592
[09:40:08] Image generation - Start FFN down
[09:40:08] Image generation - End FFN down, total cycles:47902272
[09:40:08] Image generation - Start draining
[09:40:08] Image generation - End draining, total cycles:4096.0
[09:40:08] Image generation - full_cache config started (kv_len: 4861)
[09:40:08] Image generation - full_cache config completed, cycles: 5335379840.0
[09:40:08] Image generation - without_img config started (kv_len: 1668)
[09:40:08] Image generation - without_img config completed, cycles: 4739840896.0
[09:40:08] Image generation - without_text config started (kv_len: 4619)
[09:40:08] Image generation - without_text config completed, cycles: 5173776384.0
[09:40:08] =========== Image Generation Completed, total cycles: 762450265600.0, total seconds: 1524.9005312 ===========
[09:40:08] ==================================================
[09:40:08] FINAL RESULT - Total Cycles: 975076388771.0, total seconds: 1950.152777542
[09:40:08] Simulation Duration: 105.23 seconds
[09:40:08] CYCLE BREAKDOWN (per-operator cycles / % of end-to-end):
  [text] subtotal: 212,626,123,171  ( 21.8%)
      OPBREAKDOWN text/attn 22938490883 2.352
      OPBREAKDOWN text/ffn_down 54632445728 5.603
      OPBREAKDOWN text/ffn_up 111045375616 11.388
      OPBREAKDOWN text/omap 10504292288 1.077
      OPBREAKDOWN text/qkv 13505518656 1.385
  [img] subtotal: 762,450,265,600  ( 78.2%)
      OPBREAKDOWN img/attn 106820313600 10.955
      OPBREAKDOWN img/drain 204800 0.000
      OPBREAKDOWN img/ffn_down 201189542400 20.633
      OPBREAKDOWN img/ffn_up 359702515200 36.890
      OPBREAKDOWN img/omap 38062886400 3.904
      OPBREAKDOWN img/prefetch 204800 0.000
      OPBREAKDOWN img/qkv 56674598400 5.812
  breakdown sum: 975,076,388,771  (total_cycles=975,076,388,771)
[09:40:08] ENERGY BREAKDOWN:
  Compute (MAC):  2130846.014 mJ  ( 79.5%)
  SRAM total:      71399.789 mJ  (  2.7%)
    ifmap:         23503.968 mJ
    filter:        47007.935 mJ
    ofmap:           887.886 mJ
  DRAM total:     479265.536 mJ  ( 17.9%)  [type=HBM2]
    ifmap:         53255.417 mJ
    filter:       175590.741 mJ
    ofmap:         55404.101 mJ
    idle:         195015.278 mJ
  ----
  Total Energy: 2681511.339 mJ
  Avg Power:         1.375 W   (cycles 975,076,388,771)
  EDP:          5229356785.742 mJ·s
  Total MAC ops: 1,420,564,009,496,576   [fp16=1,420,564,009,496,576]
[09:40:08] ======= Bagel Model Simulation Completed =======
