[10:08:53] ======= Bagel Model Simulation Started =======
[10:08:53] Configuration: text_len=229, image_steps=50, layers=28, batch_size=1
[10:08:53] =========== Text Generation Started (total steps: 229) ===========
[10:08:53] Text generation - Start qkv mapping
[10:08:58] Text generation - End qkv mapping, total cycles:2141784.0
[10:08:58] Text generation - Start output mapping
[10:09:04] Text generation - End output mapping, total cycles:1665832.0
[10:09:04] Text generation - Start FFN up
[10:09:10] Text generation - End FFN up, total cycles:17610224.0
[10:09:10] Text generation - Start FFN down
[10:09:39] Text generation - End FFN down, total cycles:8547112.0
[10:09:39] Text generation - Step 0 to Step 19 started (kv_len in averagr: 58)
[10:09:39] Text generation - Step 20 to Step 39 started (kv_len in averagr: 98)
[10:09:40] Text generation - Step 40 to Step 59 started (kv_len in averagr: 138)
[10:09:40] Text generation - Step 60 to Step 79 started (kv_len in averagr: 178)
[10:09:41] Text generation - Step 80 to Step 99 started (kv_len in averagr: 218)
[10:09:41] Text generation - Step 100 to Step 119 started (kv_len in averagr: 258)
[10:09:42] Text generation - Step 120 to Step 139 started (kv_len in averagr: 298)
[10:09:43] Text generation - Step 140 to Step 159 started (kv_len in averagr: 338)
[10:09:44] Text generation - Step 160 to Step 179 started (kv_len in averagr: 378)
[10:09:45] Text generation - Step 180 to Step 199 started (kv_len in averagr: 418)
[10:09:46] Text generation - Step 200 to Step 219 started (kv_len in averagr: 458)
[10:09:47] Text generation - Step 220 to Step 228 started (kv_len in averagr: 493)
[10:09:48] =========== Text Generation Completed, total cycles: 194198545726.5, total seconds: 388.397091453 ===========
[10:09:48] =========== Image Generation Started (total steps: 50) ===========
[10:09:48] Image generation - Start prefetching
[10:09:48] Image generation - End prefetching, total cycles:2048.0
[10:09:48] Image generation - Start qkv mapping
[10:10:00] Text generation - End qkv mapping, total cycles:24718392.0
[10:10:00] Image generation - Start output mapping
[10:10:00] Image generation - End output mapping, total cycles:17967488
[10:10:00] Image generation - Start FFN down
[10:10:00] Image generation - End FFN down, total cycles:94971008
[10:10:00] Image generation - Start draining
[10:10:00] Image generation - End draining, total cycles:512.0
[10:10:00] Image generation - full_cache config started (kv_len: 827)
[10:10:00] Image generation - full_cache config completed, cycles: 9465847328.0
[10:10:00] Image generation - without_text config started (kv_len: 803)
[10:10:00] Image generation - without_text config completed, cycles: 9462535712.0
[10:10:00] =========== Image Generation Completed, total cycles: 946419280000.0, total seconds: 1892.83856 ===========
[10:10:00] ==================================================
[10:10:00] FINAL RESULT - Total Cycles: 1140617825726.5, total seconds: 2281.235651453
[10:10:00] Simulation Duration: 67.06 seconds
[10:10:00] CYCLE BREAKDOWN (per-operator cycles / % of end-to-end):
  [text] subtotal: 194,198,545,726  ( 17.0%)
      OPBREAKDOWN text/attn 2063273502 0.181
      OPBREAKDOWN text/ffn_down 54804082144 4.805
      OPBREAKDOWN text/ffn_up 112916756288 9.900
      OPBREAKDOWN text/omap 10681314784 0.936
      OPBREAKDOWN text/qkv 13733119008 1.204
  [img] subtotal: 946,419,280,000  ( 83.0%)
      OPBREAKDOWN img/attn 29142220800 2.555
      OPBREAKDOWN img/drain 25600 0.000
      OPBREAKDOWN img/ffn_down 265918822400 23.314
      OPBREAKDOWN img/ffn_up 531837644800 46.627
      OPBREAKDOWN img/omap 50308966400 4.411
      OPBREAKDOWN img/prefetch 102400 0.000
      OPBREAKDOWN img/qkv 69211497600 6.068
  breakdown sum: 1,140,617,825,726  (total_cycles=1,140,617,825,726)
[10:10:00] ENERGY BREAKDOWN:
  Compute (MAC):  1384847.679 mJ  ( 75.6%)
  SRAM total:      46712.616 mJ  (  2.5%)
    ifmap:         15472.909 mJ
    filter:        30945.817 mJ
    ofmap:           293.890 mJ
  DRAM total:     401209.823 mJ  ( 21.9%)  [type=HBM2]
    ifmap:         16113.309 mJ
    filter:       138634.202 mJ
    ofmap:         18338.747 mJ
    idle:         228123.565 mJ
  ----
  Total Energy: 1832770.118 mJ
  Avg Power:         0.803 W   (cycles 1,140,617,825,726)
  EDP:          4180980534.787 mJ·s
  Total MAC ops: 923,231,785,799,680   [fp16=923,231,785,799,680]
[10:10:00] ======= Bagel Model Simulation Completed =======
