[10:25:08] ======= Bagel Model Simulation Started =======
[10:25:08] Configuration: text_len=229, image_steps=30, layers=24
[10:25:08] =========== Text Generation Started (total steps: 229) ===========
[10:25:08] Text generation - Start qkv mapping
[10:25:12] Text generation - End qkv mapping, total cycles:3249312.0
[10:25:12] Text generation - Start output mapping
[10:25:17] Text generation - End output mapping, total cycles:1083104.0
[10:25:17] Text generation - Start FFN up
[10:25:21] Text generation - End FFN up, total cycles:5957072.0
[10:25:21] Text generation - Start FFN down
[10:25:30] Text generation - End FFN down, total cycles:1476192.0
[10:25:30] Text generation - Step 0 to Step 19 started (kv_len in averagr: 58)
[10:25:31] Text generation - Step 20 to Step 39 started (kv_len in averagr: 98)
[10:25:31] Text generation - Step 40 to Step 59 started (kv_len in averagr: 138)
[10:25:32] Text generation - Step 60 to Step 79 started (kv_len in averagr: 178)
[10:25:32] Text generation - Step 80 to Step 99 started (kv_len in averagr: 218)
[10:25:33] Text generation - Step 100 to Step 119 started (kv_len in averagr: 258)
[10:25:34] Text generation - Step 120 to Step 139 started (kv_len in averagr: 298)
[10:25:35] Text generation - Step 140 to Step 159 started (kv_len in averagr: 338)
[10:25:35] Text generation - Step 160 to Step 179 started (kv_len in averagr: 378)
[10:25:36] Text generation - Step 180 to Step 199 started (kv_len in averagr: 418)
[10:25:37] Text generation - Step 200 to Step 219 started (kv_len in averagr: 458)
[10:25:39] Text generation - Step 220 to Step 228 started (kv_len in averagr: 493)
[10:25:40] =========== Text Generation Completed, total cycles: 65674760220.0, total seconds: 131.34952044 ===========
[10:25:40] =========== Image Generation Started (total steps: 30) ===========
[10:25:40] Image generation - Start prefetching
[10:25:40] Image generation - End prefetching, total cycles:2048.0
[10:25:40] Image generation - Start draining
[10:25:40] Image generation - End draining, total cycles:512.0
[10:25:40] Image generation - full_cache config started (kv_len: 827)
[10:25:40] Image generation - Start qkv mapping
[10:25:40] Text generation - End qkv mapping, total cycles:17420160
[10:25:40] Image generation - Start attn
[10:25:40] Image generation - End attn, total cycles:7068672
[10:25:40] Image generation - Start output mapping
[10:25:40] Image generation - End output mapping, total cycles:7022080
[10:25:40] Image generation - Start FFN up
[10:25:40] Image generation - End FFN up, total cycles:38621440
[10:25:40] Image generation - Start FFN down
[10:25:40] Image generation - End FFN down, total cycles:19310720
[10:25:40] Image generation - full_cache config completed, cycles: 2146633728
[10:25:40] Image generation - without_text config started (kv_len: 803)
[10:25:40] Image generation - Start qkv mapping
[10:25:40] Text generation - End qkv mapping, total cycles:17420160
[10:25:40] Image generation - Start attn
[10:25:40] Image generation - End attn, total cycles:5913600
[10:25:40] Image generation - Start output mapping
[10:25:40] Image generation - End output mapping, total cycles:5941760
[10:25:40] Image generation - Start FFN up
[10:25:40] Image generation - End FFN up, total cycles:28223360
[10:25:40] Image generation - Start FFN down
[10:25:40] Image generation - End FFN down, total cycles:16339840
[10:25:40] Image generation - without_text config completed, cycles: 1772129280
[10:25:40] =========== Image Generation Completed, total cycles: 117562967040.0, total seconds: 235.12593408 ===========
[10:25:40] ==================================================
[10:25:40] FINAL RESULT - Total Cycles: 183237727260.0, total seconds: 366.47545452
[10:25:40] Simulation Duration: 31.78 seconds
[10:25:40] CYCLE BREAKDOWN (per-operator cycles / % of end-to-end):
  [text] subtotal: 65,674,760,220  ( 35.8%)
      OPBREAKDOWN text/attn 1010582940 0.552
      OPBREAKDOWN text/ffn_down 8113151232 4.428
      OPBREAKDOWN text/ffn_up 32740067712 17.868
      OPBREAKDOWN text/omap 5952739584 3.249
      OPBREAKDOWN text/qkv 17858218752 9.746
  [img] subtotal: 117,562,967,040  ( 64.2%)
      OPBREAKDOWN img/attn 9347235840 5.101
      OPBREAKDOWN img/drain 15360 0.000
      OPBREAKDOWN img/ffn_down 25668403200 14.008
      OPBREAKDOWN img/ffn_up 48128256000 26.265
      OPBREAKDOWN img/omap 9333964800 5.094
      OPBREAKDOWN img/prefetch 61440 0.000
      OPBREAKDOWN img/qkv 25085030400 13.690
  breakdown sum: 183,237,727,260  (total_cycles=183,237,727,260)
[10:25:40] ENERGY BREAKDOWN:
  Compute (MAC):  175325.317 mJ  ( 70.0%)
  SRAM total:       6039.376 mJ  (  2.4%)
    ifmap:          1986.899 mJ
    filter:         3973.797 mJ
    ofmap:            78.680 mJ
  DRAM total:      68945.212 mJ  ( 27.5%)  [type=HBM2]
    ifmap:          4474.983 mJ
    filter:        22913.043 mJ
    ofmap:          4909.639 mJ
    idle:          36647.545 mJ
  ----
  Total Energy: 250309.905 mJ
  Avg Power:         0.683 W   (cycles 183,237,727,260)
  EDP:          91732436.248 mJ·s
  Total MAC ops: 116,883,544,768,512   [fp16=116,883,544,768,512]
[10:25:40] ======= Bagel Model Simulation Completed =======
