[09:52:54] ======= Bagel Model Simulation Started =======
[09:52:54] Configuration: text_len=229, image_steps=30, layers=24
[09:52:54] =========== Text Generation Started (total steps: 229) ===========
[09:52:54] Text generation - Start qkv mapping
[09:52:55] Text generation - End qkv mapping, total cycles:1191936.0
[09:52:55] Text generation - Start output mapping
[09:52:56] Text generation - End output mapping, total cycles:397312.0
[09:52:56] Text generation - Start FFN up
[09:52:58] Text generation - End FFN up, total cycles:2185216.0
[09:52:58] Text generation - Start FFN down
[09:53:02] Text generation - End FFN down, total cycles:626688.0
[09:53:02] Text generation - Step 0 to Step 19 started (kv_len in averagr: 1436)
[09:53:04] Text generation - Step 20 to Step 39 started (kv_len in averagr: 1476)
[09:53:05] Text generation - Step 40 to Step 59 started (kv_len in averagr: 1516)
[09:53:07] Text generation - Step 60 to Step 79 started (kv_len in averagr: 1556)
[09:53:09] Text generation - Step 80 to Step 99 started (kv_len in averagr: 1596)
[09:53:11] Text generation - Step 100 to Step 119 started (kv_len in averagr: 1636)
[09:53:13] Text generation - Step 120 to Step 139 started (kv_len in averagr: 1676)
[09:53:15] Text generation - Step 140 to Step 159 started (kv_len in averagr: 1716)
[09:53:17] Text generation - Step 160 to Step 179 started (kv_len in averagr: 1756)
[09:53:19] Text generation - Step 180 to Step 199 started (kv_len in averagr: 1796)
[09:53:21] Text generation - Step 200 to Step 219 started (kv_len in averagr: 1836)
[09:53:23] Text generation - Step 220 to Step 228 started (kv_len in averagr: 1871)
[09:53:25] =========== Text Generation Completed, total cycles: 30488126208.0, total seconds: 60.976252416 ===========
[09:53:25] ==================================================
[09:53:25] FINAL RESULT - Total Cycles: 30488126208.0, total seconds: 60.976252416
[09:53:25] Simulation Duration: 31.28 seconds
[09:53:25] CYCLE BREAKDOWN (per-operator cycles / % of end-to-end):
  [text] subtotal: 30,488,126,208  (100.0%)
      OPBREAKDOWN text/attn 6299394816 20.662
      OPBREAKDOWN text/ffn_down 3444277248 11.297
      OPBREAKDOWN text/ffn_up 12009947136 39.392
      OPBREAKDOWN text/omap 2183626752 7.162
      OPBREAKDOWN text/qkv 6550880256 21.487
  breakdown sum: 30,488,126,208  (total_cycles=30,488,126,208)
[09:53:25] ENERGY BREAKDOWN:
  Compute (MAC):     196.748 mJ  (  1.5%)
  SRAM total:        427.699 mJ  (  3.2%)
    ifmap:           319.607 mJ
    filter:          107.818 mJ
    ofmap:             0.274 mJ
  DRAM total:      12845.522 mJ  ( 95.4%)  [type=HBM2]
    ifmap:            14.471 mJ
    filter:         6716.321 mJ
    ofmap:            17.105 mJ
    idle:           6097.625 mJ
  ----
  Total Energy:  13469.969 mJ
  Avg Power:         0.221 W   (cycles 30,488,126,208)
  EDP:          821348.240 mJ·s
  Total MAC ops: 319,422,627,840   [fp16=37,036,916,736 w4a16=282,385,711,104]
[09:53:25] ======= Bagel Model Simulation Completed =======
