[09:51:22] ======= Bagel Model Simulation Started =======
[09:51:22] Configuration: text_len=229, image_steps=30, layers=24
[09:51:22] =========== Text Generation Started (total steps: 229) ===========
[09:51:22] Text generation - Start qkv mapping
[09:51:24] Text generation - End qkv mapping, total cycles:599424.0
[09:51:24] Text generation - Start output mapping
[09:51:26] Text generation - End output mapping, total cycles:199808.0
[09:51:26] Text generation - Start FFN up
[09:51:29] Text generation - End FFN up, total cycles:3253360.0
[09:51:29] Text generation - Start FFN down
[09:51:37] Text generation - End FFN down, total cycles:820928.0
[09:51:37] Text generation - Step 0 to Step 19 started (kv_len in averagr: 58)
[09:51:37] Text generation - Step 20 to Step 39 started (kv_len in averagr: 98)
[09:51:38] Text generation - Step 40 to Step 59 started (kv_len in averagr: 138)
[09:51:38] Text generation - Step 60 to Step 79 started (kv_len in averagr: 178)
[09:51:39] Text generation - Step 80 to Step 99 started (kv_len in averagr: 218)
[09:51:39] Text generation - Step 100 to Step 119 started (kv_len in averagr: 258)
[09:51:40] Text generation - Step 120 to Step 139 started (kv_len in averagr: 298)
[09:51:41] Text generation - Step 140 to Step 159 started (kv_len in averagr: 338)
[09:51:42] Text generation - Step 160 to Step 179 started (kv_len in averagr: 378)
[09:51:43] Text generation - Step 180 to Step 199 started (kv_len in averagr: 418)
[09:51:44] Text generation - Step 200 to Step 219 started (kv_len in averagr: 458)
[09:51:45] Text generation - Step 220 to Step 228 started (kv_len in averagr: 493)
[09:51:46] =========== Text Generation Completed, total cycles: 27795448860.0, total seconds: 55.59089772 ===========
[09:51:46] =========== Image Generation Started (total steps: 30) ===========
[09:51:46] Image generation - Start prefetching
[09:51:46] Image generation - End prefetching, total cycles:2048.0
[09:51:46] Image generation - Start draining
[09:51:46] Image generation - End draining, total cycles:512.0
[09:51:46] Image generation - full_cache config started (kv_len: 827)
[09:51:46] Image generation - Start qkv mapping
[09:51:46] Text generation - End qkv mapping, total cycles:8842176
[09:51:46] Image generation - Start attn
[09:51:46] Image generation - End attn, total cycles:7068672
[09:51:46] Image generation - Start output mapping
[09:51:46] Image generation - End output mapping, total cycles:3564288
[09:51:46] Image generation - Start FFN up
[09:51:46] Image generation - End FFN up, total cycles:19603584
[09:51:46] Image generation - Start FFN down
[09:51:46] Image generation - End FFN down, total cycles:9801792
[09:51:46] Image generation - full_cache config completed, cycles: 1173132288
[09:51:46] Image generation - without_text config started (kv_len: 803)
[09:51:46] Image generation - Start qkv mapping
[09:51:46] Text generation - End qkv mapping, total cycles:8842176
[09:51:46] Image generation - Start attn
[09:51:46] Image generation - End attn, total cycles:5913600
[09:51:46] Image generation - Start output mapping
[09:51:46] Image generation - End output mapping, total cycles:3015936
[09:51:46] Image generation - Start FFN up
[09:51:46] Image generation - End FFN up, total cycles:14325696
[09:51:46] Image generation - Start FFN down
[09:51:46] Image generation - End FFN down, total cycles:8293824
[09:51:46] Image generation - without_text config completed, cycles: 969389568
[09:51:46] =========== Image Generation Completed, total cycles: 64275732480.0, total seconds: 128.55146496 ===========
[09:51:46] ==================================================
[09:51:46] FINAL RESULT - Total Cycles: 92071181340.0, total seconds: 184.14236268
[09:51:46] Simulation Duration: 24.08 seconds
[09:51:46] CYCLE BREAKDOWN (per-operator cycles / % of end-to-end):
  [text] subtotal: 27,795,448,860  ( 30.2%)
      OPBREAKDOWN text/attn 1010582940 1.098
      OPBREAKDOWN text/ffn_down 4511820288 4.900
      OPBREAKDOWN text/ffn_up 17880466560 19.420
      OPBREAKDOWN text/omap 1098144768 1.193
      OPBREAKDOWN text/qkv 3294434304 3.578
  [img] subtotal: 64,275,732,480  ( 69.8%)
      OPBREAKDOWN img/attn 9347235840 10.152
      OPBREAKDOWN img/drain 15360 0.000
      OPBREAKDOWN img/ffn_down 13028843520 14.151
      OPBREAKDOWN img/ffn_up 24429081600 26.533
      OPBREAKDOWN img/omap 4737761280 5.146
      OPBREAKDOWN img/prefetch 61440 0.000
      OPBREAKDOWN img/qkv 12732733440 13.829
  breakdown sum: 92,071,181,340  (total_cycles=92,071,181,340)
[09:51:46] ENERGY BREAKDOWN:
  Compute (MAC):  102266.690 mJ  ( 71.7%)
  SRAM total:       3286.323 mJ  (  2.3%)
    ifmap:          1986.899 mJ
    filter:         1220.744 mJ
    ofmap:            78.680 mJ
  DRAM total:      37000.414 mJ  ( 26.0%)  [type=HBM2]
    ifmap:          4474.983 mJ
    filter:         9201.555 mJ
    ofmap:          4909.639 mJ
    idle:          18414.236 mJ
  ----
  Total Energy: 142553.428 mJ
  Avg Power:         0.774 W   (cycles 92,071,181,340)
  EDP:          26250124.959 mJ·s
  Total MAC ops: 116,883,544,768,512   [fp16=43,824,917,938,176 w4a16=73,058,626,830,336]
[09:51:46] ======= Bagel Model Simulation Completed =======
