[09:54:37] ======= Bagel Model Simulation Started =======
[09:54:37] Configuration: text_len=229, image_steps=30, layers=24
[09:54:37] =========== Text Generation Started (total steps: 229) ===========
[09:54:37] Text generation - Start qkv mapping
[09:54:39] Text generation - End qkv mapping, total cycles:1628544.0
[09:54:39] Text generation - Start output mapping
[09:54:42] Text generation - End output mapping, total cycles:542848.0
[09:54:42] Text generation - Start FFN up
[09:54:45] Text generation - End FFN up, total cycles:2985664.0
[09:54:45] Text generation - Start FFN down
[09:54:52] Text generation - End FFN down, total cycles:1460480.0
[09:54:52] Text generation - Step 0 to Step 19 started (kv_len in averagr: 58)
[09:54:52] Text generation - Step 20 to Step 39 started (kv_len in averagr: 98)
[09:54:53] Text generation - Step 40 to Step 59 started (kv_len in averagr: 138)
[09:54:53] Text generation - Step 60 to Step 79 started (kv_len in averagr: 178)
[09:54:54] Text generation - Step 80 to Step 99 started (kv_len in averagr: 218)
[09:54:54] Text generation - Step 100 to Step 119 started (kv_len in averagr: 258)
[09:54:55] Text generation - Step 120 to Step 139 started (kv_len in averagr: 298)
[09:54:55] Text generation - Step 140 to Step 159 started (kv_len in averagr: 338)
[09:54:56] Text generation - Step 160 to Step 179 started (kv_len in averagr: 378)
[09:54:57] Text generation - Step 180 to Step 199 started (kv_len in averagr: 418)
[09:54:58] Text generation - Step 200 to Step 219 started (kv_len in averagr: 458)
[09:54:59] Text generation - Step 220 to Step 228 started (kv_len in averagr: 493)
[09:55:00] =========== Text Generation Completed, total cycles: 37270270584.0, total seconds: 74.540541168 ===========
[09:55:00] =========== Image Generation Started (total steps: 30) ===========
[09:55:00] Image generation - Start prefetching
[09:55:00] Image generation - End prefetching, total cycles:4096.0
[09:55:00] Image generation - Start draining
[09:55:00] Image generation - End draining, total cycles:4096.0
[09:55:00] Image generation - full_cache config started (kv_len: 1489)
[09:55:00] Image generation - Start qkv mapping
[09:55:00] Text generation - End qkv mapping, total cycles:8842176
[09:55:00] Image generation - Start attn
[09:55:00] Image generation - End attn, total cycles:7067008
[09:55:00] Image generation - Start output mapping
[09:55:00] Image generation - End output mapping, total cycles:3564288
[09:55:00] Image generation - Start FFN up
[09:55:00] Image generation - End FFN up, total cycles:19603584
[09:55:00] Image generation - Start FFN down
[09:55:00] Image generation - End FFN down, total cycles:9801792
[09:55:00] Image generation - full_cache config completed, cycles: 1173092352
[09:55:00] Image generation - without_text config started (kv_len: 1240)
[09:55:00] Image generation - Start qkv mapping
[09:55:00] Text generation - End qkv mapping, total cycles:8842176
[09:55:00] Image generation - Start attn
[09:55:00] Image generation - End attn, total cycles:5004032
[09:55:00] Image generation - Start output mapping
[09:55:00] Image generation - End output mapping, total cycles:3015936
[09:55:00] Image generation - Start FFN up
[09:55:00] Image generation - End FFN up, total cycles:16587648
[09:55:00] Image generation - Start FFN down
[09:55:00] Image generation - End FFN down, total cycles:8293824
[09:55:00] Image generation - without_text config completed, cycles: 1001846784
[09:55:00] =========== Image Generation Completed, total cycles: 65248419840.0, total seconds: 130.49683968 ===========
[09:55:00] ==================================================
[09:55:00] FINAL RESULT - Total Cycles: 102518690424.0, total seconds: 205.037380848
[09:55:00] Simulation Duration: 23.07 seconds
[09:55:00] CYCLE BREAKDOWN (per-operator cycles / % of end-to-end):
  [text] subtotal: 37,270,270,584  ( 36.4%)
      OPBREAKDOWN text/attn 900292728 0.878
      OPBREAKDOWN text/ffn_down 8026798080 7.830
      OPBREAKDOWN text/ffn_up 16409209344 16.006
      OPBREAKDOWN text/omap 2983492608 2.910
      OPBREAKDOWN text/qkv 8950477824 8.731
  [img] subtotal: 65,248,419,840  ( 63.6%)
      OPBREAKDOWN img/attn 8691148800 8.478
      OPBREAKDOWN img/drain 122880 0.000
      OPBREAKDOWN img/ffn_down 13028843520 12.709
      OPBREAKDOWN img/ffn_up 26057687040 25.417
      OPBREAKDOWN img/omap 4737761280 4.621
      OPBREAKDOWN img/prefetch 122880 0.000
      OPBREAKDOWN img/qkv 12732733440 12.420
  breakdown sum: 102,518,690,424  (total_cycles=102,518,690,424)
[09:55:00] ENERGY BREAKDOWN:
  Compute (MAC):  187195.802 mJ  ( 75.1%)
  SRAM total:       6453.080 mJ  (  2.6%)
    ifmap:          2117.807 mJ
    filter:         4235.614 mJ
    ofmap:            99.658 mJ
  DRAM total:      55565.329 mJ  ( 22.3%)  [type=HBM2]
    ifmap:          5727.645 mJ
    filter:        23115.287 mJ
    ofmap:          6218.659 mJ
    idle:          20503.738 mJ
  ----
  Total Energy: 249214.211 mJ
  Avg Power:         1.215 W   (cycles 102,518,690,424)
  EDP:          51098229.064 mJ·s
  Total MAC ops: 124,797,201,580,032   [fp16=124,797,201,580,032]
[09:55:00] ======= Bagel Model Simulation Completed =======
