[10:25:40] ======= Bagel Model Simulation Started =======
[10:25:40] Configuration: text_len=229, image_steps=30, layers=24
[10:25:40] =========== Text Generation Started (total steps: 229) ===========
[10:25:40] Text generation - Start qkv mapping
[10:25:45] Text generation - End qkv mapping, total cycles:3249312.0
[10:25:45] Text generation - Start output mapping
[10:25:49] Text generation - End output mapping, total cycles:1083104.0
[10:25:49] Text generation - Start FFN up
[10:25:54] Text generation - End FFN up, total cycles:5957072.0
[10:25:54] Text generation - Start FFN down
[10:26:03] Text generation - End FFN down, total cycles:1476192.0
[10:26:03] Text generation - Step 0 to Step 19 started (kv_len in averagr: 1436)
[10:26:05] Text generation - Step 20 to Step 39 started (kv_len in averagr: 1476)
[10:26:08] Text generation - Step 40 to Step 59 started (kv_len in averagr: 1516)
[10:26:11] Text generation - Step 60 to Step 79 started (kv_len in averagr: 1556)
[10:26:14] Text generation - Step 80 to Step 99 started (kv_len in averagr: 1596)
[10:26:17] Text generation - Step 100 to Step 119 started (kv_len in averagr: 1636)
[10:26:21] Text generation - Step 120 to Step 139 started (kv_len in averagr: 1676)
[10:26:24] Text generation - Step 140 to Step 159 started (kv_len in averagr: 1716)
[10:26:27] Text generation - Step 160 to Step 179 started (kv_len in averagr: 1756)
[10:26:30] Text generation - Step 180 to Step 199 started (kv_len in averagr: 1796)
[10:26:34] Text generation - Step 200 to Step 219 started (kv_len in averagr: 1836)
[10:26:37] Text generation - Step 220 to Step 228 started (kv_len in averagr: 1871)
[10:26:41] =========== Text Generation Completed, total cycles: 70638880020.0, total seconds: 141.27776004 ===========
[10:26:41] ==================================================
[10:26:41] FINAL RESULT - Total Cycles: 70638880020.0, total seconds: 141.27776004
[10:26:41] Simulation Duration: 60.74 seconds
[10:26:41] CYCLE BREAKDOWN (per-operator cycles / % of end-to-end):
  [text] subtotal: 70,638,880,020  (100.0%)
      OPBREAKDOWN text/attn 5974702740 8.458
      OPBREAKDOWN text/ffn_down 8113151232 11.485
      OPBREAKDOWN text/ffn_up 32740067712 46.349
      OPBREAKDOWN text/omap 5952739584 8.427
      OPBREAKDOWN text/qkv 17858218752 25.281
  breakdown sum: 70,638,880,020  (total_cycles=70,638,880,020)
[10:26:41] ENERGY BREAKDOWN:
  Compute (MAC):     479.134 mJ  (  1.4%)
  SRAM total:        479.989 mJ  (  1.4%)
    ifmap:           159.905 mJ
    filter:          319.810 mJ
    ofmap:             0.274 mJ
  DRAM total:      34091.324 mJ  ( 97.3%)  [type=HBM2]
    ifmap:            14.471 mJ
    filter:        19931.972 mJ
    ofmap:            17.105 mJ
    idle:          14127.776 mJ
  ----
  Total Energy:  35050.447 mJ
  Avg Power:         0.248 W   (cycles 70,638,880,020)
  EDP:          4951848.641 mJ·s
  Total MAC ops: 319,422,627,840   [fp16=319,422,627,840]
[10:26:41] ======= Bagel Model Simulation Completed =======
