[10:39:17] ======= Bagel Model Simulation Started =======
[10:39:17] Configuration: text_len=229, image_steps=30, layers=24
[10:39:17] =========== Text Generation Started (total steps: 229) ===========
[10:39:17] Text generation - Start qkv mapping
[10:39:21] Text generation - End qkv mapping, total cycles:3249312.0
[10:39:21] Text generation - Start output mapping
[10:39:26] Text generation - End output mapping, total cycles:1083104.0
[10:39:26] Text generation - Start FFN up
[10:39:29] Text generation - End FFN up, total cycles:3253360.0
[10:39:29] Text generation - Start FFN down
[10:39:37] Text generation - End FFN down, total cycles:820928.0
[10:39:37] Text generation - Step 0 to Step 19 started (kv_len in averagr: 1436)
[10:39:40] Text generation - Step 20 to Step 39 started (kv_len in averagr: 1476)
[10:39:42] Text generation - Step 40 to Step 59 started (kv_len in averagr: 1516)
[10:39:45] Text generation - Step 60 to Step 79 started (kv_len in averagr: 1556)
[10:39:48] Text generation - Step 80 to Step 99 started (kv_len in averagr: 1596)
[10:39:52] Text generation - Step 100 to Step 119 started (kv_len in averagr: 1636)
[10:39:55] Text generation - Step 120 to Step 139 started (kv_len in averagr: 1676)
[10:39:58] Text generation - Step 140 to Step 159 started (kv_len in averagr: 1716)
[10:40:01] Text generation - Step 160 to Step 179 started (kv_len in averagr: 1756)
[10:40:05] Text generation - Step 180 to Step 199 started (kv_len in averagr: 1796)
[10:40:08] Text generation - Step 200 to Step 219 started (kv_len in averagr: 1836)
[10:40:12] Text generation - Step 220 to Step 228 started (kv_len in averagr: 1871)
[10:40:15] =========== Text Generation Completed, total cycles: 52177947924.0, total seconds: 104.355895848 ===========
[10:40:15] ==================================================
[10:40:15] FINAL RESULT - Total Cycles: 52177947924.0, total seconds: 104.355895848
[10:40:15] Simulation Duration: 57.90 seconds
[10:40:15] CYCLE BREAKDOWN (per-operator cycles / % of end-to-end):
  [text] subtotal: 52,177,947,924  (100.0%)
      OPBREAKDOWN text/attn 5974702740 11.451
      OPBREAKDOWN text/ffn_down 4511820288 8.647
      OPBREAKDOWN text/ffn_up 17880466560 34.268
      OPBREAKDOWN text/omap 5952739584 11.409
      OPBREAKDOWN text/qkv 17858218752 34.226
  breakdown sum: 52,177,947,924  (total_cycles=52,177,947,924)
[10:40:15] ENERGY BREAKDOWN:
  Compute (MAC):     479.134 mJ  (  1.9%)
  SRAM total:        384.900 mJ  (  1.5%)
    ifmap:           159.905 mJ
    filter:          224.721 mJ
    ofmap:             0.274 mJ
  DRAM total:      24465.580 mJ  ( 96.6%)  [type=HBM2]
    ifmap:            14.471 mJ
    filter:        13998.414 mJ
    ofmap:            17.105 mJ
    idle:          10435.590 mJ
  ----
  Total Energy:  25329.614 mJ
  Avg Power:         0.243 W   (cycles 52,177,947,924)
  EDP:          2643294.540 mJ·s
  Total MAC ops: 319,422,627,840   [fp16=319,422,627,840]
[10:40:15] ======= Bagel Model Simulation Completed =======
