[10:23:00] ======= Bagel Model Simulation Started =======
[10:23:00] Configuration: text_len=229, image_steps=30, layers=24
[10:23:00] =========== Text Generation Started (total steps: 229) ===========
[10:23:00] Text generation - Start qkv mapping
[10:23:04] Text generation - End qkv mapping, total cycles:3249312.0
[10:23:04] Text generation - Start output mapping
[10:23:09] Text generation - End output mapping, total cycles:1083104.0
[10:23:09] Text generation - Start FFN up
[10:23:13] Text generation - End FFN up, total cycles:5957072.0
[10:23:13] Text generation - Start FFN down
[10:23:22] Text generation - End FFN down, total cycles:1476192.0
[10:23:22] Text generation - Step 0 to Step 19 started (kv_len in averagr: 58)
[10:23:22] Text generation - Step 20 to Step 39 started (kv_len in averagr: 98)
[10:23:23] Text generation - Step 40 to Step 59 started (kv_len in averagr: 138)
[10:23:23] Text generation - Step 60 to Step 79 started (kv_len in averagr: 178)
[10:23:24] Text generation - Step 80 to Step 99 started (kv_len in averagr: 218)
[10:23:25] Text generation - Step 100 to Step 119 started (kv_len in averagr: 258)
[10:23:25] Text generation - Step 120 to Step 139 started (kv_len in averagr: 298)
[10:23:26] Text generation - Step 140 to Step 159 started (kv_len in averagr: 338)
[10:23:27] Text generation - Step 160 to Step 179 started (kv_len in averagr: 378)
[10:23:28] Text generation - Step 180 to Step 199 started (kv_len in averagr: 418)
[10:23:29] Text generation - Step 200 to Step 219 started (kv_len in averagr: 458)
[10:23:30] Text generation - Step 220 to Step 228 started (kv_len in averagr: 493)
[10:23:31] =========== Text Generation Completed, total cycles: 65674760220.0, total seconds: 131.34952044 ===========
[10:23:31] =========== Image Generation Started (total steps: 30) ===========
[10:23:31] Image generation - Start prefetching
[10:23:31] Image generation - End prefetching, total cycles:2048.0
[10:23:31] Image generation - Start draining
[10:23:31] Image generation - End draining, total cycles:512.0
[10:23:31] Image generation - full_cache config started (kv_len: 1655)
[10:23:31] Image generation - Start qkv mapping
[10:23:31] Text generation - End qkv mapping, total cycles:17420160
[10:23:31] Image generation - Start attn
[10:23:31] Image generation - End attn, total cycles:13934336
[10:23:31] Image generation - Start output mapping
[10:23:31] Image generation - End output mapping, total cycles:7022080
[10:23:31] Image generation - Start FFN up
[10:23:31] Image generation - End FFN up, total cycles:38621440
[10:23:31] Image generation - Start FFN down
[10:23:31] Image generation - End FFN down, total cycles:19310720
[10:23:31] Image generation - full_cache config completed, cycles: 2311409664
[10:23:31] Image generation - without_text config started (kv_len: 1378)
[10:23:31] Image generation - Start qkv mapping
[10:23:31] Text generation - End qkv mapping, total cycles:17420160
[10:23:31] Image generation - Start attn
[10:23:31] Image generation - End attn, total cycles:9940480
[10:23:31] Image generation - Start output mapping
[10:23:31] Image generation - End output mapping, total cycles:5941760
[10:23:31] Image generation - Start FFN up
[10:23:31] Image generation - End FFN up, total cycles:32679680
[10:23:31] Image generation - Start FFN down
[10:23:31] Image generation - End FFN down, total cycles:16339840
[10:23:31] Image generation - without_text config completed, cycles: 1975726080
[10:23:31] =========== Image Generation Completed, total cycles: 128614149120.0, total seconds: 257.22829824 ===========
[10:23:31] ==================================================
[10:23:31] FINAL RESULT - Total Cycles: 194288909340.0, total seconds: 388.57781868
[10:23:31] Simulation Duration: 31.30 seconds
[10:23:31] CYCLE BREAKDOWN (per-operator cycles / % of end-to-end):
  [text] subtotal: 65,674,760,220  ( 33.8%)
      OPBREAKDOWN text/attn 1010582940 0.520
      OPBREAKDOWN text/ffn_down 8113151232 4.176
      OPBREAKDOWN text/ffn_up 32740067712 16.851
      OPBREAKDOWN text/omap 5952739584 3.064
      OPBREAKDOWN text/qkv 17858218752 9.192
  [img] subtotal: 128,614,149,120  ( 66.2%)
      OPBREAKDOWN img/attn 17189867520 8.848
      OPBREAKDOWN img/drain 15360 0.000
      OPBREAKDOWN img/ffn_down 25668403200 13.211
      OPBREAKDOWN img/ffn_up 51336806400 26.423
      OPBREAKDOWN img/omap 9333964800 4.804
      OPBREAKDOWN img/prefetch 61440 0.000
      OPBREAKDOWN img/qkv 25085030400 12.911
  breakdown sum: 194,288,909,340  (total_cycles=194,288,909,340)
[10:23:31] ENERGY BREAKDOWN:
  Compute (MAC):  189252.345 mJ  ( 70.0%)
  SRAM total:       6518.137 mJ  (  2.4%)
    ifmap:          2137.708 mJ
    filter:         4275.416 mJ
    ofmap:           105.014 mJ
  DRAM total:      74643.692 mJ  ( 27.6%)  [type=HBM2]
    ifmap:          6061.833 mJ
    filter:        23171.231 mJ
    ofmap:          6552.847 mJ
    idle:          38857.782 mJ
  ----
  Total Energy: 270414.174 mJ
  Avg Power:         0.696 W   (cycles 194,288,909,340)
  EDP:          105076950.014 mJ·s
  Total MAC ops: 126,168,229,773,312   [fp16=126,168,229,773,312]
[10:23:31] ======= Bagel Model Simulation Completed =======
