[10:24:06] ======= Bagel Model Simulation Started =======
[10:24:06] Configuration: text_len=229, image_steps=30, layers=24
[10:24:06] =========== Text Generation Started (total steps: 229) ===========
[10:24:06] Text generation - Start qkv mapping
[10:24:10] Text generation - End qkv mapping, total cycles:3249312.0
[10:24:10] Text generation - Start output mapping
[10:24:15] Text generation - End output mapping, total cycles:1083104.0
[10:24:15] Text generation - Start FFN up
[10:24:19] Text generation - End FFN up, total cycles:5957072.0
[10:24:19] Text generation - Start FFN down
[10:24:28] Text generation - End FFN down, total cycles:1476192.0
[10:24:28] Text generation - Step 0 to Step 19 started (kv_len in averagr: 58)
[10:24:29] Text generation - Step 20 to Step 39 started (kv_len in averagr: 98)
[10:24:29] Text generation - Step 40 to Step 59 started (kv_len in averagr: 138)
[10:24:30] Text generation - Step 60 to Step 79 started (kv_len in averagr: 178)
[10:24:30] Text generation - Step 80 to Step 99 started (kv_len in averagr: 218)
[10:24:31] Text generation - Step 100 to Step 119 started (kv_len in averagr: 258)
[10:24:32] Text generation - Step 120 to Step 139 started (kv_len in averagr: 298)
[10:24:32] Text generation - Step 140 to Step 159 started (kv_len in averagr: 338)
[10:24:33] Text generation - Step 160 to Step 179 started (kv_len in averagr: 378)
[10:24:34] Text generation - Step 180 to Step 199 started (kv_len in averagr: 418)
[10:24:35] Text generation - Step 200 to Step 219 started (kv_len in averagr: 458)
[10:24:36] Text generation - Step 220 to Step 228 started (kv_len in averagr: 493)
[10:24:37] =========== Text Generation Completed, total cycles: 65674760220.0, total seconds: 131.34952044 ===========
[10:24:37] =========== Image Generation Started (total steps: 30) ===========
[10:24:37] Image generation - Start prefetching
[10:24:37] Image generation - End prefetching, total cycles:2048.0
[10:24:37] Image generation - Start draining
[10:24:37] Image generation - End draining, total cycles:512.0
[10:24:37] Image generation - full_cache config started (kv_len: 1655)
[10:24:37] Image generation - Start qkv mapping
[10:24:37] Text generation - End qkv mapping, total cycles:17420160
[10:24:37] Image generation - Start attn
[10:24:37] Image generation - End attn, total cycles:13934336
[10:24:37] Image generation - Start output mapping
[10:24:37] Image generation - End output mapping, total cycles:7022080
[10:24:37] Image generation - Start FFN up
[10:24:37] Image generation - End FFN up, total cycles:38621440
[10:24:37] Image generation - Start FFN down
[10:24:37] Image generation - End FFN down, total cycles:19310720
[10:24:37] Image generation - full_cache config completed, cycles: 2311409664
[10:24:37] Image generation - without_text config started (kv_len: 1378)
[10:24:37] Image generation - Start qkv mapping
[10:24:37] Text generation - End qkv mapping, total cycles:17420160
[10:24:37] Image generation - Start attn
[10:24:37] Image generation - End attn, total cycles:9940480
[10:24:37] Image generation - Start output mapping
[10:24:37] Image generation - End output mapping, total cycles:5941760
[10:24:37] Image generation - Start FFN up
[10:24:37] Image generation - End FFN up, total cycles:28223360
[10:24:37] Image generation - Start FFN down
[10:24:37] Image generation - End FFN down, total cycles:16339840
[10:24:37] Image generation - without_text config completed, cycles: 1868774400
[10:24:37] =========== Image Generation Completed, total cycles: 125405598720.0, total seconds: 250.81119744 ===========
[10:24:37] ==================================================
[10:24:37] FINAL RESULT - Total Cycles: 191080358940.0, total seconds: 382.16071788
[10:24:37] Simulation Duration: 31.62 seconds
[10:24:37] CYCLE BREAKDOWN (per-operator cycles / % of end-to-end):
  [text] subtotal: 65,674,760,220  ( 34.4%)
      OPBREAKDOWN text/attn 1010582940 0.529
      OPBREAKDOWN text/ffn_down 8113151232 4.246
      OPBREAKDOWN text/ffn_up 32740067712 17.134
      OPBREAKDOWN text/omap 5952739584 3.115
      OPBREAKDOWN text/qkv 17858218752 9.346
  [img] subtotal: 125,405,598,720  ( 65.6%)
      OPBREAKDOWN img/attn 17189867520 8.996
      OPBREAKDOWN img/drain 15360 0.000
      OPBREAKDOWN img/ffn_down 25668403200 13.433
      OPBREAKDOWN img/ffn_up 48128256000 25.187
      OPBREAKDOWN img/omap 9333964800 4.885
      OPBREAKDOWN img/prefetch 61440 0.000
      OPBREAKDOWN img/qkv 25085030400 13.128
  breakdown sum: 191,080,358,940  (total_cycles=191,080,358,940)
[10:24:37] ENERGY BREAKDOWN:
  Compute (MAC):  184892.366 mJ  ( 69.7%)
  SRAM total:       6367.233 mJ  (  2.4%)
    ifmap:          2087.880 mJ
    filter:         4175.759 mJ
    ofmap:           103.594 mJ
  DRAM total:      73881.216 mJ  ( 27.9%)  [type=HBM2]
    ifmap:          6029.629 mJ
    filter:        23171.231 mJ
    ofmap:          6464.285 mJ
    idle:          38216.072 mJ
  ----
  Total Energy: 265140.815 mJ
  Avg Power:         0.694 W   (cycles 191,080,358,940)
  EDP:          101326404.029 mJ·s
  Total MAC ops: 123,261,577,101,312   [fp16=123,261,577,101,312]
[10:24:37] ======= Bagel Model Simulation Completed =======
