[10:46:14] ======= Bagel Model Simulation Started =======
[10:46:14] Configuration: text_len=229, image_steps=30, layers=24
[10:46:14] =========== Text Generation Started (total steps: 229) ===========
[10:46:14] Text generation - Start qkv mapping
[10:46:18] Text generation - End qkv mapping, total cycles:3249312.0
[10:46:18] Text generation - Start output mapping
[10:46:23] Text generation - End output mapping, total cycles:1083104.0
[10:46:23] Text generation - Start FFN up
[10:46:26] Text generation - End FFN up, total cycles:3253360.0
[10:46:26] Text generation - Start FFN down
[10:46:33] Text generation - End FFN down, total cycles:820928.0
[10:46:33] Text generation - Step 0 to Step 19 started (kv_len in averagr: 58)
[10:46:34] Text generation - Step 20 to Step 39 started (kv_len in averagr: 98)
[10:46:34] Text generation - Step 40 to Step 59 started (kv_len in averagr: 138)
[10:46:35] Text generation - Step 60 to Step 79 started (kv_len in averagr: 178)
[10:46:35] Text generation - Step 80 to Step 99 started (kv_len in averagr: 218)
[10:46:36] Text generation - Step 100 to Step 119 started (kv_len in averagr: 258)
[10:46:37] Text generation - Step 120 to Step 139 started (kv_len in averagr: 298)
[10:46:38] Text generation - Step 140 to Step 159 started (kv_len in averagr: 338)
[10:46:38] Text generation - Step 160 to Step 179 started (kv_len in averagr: 378)
[10:46:39] Text generation - Step 180 to Step 199 started (kv_len in averagr: 418)
[10:46:40] Text generation - Step 200 to Step 219 started (kv_len in averagr: 458)
[10:46:41] Text generation - Step 220 to Step 228 started (kv_len in averagr: 493)
[10:46:43] =========== Text Generation Completed, total cycles: 47213828124.0, total seconds: 94.427656248 ===========
[10:46:43] =========== Image Generation Started (total steps: 30) ===========
[10:46:43] Image generation - Start prefetching
[10:46:43] Image generation - End prefetching, total cycles:2048.0
[10:46:43] Image generation - Start draining
[10:46:43] Image generation - End draining, total cycles:512.0
[10:46:43] Image generation - full_cache config started (kv_len: 827)
[10:46:43] Image generation - Start qkv mapping
[10:46:43] Text generation - End qkv mapping, total cycles:17420160
[10:46:43] Image generation - Start attn
[10:46:43] Image generation - End attn, total cycles:7068672
[10:46:43] Image generation - Start output mapping
[10:46:43] Image generation - End output mapping, total cycles:7022080
[10:46:43] Image generation - Start FFN up
[10:46:43] Image generation - End FFN up, total cycles:19603584
[10:46:43] Image generation - Start FFN down
[10:46:43] Image generation - End FFN down, total cycles:9801792
[10:46:43] Image generation - full_cache config completed, cycles: 1461990912
[10:46:43] Image generation - without_text config started (kv_len: 803)
[10:46:43] Image generation - Start qkv mapping
[10:46:43] Text generation - End qkv mapping, total cycles:17420160
[10:46:43] Image generation - Start attn
[10:46:43] Image generation - End attn, total cycles:5913600
[10:46:43] Image generation - Start output mapping
[10:46:43] Image generation - End output mapping, total cycles:5941760
[10:46:43] Image generation - Start FFN up
[10:46:43] Image generation - End FFN up, total cycles:14325696
[10:46:43] Image generation - Start FFN down
[10:46:43] Image generation - End FFN down, total cycles:8293824
[10:46:43] Image generation - without_text config completed, cycles: 1245480960
[10:46:43] =========== Image Generation Completed, total cycles: 81224232960.0, total seconds: 162.44846592 ===========
[10:46:43] ==================================================
[10:46:43] FINAL RESULT - Total Cycles: 128438061084.0, total seconds: 256.876122168
[10:46:43] Simulation Duration: 28.81 seconds
[10:46:43] CYCLE BREAKDOWN (per-operator cycles / % of end-to-end):
  [text] subtotal: 47,213,828,124  ( 36.8%)
      OPBREAKDOWN text/attn 1010582940 0.787
      OPBREAKDOWN text/ffn_down 4511820288 3.513
      OPBREAKDOWN text/ffn_up 17880466560 13.921
      OPBREAKDOWN text/omap 5952739584 4.635
      OPBREAKDOWN text/qkv 17858218752 13.904
  [img] subtotal: 81,224,232,960  ( 63.2%)
      OPBREAKDOWN img/attn 9347235840 7.278
      OPBREAKDOWN img/drain 15360 0.000
      OPBREAKDOWN img/ffn_down 13028843520 10.144
      OPBREAKDOWN img/ffn_up 24429081600 19.020
      OPBREAKDOWN img/omap 9333964800 7.267
      OPBREAKDOWN img/prefetch 61440 0.000
      OPBREAKDOWN img/qkv 25085030400 19.531
  breakdown sum: 128,438,061,084  (total_cycles=128,438,061,084)
[10:46:43] ENERGY BREAKDOWN:
  Compute (MAC):  138996.311 mJ  ( 72.0%)
  SRAM total:       4225.210 mJ  (  2.2%)
    ifmap:          1986.899 mJ
    filter:         2159.631 mJ
    ofmap:            78.680 mJ
  DRAM total:      49719.755 mJ  ( 25.8%)  [type=HBM2]
    ifmap:          4474.983 mJ
    filter:        14647.520 mJ
    ofmap:          4909.639 mJ
    idle:          25687.612 mJ
  ----
  Total Energy: 192941.276 mJ
  Avg Power:         0.751 W   (cycles 128,438,061,084)
  EDP:          49562006.709 mJ·s
  Total MAC ops: 116,883,544,768,512   [fp16=80,554,538,729,472 w4a16=36,329,006,039,040]
[10:46:43] ======= Bagel Model Simulation Completed =======
