[09:51:46] ======= Bagel Model Simulation Started =======
[09:51:46] Configuration: text_len=229, image_steps=30, layers=24
[09:51:46] =========== Text Generation Started (total steps: 229) ===========
[09:51:46] Text generation - Start qkv mapping
[09:51:48] Text generation - End qkv mapping, total cycles:599424.0
[09:51:48] Text generation - Start output mapping
[09:51:50] Text generation - End output mapping, total cycles:199808.0
[09:51:50] Text generation - Start FFN up
[09:51:54] Text generation - End FFN up, total cycles:3253360.0
[09:51:54] Text generation - Start FFN down
[09:52:01] Text generation - End FFN down, total cycles:820928.0
[09:52:01] Text generation - Step 0 to Step 19 started (kv_len in averagr: 1436)
[09:52:04] Text generation - Step 20 to Step 39 started (kv_len in averagr: 1476)
[09:52:07] Text generation - Step 40 to Step 59 started (kv_len in averagr: 1516)
[09:52:10] Text generation - Step 60 to Step 79 started (kv_len in averagr: 1556)
[09:52:13] Text generation - Step 80 to Step 99 started (kv_len in averagr: 1596)
[09:52:16] Text generation - Step 100 to Step 119 started (kv_len in averagr: 1636)
[09:52:20] Text generation - Step 120 to Step 139 started (kv_len in averagr: 1676)
[09:52:23] Text generation - Step 140 to Step 159 started (kv_len in averagr: 1716)
[09:52:26] Text generation - Step 160 to Step 179 started (kv_len in averagr: 1756)
[09:52:29] Text generation - Step 180 to Step 199 started (kv_len in averagr: 1796)
[09:52:33] Text generation - Step 200 to Step 219 started (kv_len in averagr: 1836)
[09:52:36] Text generation - Step 220 to Step 228 started (kv_len in averagr: 1871)
[09:52:40] =========== Text Generation Completed, total cycles: 32759568660.0, total seconds: 65.51913732 ===========
[09:52:40] ==================================================
[09:52:40] FINAL RESULT - Total Cycles: 32759568660.0, total seconds: 65.51913732
[09:52:40] Simulation Duration: 53.24 seconds
[09:52:40] CYCLE BREAKDOWN (per-operator cycles / % of end-to-end):
  [text] subtotal: 32,759,568,660  (100.0%)
      OPBREAKDOWN text/attn 5974702740 18.238
      OPBREAKDOWN text/ffn_down 4511820288 13.773
      OPBREAKDOWN text/ffn_up 17880466560 54.581
      OPBREAKDOWN text/omap 1098144768 3.352
      OPBREAKDOWN text/qkv 3294434304 10.056
  breakdown sum: 32,759,568,660  (total_cycles=32,759,568,660)
[09:52:40] ENERGY BREAKDOWN:
  Compute (MAC):     386.926 mJ  (  2.3%)
  SRAM total:        315.744 mJ  (  1.9%)
    ifmap:           159.905 mJ
    filter:          155.565 mJ
    ofmap:             0.274 mJ
  DRAM total:      16266.589 mJ  ( 95.9%)  [type=HBM2]
    ifmap:            14.471 mJ
    filter:         9683.100 mJ
    ofmap:            17.105 mJ
    idle:           6551.914 mJ
  ----
  Total Energy:  16969.260 mJ
  Avg Power:         0.259 W   (cycles 32,759,568,660)
  EDP:          1111811.275 mJ·s
  Total MAC ops: 319,422,627,840   [fp16=227,215,048,704 w4a16=92,207,579,136]
[09:52:40] ======= Bagel Model Simulation Completed =======
