[09:52:40] ======= Bagel Model Simulation Started =======
[09:52:40] Configuration: text_len=229, image_steps=30, layers=24
[09:52:40] =========== Text Generation Started (total steps: 229) ===========
[09:52:40] Text generation - Start qkv mapping
[09:52:41] Text generation - End qkv mapping, total cycles:1191936.0
[09:52:41] Text generation - Start output mapping
[09:52:43] Text generation - End output mapping, total cycles:397312.0
[09:52:43] Text generation - Start FFN up
[09:52:44] Text generation - End FFN up, total cycles:2185216.0
[09:52:44] Text generation - Start FFN down
[09:52:48] Text generation - End FFN down, total cycles:626688.0
[09:52:48] Text generation - Step 0 to Step 19 started (kv_len in averagr: 58)
[09:52:48] Text generation - Step 20 to Step 39 started (kv_len in averagr: 98)
[09:52:48] Text generation - Step 40 to Step 59 started (kv_len in averagr: 138)
[09:52:49] Text generation - Step 60 to Step 79 started (kv_len in averagr: 178)
[09:52:49] Text generation - Step 80 to Step 99 started (kv_len in averagr: 218)
[09:52:49] Text generation - Step 100 to Step 119 started (kv_len in averagr: 258)
[09:52:50] Text generation - Step 120 to Step 139 started (kv_len in averagr: 298)
[09:52:50] Text generation - Step 140 to Step 159 started (kv_len in averagr: 338)
[09:52:51] Text generation - Step 160 to Step 179 started (kv_len in averagr: 378)
[09:52:51] Text generation - Step 180 to Step 199 started (kv_len in averagr: 418)
[09:52:52] Text generation - Step 200 to Step 219 started (kv_len in averagr: 458)
[09:52:53] Text generation - Step 220 to Step 228 started (kv_len in averagr: 493)
[09:52:53] =========== Text Generation Completed, total cycles: 25198228224.0, total seconds: 50.396456448 ===========
[09:52:53] =========== Image Generation Started (total steps: 30) ===========
[09:52:53] Image generation - Start prefetching
[09:52:53] Image generation - End prefetching, total cycles:2048.0
[09:52:53] Image generation - Start draining
[09:52:53] Image generation - End draining, total cycles:512.0
[09:52:53] Image generation - full_cache config started (kv_len: 1655)
[09:52:53] Image generation - Start qkv mapping
[09:52:53] Text generation - End qkv mapping, total cycles:17420160
[09:52:53] Image generation - Start attn
[09:52:53] Image generation - End attn, total cycles:13934336
[09:52:53] Image generation - Start output mapping
[09:52:53] Image generation - End output mapping, total cycles:7022080
[09:52:53] Image generation - Start FFN up
[09:52:53] Image generation - End FFN up, total cycles:38621440
[09:52:53] Image generation - Start FFN down
[09:52:53] Image generation - End FFN down, total cycles:19310720
[09:52:53] Image generation - full_cache config completed, cycles: 2311409664
[09:52:53] Image generation - without_text config started (kv_len: 1378)
[09:52:53] Image generation - Start qkv mapping
[09:52:53] Text generation - End qkv mapping, total cycles:17420160
[09:52:53] Image generation - Start attn
[09:52:53] Image generation - End attn, total cycles:9940480
[09:52:53] Image generation - Start output mapping
[09:52:53] Image generation - End output mapping, total cycles:5941760
[09:52:53] Image generation - Start FFN up
[09:52:53] Image generation - End FFN up, total cycles:32679680
[09:52:53] Image generation - Start FFN down
[09:52:53] Image generation - End FFN down, total cycles:16339840
[09:52:53] Image generation - without_text config completed, cycles: 1975726080
[09:52:53] =========== Image Generation Completed, total cycles: 128614149120.0, total seconds: 257.22829824 ===========
[09:52:53] ==================================================
[09:52:53] FINAL RESULT - Total Cycles: 153812377344.0, total seconds: 307.624754688
[09:52:53] Simulation Duration: 13.54 seconds
[09:52:53] CYCLE BREAKDOWN (per-operator cycles / % of end-to-end):
  [text] subtotal: 25,198,228,224  ( 16.4%)
      OPBREAKDOWN text/attn 1009496832 0.656
      OPBREAKDOWN text/ffn_down 3444277248 2.239
      OPBREAKDOWN text/ffn_up 12009947136 7.808
      OPBREAKDOWN text/omap 2183626752 1.420
      OPBREAKDOWN text/qkv 6550880256 4.259
  [img] subtotal: 128,614,149,120  ( 83.6%)
      OPBREAKDOWN img/attn 17189867520 11.176
      OPBREAKDOWN img/drain 15360 0.000
      OPBREAKDOWN img/ffn_down 25668403200 16.688
      OPBREAKDOWN img/ffn_up 51336806400 33.376
      OPBREAKDOWN img/omap 9333964800 6.068
      OPBREAKDOWN img/prefetch 61440 0.000
      OPBREAKDOWN img/qkv 25085030400 16.309
  breakdown sum: 153,812,377,344  (total_cycles=153,812,377,344)
[09:52:53] ENERGY BREAKDOWN:
  Compute (MAC):   76767.881 mJ  ( 58.0%)
  SRAM total:       5780.190 mJ  (  4.4%)
    ifmap:          4275.259 mJ
    filter:         1399.918 mJ
    ofmap:           105.014 mJ
  DRAM total:      49870.119 mJ  ( 37.7%)  [type=HBM2]
    ifmap:          6061.833 mJ
    filter:         6492.963 mJ
    ofmap:          6552.847 mJ
    idle:          30762.475 mJ
  ----
  Total Energy: 132418.190 mJ
  Avg Power:         0.430 W   (cycles 153,812,377,344)
  EDP:          40735113.272 mJ·s
  Total MAC ops: 126,168,229,773,312   [fp16=13,683,766,099,968 w4a16=112,484,463,673,344]
[09:52:53] ======= Bagel Model Simulation Completed =======
