[14:29:34] ======= Bagel Model Simulation Started =======
[14:29:34] Configuration: text_len=229, image_steps=50, layers=28
[14:29:34] =========== Text Generation Started (total steps: 229) ===========
[14:29:34] Text generation - Start qkv mapping
[14:29:39] Text generation - End qkv mapping, total cycles:2106288.0
[14:29:39] Text generation - Start output mapping
[14:29:43] Text generation - End output mapping, total cycles:1638224.0
[14:29:43] Text generation - Start FFN up
[14:29:48] Text generation - End FFN up, total cycles:8659184.0
[14:29:48] Text generation - Start FFN down
[14:30:12] Text generation - End FFN down, total cycles:8520344.0
[14:30:12] Text generation - Step 0 to Step 19 started (kv_len in averagr: 3264)
[14:30:17] Text generation - Step 20 to Step 39 started (kv_len in averagr: 3304)
[14:30:22] Text generation - Step 40 to Step 59 started (kv_len in averagr: 3344)
[14:30:26] Text generation - Step 60 to Step 79 started (kv_len in averagr: 3384)
[14:30:31] Text generation - Step 80 to Step 99 started (kv_len in averagr: 3424)
[14:30:36] Text generation - Step 100 to Step 119 started (kv_len in averagr: 3464)
[14:30:41] Text generation - Step 120 to Step 139 started (kv_len in averagr: 3504)
[14:30:45] Text generation - Step 140 to Step 159 started (kv_len in averagr: 3544)
[14:30:50] Text generation - Step 160 to Step 179 started (kv_len in averagr: 3584)
[14:30:55] Text generation - Step 180 to Step 199 started (kv_len in averagr: 3624)
[14:31:00] Text generation - Step 200 to Step 219 started (kv_len in averagr: 3664)
[14:31:05] Text generation - Step 220 to Step 228 started (kv_len in averagr: 3699)
[14:31:11] =========== Text Generation Completed, total cycles: 157103435363.0, total seconds: 314.206870726 ===========
[14:31:11] =========== Image Generation Started (total steps: 50) ===========
[14:31:11] Image generation - Start prefetching
[14:31:11] Image generation - End prefetching, total cycles:4096.0
[14:31:11] Image generation - Start qkv mapping
[14:31:20] Text generation - End qkv mapping, total cycles:13493952.0
[14:31:20] Image generation - Start output mapping
[14:31:20] Image generation - End output mapping, total cycles:9062592
[14:31:20] Image generation - Start FFN down
[14:31:20] Image generation - End FFN down, total cycles:47902272
[14:31:20] Image generation - Start draining
[14:31:20] Image generation - End draining, total cycles:4096.0
[14:31:20] Image generation - full_cache config started (kv_len: 4861)
[14:31:20] Image generation - full_cache config completed, cycles: 5335379840.0
[14:31:20] Image generation - without_img config started (kv_len: 1668)
[14:31:20] Image generation - without_img config completed, cycles: 4739840896.0
[14:31:20] Image generation - without_text config started (kv_len: 4619)
[14:31:20] Image generation - without_text config completed, cycles: 5173776384.0
[14:31:20] =========== Image Generation Completed, total cycles: 762450265600.0, total seconds: 1524.9005312 ===========
[14:31:20] ==================================================
[14:31:20] FINAL RESULT - Total Cycles: 919553700963.0, total seconds: 1839.107401926
[14:31:20] Simulation Duration: 105.63 seconds
[14:31:20] CYCLE BREAKDOWN (per-operator cycles / % of end-to-end):
  [text] subtotal: 157,103,435,363  ( 17.1%)
      OPBREAKDOWN text/attn 22938490883 2.495
      OPBREAKDOWN text/ffn_down 54632445728 5.941
      OPBREAKDOWN text/ffn_up 55522687808 6.038
      OPBREAKDOWN text/omap 10504292288 1.142
      OPBREAKDOWN text/qkv 13505518656 1.469
  [img] subtotal: 762,450,265,600  ( 82.9%)
      OPBREAKDOWN img/attn 106820313600 11.617
      OPBREAKDOWN img/drain 204800 0.000
      OPBREAKDOWN img/ffn_down 201189542400 21.879
      OPBREAKDOWN img/ffn_up 359702515200 39.117
      OPBREAKDOWN img/omap 38062886400 4.139
      OPBREAKDOWN img/prefetch 204800 0.000
      OPBREAKDOWN img/qkv 56674598400 6.163
  breakdown sum: 919,553,700,963  (total_cycles=919,553,700,963)
[14:31:20] ENERGY BREAKDOWN:
  Compute (MAC):  2130192.997 mJ  ( 82.6%)
  SRAM total:       7074.665 mJ  (  0.3%)
    ifmap:          2328.630 mJ
    filter:         4657.259 mJ
    ofmap:            88.776 mJ
  DRAM total:     440986.479 mJ  ( 17.1%)  [type=HBM2]
    ifmap:         53253.983 mJ
    filter:       148425.235 mJ
    ofmap:         55396.521 mJ
    idle:         183910.740 mJ
  ----
  Total Energy: 2578254.142 mJ
  Avg Power:         1.402 W   (cycles 919,553,700,963)
  EDP:          4741686275.999 mJ·s
  Total MAC ops: 1,420,128,664,858,624   [fp16=1,420,128,664,858,624]
[14:31:20] ======= Bagel Model Simulation Completed =======
