[14:54:48] ======= Bagel Model Simulation Started =======
[14:54:48] Configuration: text_len=229, image_steps=50, layers=28
[14:54:48] =========== Text Generation Started (total steps: 229) ===========
[14:54:48] Text generation - Start qkv mapping
[14:54:54] Text generation - End qkv mapping, total cycles:2141784.0
[14:54:54] Text generation - Start output mapping
[14:55:00] Text generation - End output mapping, total cycles:1665832.0
[14:55:00] Text generation - Start FFN up
[14:55:05] Text generation - End FFN up, total cycles:5168456.0
[14:55:05] Text generation - Start FFN down
[14:55:29] Text generation - End FFN down, total cycles:4418904.0
[14:55:29] Text generation - Step 0 to Step 19 started (kv_len in averagr: 3264)
[14:55:35] Text generation - Step 20 to Step 39 started (kv_len in averagr: 3304)
[14:55:41] Text generation - Step 40 to Step 59 started (kv_len in averagr: 3344)
[14:55:47] Text generation - Step 60 to Step 79 started (kv_len in averagr: 3384)
[14:55:53] Text generation - Step 80 to Step 99 started (kv_len in averagr: 3424)
[14:55:58] Text generation - Step 100 to Step 119 started (kv_len in averagr: 3464)
[14:56:04] Text generation - Step 120 to Step 139 started (kv_len in averagr: 3504)
[14:56:10] Text generation - Step 140 to Step 159 started (kv_len in averagr: 3544)
[14:56:16] Text generation - Step 160 to Step 179 started (kv_len in averagr: 3584)
[14:56:22] Text generation - Step 180 to Step 199 started (kv_len in averagr: 3624)
[14:56:29] Text generation - Step 200 to Step 219 started (kv_len in averagr: 3664)
[14:56:35] Text generation - Step 220 to Step 228 started (kv_len in averagr: 3699)
[14:56:41] =========== Text Generation Completed, total cycles: 110464429757.5, total seconds: 220.928859515 ===========
[14:56:41] =========== Image Generation Started (total steps: 50) ===========
[14:56:41] Image generation - Start prefetching
[14:56:41] Image generation - End prefetching, total cycles:2048.0
[14:56:41] Image generation - Start qkv mapping
[14:56:53] Text generation - End qkv mapping, total cycles:24718392.0
[14:56:53] Image generation - Start output mapping
[14:56:53] Image generation - End output mapping, total cycles:17967488
[14:56:53] Image generation - Start FFN down
[14:56:53] Image generation - End FFN down, total cycles:47902272
[14:56:53] Image generation - Start draining
[14:56:53] Image generation - End draining, total cycles:512.0
[14:56:53] Image generation - full_cache config started (kv_len: 4861)
[14:56:53] Image generation - full_cache config completed, cycles: 6894535200.0
[14:56:53] Image generation - without_img config started (kv_len: 1668)
[14:56:53] Image generation - without_img config completed, cycles: 5805082528.0
[14:56:53] Image generation - without_text config started (kv_len: 4619)
[14:56:53] Image generation - without_text config completed, cycles: 6815263392.0
[14:56:53] =========== Image Generation Completed, total cycles: 975744184000.0, total seconds: 1951.488368 ===========
[14:56:53] ==================================================
[14:56:53] FINAL RESULT - Total Cycles: 1086208613757.5, total seconds: 2172.417227515
[14:56:53] Simulation Duration: 124.71 seconds
[14:56:53] CYCLE BREAKDOWN (per-operator cycles / % of end-to-end):
  [text] subtotal: 110,464,429,758  ( 10.2%)
      OPBREAKDOWN text/attn 24575843646 2.263
      OPBREAKDOWN text/ffn_down 28334012448 2.609
      OPBREAKDOWN text/ffn_up 33140139872 3.051
      OPBREAKDOWN text/omap 10681314784 0.983
      OPBREAKDOWN text/qkv 13733119008 1.264
  [img] subtotal: 975,744,184,000  ( 89.8%)
      OPBREAKDOWN img/attn 192894732800 17.759
      OPBREAKDOWN img/drain 25600 0.000
      OPBREAKDOWN img/ffn_down 201189542400 18.522
      OPBREAKDOWN img/ffn_up 402379084800 37.044
      OPBREAKDOWN img/omap 75463449600 6.947
      OPBREAKDOWN img/prefetch 102400 0.000
      OPBREAKDOWN img/qkv 103817246400 9.558
  breakdown sum: 1,086,208,613,758  (total_cycles=1,086,208,613,758)
[14:56:53] ENERGY BREAKDOWN:
  Compute (MAC):  1666807.602 mJ  ( 80.1%)
  SRAM total:       4609.613 mJ  (  0.2%)
    ifmap:          2461.704 mJ
    filter:         2056.788 mJ
    ofmap:            91.121 mJ
  DRAM total:     408855.211 mJ  ( 19.7%)  [type=HBM2]
    ifmap:         53530.762 mJ
    filter:        81223.232 mJ
    ofmap:         56859.495 mJ
    idle:         217241.723 mJ
  ----
  Total Energy: 2080272.426 mJ
  Avg Power:         0.958 W   (cycles 1,086,208,613,757)
  EDP:          4519219656.583 mJ·s
  Total MAC ops: 1,504,155,883,188,224   [fp16=914,729,660,493,824 w4a16=589,426,222,694,400]
[14:56:53] ======= Bagel Model Simulation Completed =======
