[15:01:21] ======= Bagel Model Simulation Started =======
[15:01:21] Configuration: text_len=229, image_steps=50, layers=28
[15:01:21] =========== Text Generation Started (total steps: 229) ===========
[15:01:21] Text generation - Start qkv mapping
[15:01:27] Text generation - End qkv mapping, total cycles:2141784.0
[15:01:27] Text generation - Start output mapping
[15:01:32] Text generation - End output mapping, total cycles:1665832.0
[15:01:32] Text generation - Start FFN up
[15:01:38] Text generation - End FFN up, total cycles:8805112.0
[15:01:38] Text generation - Start FFN down
[15:02:08] Text generation - End FFN down, total cycles:8547112.0
[15:02:08] Text generation - Step 0 to Step 19 started (kv_len in averagr: 58)
[15:02:08] Text generation - Step 20 to Step 39 started (kv_len in averagr: 98)
[15:02:09] Text generation - Step 40 to Step 59 started (kv_len in averagr: 138)
[15:02:09] Text generation - Step 60 to Step 79 started (kv_len in averagr: 178)
[15:02:10] Text generation - Step 80 to Step 99 started (kv_len in averagr: 218)
[15:02:10] Text generation - Step 100 to Step 119 started (kv_len in averagr: 258)
[15:02:11] Text generation - Step 120 to Step 139 started (kv_len in averagr: 298)
[15:02:12] Text generation - Step 140 to Step 159 started (kv_len in averagr: 338)
[15:02:13] Text generation - Step 160 to Step 179 started (kv_len in averagr: 378)
[15:02:14] Text generation - Step 180 to Step 199 started (kv_len in averagr: 418)
[15:02:15] Text generation - Step 200 to Step 219 started (kv_len in averagr: 458)
[15:02:16] Text generation - Step 220 to Step 228 started (kv_len in averagr: 493)
[15:02:17] =========== Text Generation Completed, total cycles: 137740167582.5, total seconds: 275.480335165 ===========
[15:02:17] =========== Image Generation Started (total steps: 50) ===========
[15:02:17] Image generation - Start prefetching
[15:02:17] Image generation - End prefetching, total cycles:2048.0
[15:02:17] Image generation - Start qkv mapping
[15:02:29] Text generation - End qkv mapping, total cycles:24718392.0
[15:02:29] Image generation - Start output mapping
[15:02:29] Image generation - End output mapping, total cycles:17967488
[15:02:29] Image generation - Start FFN down
[15:02:29] Image generation - End FFN down, total cycles:94971008
[15:02:29] Image generation - Start draining
[15:02:29] Image generation - End draining, total cycles:512.0
[15:02:29] Image generation - full_cache config started (kv_len: 1655)
[15:02:29] Image generation - full_cache config completed, cycles: 9750508320.0
[15:02:29] Image generation - without_text config started (kv_len: 1607)
[15:02:29] Image generation - without_text config completed, cycles: 7682503584.0
[15:02:29] =========== Image Generation Completed, total cycles: 871650723200.0, total seconds: 1743.3014464 ===========
[15:02:29] ==================================================
[15:02:29] FINAL RESULT - Total Cycles: 1009390890782.5, total seconds: 2018.781781565
[15:02:29] Simulation Duration: 68.20 seconds
[15:02:29] CYCLE BREAKDOWN (per-operator cycles / % of end-to-end):
  [text] subtotal: 137,740,167,582  ( 13.6%)
      OPBREAKDOWN text/attn 2063273502 0.204
      OPBREAKDOWN text/ffn_down 54804082144 5.429
      OPBREAKDOWN text/ffn_up 56458378144 5.593
      OPBREAKDOWN text/omap 10681314784 1.058
      OPBREAKDOWN text/qkv 13733119008 1.361
  [img] subtotal: 871,650,723,200  ( 86.4%)
      OPBREAKDOWN img/attn 57115027200 5.658
      OPBREAKDOWN img/drain 25600 0.000
      OPBREAKDOWN img/ffn_down 265918822400 26.344
      OPBREAKDOWN img/ffn_up 429096281600 42.510
      OPBREAKDOWN img/omap 50308966400 4.984
      OPBREAKDOWN img/prefetch 102400 0.000
      OPBREAKDOWN img/qkv 69211497600 6.857
  breakdown sum: 1,009,390,890,782  (total_cycles=1,009,390,890,782)
[15:02:29] ENERGY BREAKDOWN:
  Compute (MAC):  1262634.511 mJ  ( 77.7%)
  SRAM total:       4236.251 mJ  (  0.3%)
    ifmap:          1400.316 mJ
    filter:         2800.633 mJ
    ofmap:            35.302 mJ
  DRAM total:     357668.659 mJ  ( 22.0%)  [type=HBM2]
    ifmap:         21271.578 mJ
    filter:       112490.650 mJ
    ofmap:         22028.254 mJ
    idle:         201878.178 mJ
  ----
  Total Energy: 1624539.421 mJ
  Avg Power:         0.805 W   (cycles 1,009,390,890,782)
  EDP:          3279590586.285 mJ·s
  Total MAC ops: 841,756,340,604,928   [fp16=841,756,340,604,928]
[15:02:29] ======= Bagel Model Simulation Completed =======
