[14:33:52] ======= Bagel Model Simulation Started =======
[14:33:52] Configuration: text_len=229, image_steps=50, layers=28
[14:33:52] =========== Text Generation Started (total steps: 229) ===========
[14:33:52] Text generation - Start qkv mapping
[14:33:57] Text generation - End qkv mapping, total cycles:2106288.0
[14:33:57] Text generation - Start output mapping
[14:34:01] Text generation - End output mapping, total cycles:1638224.0
[14:34:01] Text generation - Start FFN up
[14:34:06] Text generation - End FFN up, total cycles:8659184.0
[14:34:06] Text generation - Start FFN down
[14:34:30] Text generation - End FFN down, total cycles:8520344.0
[14:34:30] Text generation - Step 0 to Step 19 started (kv_len in averagr: 3264)
[14:34:35] Text generation - Step 20 to Step 39 started (kv_len in averagr: 3304)
[14:34:40] Text generation - Step 40 to Step 59 started (kv_len in averagr: 3344)
[14:34:44] Text generation - Step 60 to Step 79 started (kv_len in averagr: 3384)
[14:34:49] Text generation - Step 80 to Step 99 started (kv_len in averagr: 3424)
[14:34:54] Text generation - Step 100 to Step 119 started (kv_len in averagr: 3464)
[14:34:59] Text generation - Step 120 to Step 139 started (kv_len in averagr: 3504)
[14:35:03] Text generation - Step 140 to Step 159 started (kv_len in averagr: 3544)
[14:35:08] Text generation - Step 160 to Step 179 started (kv_len in averagr: 3584)
[14:35:13] Text generation - Step 180 to Step 199 started (kv_len in averagr: 3624)
[14:35:19] Text generation - Step 200 to Step 219 started (kv_len in averagr: 3664)
[14:35:24] Text generation - Step 220 to Step 228 started (kv_len in averagr: 3699)
[14:35:29] =========== Text Generation Completed, total cycles: 157103435363.0, total seconds: 314.206870726 ===========
[14:35:29] =========== Image Generation Started (total steps: 50) ===========
[14:35:29] Image generation - Start prefetching
[14:35:29] Image generation - End prefetching, total cycles:4096.0
[14:35:29] Image generation - Start qkv mapping
[14:35:38] Text generation - End qkv mapping, total cycles:13493952.0
[14:35:38] Image generation - Start output mapping
[14:35:38] Image generation - End output mapping, total cycles:9062592
[14:35:38] Image generation - Start FFN down
[14:35:38] Image generation - End FFN down, total cycles:47902272
[14:35:38] Image generation - Start draining
[14:35:38] Image generation - End draining, total cycles:4096.0
[14:35:38] Image generation - full_cache config started (kv_len: 4374)
[14:35:38] Image generation - full_cache config completed, cycles: 5492040064.0
[14:35:38] Image generation - without_img config started (kv_len: 1501)
[14:35:38] Image generation - without_img config completed, cycles: 4949211008.0
[14:35:38] Image generation - without_text config started (kv_len: 4157)
[14:35:38] Image generation - without_text config completed, cycles: 5446436352.0
[14:35:38] =========== Image Generation Completed, total cycles: 794384780800.0, total seconds: 1588.7695616 ===========
[14:35:38] ==================================================
[14:35:38] FINAL RESULT - Total Cycles: 951488216163.0, total seconds: 1902.976432326
[14:35:38] Simulation Duration: 106.38 seconds
[14:35:38] CYCLE BREAKDOWN (per-operator cycles / % of end-to-end):
  [text] subtotal: 157,103,435,363  ( 16.5%)
      OPBREAKDOWN text/attn 22938490883 2.411
      OPBREAKDOWN text/ffn_down 54632445728 5.742
      OPBREAKDOWN text/ffn_up 55522687808 5.835
      OPBREAKDOWN text/omap 10504292288 1.104
      OPBREAKDOWN text/qkv 13505518656 1.419
  [img] subtotal: 794,384,780,800  ( 83.5%)
      OPBREAKDOWN img/attn 96078259200 10.098
      OPBREAKDOWN img/drain 204800 0.000
      OPBREAKDOWN img/ffn_down 201189542400 21.145
      OPBREAKDOWN img/ffn_up 402379084800 42.289
      OPBREAKDOWN img/omap 38062886400 4.000
      OPBREAKDOWN img/prefetch 204800 0.000
      OPBREAKDOWN img/qkv 56674598400 5.956
  breakdown sum: 951,488,216,163  (total_cycles=951,488,216,163)
[14:35:38] ENERGY BREAKDOWN:
  Compute (MAC):  2233084.906 mJ  ( 83.3%)
  SRAM total:       7395.098 mJ  (  0.3%)
    ifmap:          2436.668 mJ
    filter:         4873.337 mJ
    ofmap:            85.093 mJ
  DRAM total:     440890.901 mJ  ( 16.4%)  [type=HBM2]
    ifmap:         49769.062 mJ
    filter:       147726.400 mJ
    ofmap:         53097.796 mJ
    idle:         190297.643 mJ
  ----
  Total Energy: 2681370.906 mJ
  Avg Power:         1.409 W   (cycles 951,488,216,163)
  EDP:          5102585640.177 mJ·s
  Total MAC ops: 1,488,723,270,938,624   [fp16=1,488,723,270,938,624]
[14:35:38] ======= Bagel Model Simulation Completed =======
