[14:56:53] ======= Bagel Model Simulation Started =======
[14:56:53] Configuration: text_len=229, image_steps=50, layers=28
[14:56:53] =========== Text Generation Started (total steps: 229) ===========
[14:56:53] Text generation - Start qkv mapping
[14:56:59] Text generation - End qkv mapping, total cycles:2141784.0
[14:56:59] Text generation - Start output mapping
[14:57:05] Text generation - End output mapping, total cycles:1665832.0
[14:57:05] Text generation - Start FFN up
[14:57:11] Text generation - End FFN up, total cycles:8805112.0
[14:57:11] Text generation - Start FFN down
[14:57:40] Text generation - End FFN down, total cycles:8547112.0
[14:57:40] Text generation - Step 0 to Step 19 started (kv_len in averagr: 3264)
[14:57:46] Text generation - Step 20 to Step 39 started (kv_len in averagr: 3304)
[14:57:52] Text generation - Step 40 to Step 59 started (kv_len in averagr: 3344)
[14:57:57] Text generation - Step 60 to Step 79 started (kv_len in averagr: 3384)
[14:58:03] Text generation - Step 80 to Step 99 started (kv_len in averagr: 3424)
[14:58:09] Text generation - Step 100 to Step 119 started (kv_len in averagr: 3464)
[14:58:15] Text generation - Step 120 to Step 139 started (kv_len in averagr: 3504)
[14:58:21] Text generation - Step 140 to Step 159 started (kv_len in averagr: 3544)
[14:58:27] Text generation - Step 160 to Step 179 started (kv_len in averagr: 3584)
[14:58:33] Text generation - Step 180 to Step 199 started (kv_len in averagr: 3624)
[14:58:39] Text generation - Step 200 to Step 219 started (kv_len in averagr: 3664)
[14:58:45] Text generation - Step 220 to Step 228 started (kv_len in averagr: 3699)
[14:58:52] =========== Text Generation Completed, total cycles: 160252737725.5, total seconds: 320.505475451 ===========
[14:58:52] =========== Image Generation Started (total steps: 50) ===========
[14:58:52] Image generation - Start prefetching
[14:58:52] Image generation - End prefetching, total cycles:2048.0
[14:58:52] Image generation - Start qkv mapping
[14:59:03] Text generation - End qkv mapping, total cycles:24718392.0
[14:59:03] Image generation - Start output mapping
[14:59:03] Image generation - End output mapping, total cycles:17967488
[14:59:03] Image generation - Start FFN down
[14:59:03] Image generation - End FFN down, total cycles:94971008
[14:59:03] Image generation - Start draining
[14:59:03] Image generation - End draining, total cycles:512.0
[14:59:03] Image generation - full_cache config started (kv_len: 1354)
[14:59:03] Image generation - full_cache config completed, cycles: 8199520672.0
[14:59:03] Image generation - without_img config started (kv_len: 744)
[14:59:03] Image generation - without_img config completed, cycles: 7990819872.0
[14:59:03] Image generation - without_text config started (kv_len: 1307)
[14:59:03] Image generation - without_text config completed, cycles: 5883355296.0
[14:59:03] =========== Image Generation Completed, total cycles: 1103684920000.0, total seconds: 2207.36984 ===========
[14:59:03] ==================================================
[14:59:03] FINAL RESULT - Total Cycles: 1263937657725.5, total seconds: 2527.875315451
[14:59:03] Simulation Duration: 129.77 seconds
[14:59:03] CYCLE BREAKDOWN (per-operator cycles / % of end-to-end):
  [text] subtotal: 160,252,737,726  ( 12.7%)
      OPBREAKDOWN text/attn 24575843646 1.944
      OPBREAKDOWN text/ffn_down 54804082144 4.336
      OPBREAKDOWN text/ffn_up 56458378144 4.467
      OPBREAKDOWN text/omap 10681314784 0.845
      OPBREAKDOWN text/qkv 13733119008 1.087
  [img] subtotal: 1,103,684,920,000  ( 87.3%)
      OPBREAKDOWN img/attn 60167923200 4.760
      OPBREAKDOWN img/drain 25600 0.000
      OPBREAKDOWN img/ffn_down 398878233600 31.558
      OPBREAKDOWN img/ffn_up 465357939200 36.818
      OPBREAKDOWN img/omap 75463449600 5.971
      OPBREAKDOWN img/prefetch 102400 0.000
      OPBREAKDOWN img/qkv 103817246400 8.214
  breakdown sum: 1,263,937,657,726  (total_cycles=1,263,937,657,726)
[14:59:03] ENERGY BREAKDOWN:
  Compute (MAC):  1596307.061 mJ  ( 77.9%)
  SRAM total:       5286.837 mJ  (  0.3%)
    ifmap:          1748.943 mJ
    filter:         3497.886 mJ
    ofmap:            40.007 mJ
  DRAM total:     447663.654 mJ  ( 21.8%)  [type=HBM2]
    ifmap:         26334.975 mJ
    filter:       143576.596 mJ
    ofmap:         24964.551 mJ
    idle:         252787.532 mJ
  ----
  Total Energy: 2049257.551 mJ
  Avg Power:         0.811 W   (cycles 1,263,937,657,725)
  EDP:          5180267578.833 mJ·s
  Total MAC ops: 1,064,204,707,098,624   [fp16=1,064,204,707,098,624]
[14:59:03] ======= Bagel Model Simulation Completed =======
