[14:39:55] ======= Bagel Model Simulation Started =======
[14:39:55] Configuration: text_len=229, image_steps=50, layers=28
[14:39:55] =========== Text Generation Started (total steps: 229) ===========
[14:39:55] Text generation - Start qkv mapping
[14:40:00] Text generation - End qkv mapping, total cycles:2106288.0
[14:40:00] Text generation - Start output mapping
[14:40:04] Text generation - End output mapping, total cycles:1638224.0
[14:40:04] Text generation - Start FFN up
[14:40:09] Text generation - End FFN up, total cycles:8659184.0
[14:40:09] Text generation - Start FFN down
[14:40:33] Text generation - End FFN down, total cycles:8520344.0
[14:40:33] Text generation - Step 0 to Step 19 started (kv_len in averagr: 58)
[14:40:33] Text generation - Step 20 to Step 39 started (kv_len in averagr: 98)
[14:40:34] Text generation - Step 40 to Step 59 started (kv_len in averagr: 138)
[14:40:34] Text generation - Step 60 to Step 79 started (kv_len in averagr: 178)
[14:40:35] Text generation - Step 80 to Step 99 started (kv_len in averagr: 218)
[14:40:35] Text generation - Step 100 to Step 119 started (kv_len in averagr: 258)
[14:40:36] Text generation - Step 120 to Step 139 started (kv_len in averagr: 298)
[14:40:36] Text generation - Step 140 to Step 159 started (kv_len in averagr: 338)
[14:40:37] Text generation - Step 160 to Step 179 started (kv_len in averagr: 378)
[14:40:38] Text generation - Step 180 to Step 199 started (kv_len in averagr: 418)
[14:40:39] Text generation - Step 200 to Step 219 started (kv_len in averagr: 458)
[14:40:40] Text generation - Step 220 to Step 228 started (kv_len in averagr: 493)
[14:40:41] =========== Text Generation Completed, total cycles: 136003042133.0, total seconds: 272.006084266 ===========
[14:40:41] =========== Image Generation Started (total steps: 50) ===========
[14:40:41] Image generation - Start prefetching
[14:40:41] Image generation - End prefetching, total cycles:4096.0
[14:40:41] Image generation - Start qkv mapping
[14:40:50] Text generation - End qkv mapping, total cycles:13493952.0
[14:40:50] Image generation - Start output mapping
[14:40:50] Image generation - End output mapping, total cycles:9062592
[14:40:50] Image generation - Start FFN down
[14:40:50] Image generation - End FFN down, total cycles:47902272
[14:40:50] Image generation - Start draining
[14:40:50] Image generation - End draining, total cycles:4096.0
[14:40:50] Image generation - full_cache config started (kv_len: 1655)
[14:40:50] Image generation - full_cache config completed, cycles: 4975152000.0
[14:40:50] Image generation - without_text config started (kv_len: 1607)
[14:40:50] Image generation - without_text config completed, cycles: 4971840384.0
[14:40:50] =========== Image Generation Completed, total cycles: 497350028800.0, total seconds: 994.7000576 ===========
[14:40:50] ==================================================
[14:40:50] FINAL RESULT - Total Cycles: 633353070933.0, total seconds: 1266.706141866
[14:40:50] Simulation Duration: 55.00 seconds
[14:40:50] CYCLE BREAKDOWN (per-operator cycles / % of end-to-end):
  [text] subtotal: 136,003,042,133  ( 21.5%)
      OPBREAKDOWN text/attn 1838097653 0.290
      OPBREAKDOWN text/ffn_down 54632445728 8.626
      OPBREAKDOWN text/ffn_up 55522687808 8.766
      OPBREAKDOWN text/omap 10504292288 1.659
      OPBREAKDOWN text/qkv 13505518656 2.132
  [img] subtotal: 497,350,028,800  ( 78.5%)
      OPBREAKDOWN img/attn 31812211200 5.023
      OPBREAKDOWN img/drain 204800 0.000
      OPBREAKDOWN img/ffn_down 134126361600 21.177
      OPBREAKDOWN img/ffn_up 268252723200 42.354
      OPBREAKDOWN img/omap 25375257600 4.006
      OPBREAKDOWN img/prefetch 204800 0.000
      OPBREAKDOWN img/qkv 37783065600 5.966
  breakdown sum: 633,353,070,933  (total_cycles=633,353,070,933)
[14:40:50] ENERGY BREAKDOWN:
  Compute (MAC):  1418046.843 mJ  ( 83.1%)
  SRAM total:       4723.914 mJ  (  0.3%)
    ifmap:          1561.907 mJ
    filter:         3123.815 mJ
    ofmap:            38.193 mJ
  DRAM total:     284606.265 mJ  ( 16.7%)  [type=HBM2]
    ifmap:         21612.855 mJ
    filter:       112490.650 mJ
    ofmap:         23832.147 mJ
    idle:         126670.614 mJ
  ----
  Total Energy: 1707377.023 mJ
  Avg Power:         1.348 W   (cycles 633,353,070,933)
  EDP:          2162744961.438 mJ·s
  Total MAC ops: 945,364,562,300,928   [fp16=945,364,562,300,928]
[14:40:50] ======= Bagel Model Simulation Completed =======
