[14:48:14] ======= Bagel Model Simulation Started =======
[14:48:14] Configuration: text_len=229, image_steps=50, layers=28
[14:48:14] =========== Text Generation Started (total steps: 229) ===========
[14:48:14] Text generation - Start qkv mapping
[14:48:20] Text generation - End qkv mapping, total cycles:2141784.0
[14:48:20] Text generation - Start output mapping
[14:48:26] Text generation - End output mapping, total cycles:1665832.0
[14:48:26] Text generation - Start FFN up
[14:48:32] Text generation - End FFN up, total cycles:8805112.0
[14:48:32] Text generation - Start FFN down
[14:49:02] Text generation - End FFN down, total cycles:8547112.0
[14:49:02] Text generation - Step 0 to Step 19 started (kv_len in averagr: 3264)
[14:49:08] Text generation - Step 20 to Step 39 started (kv_len in averagr: 3304)
[14:49:14] Text generation - Step 40 to Step 59 started (kv_len in averagr: 3344)
[14:49:19] Text generation - Step 60 to Step 79 started (kv_len in averagr: 3384)
[14:49:25] Text generation - Step 80 to Step 99 started (kv_len in averagr: 3424)
[14:49:31] Text generation - Step 100 to Step 119 started (kv_len in averagr: 3464)
[14:49:37] Text generation - Step 120 to Step 139 started (kv_len in averagr: 3504)
[14:49:43] Text generation - Step 140 to Step 159 started (kv_len in averagr: 3544)
[14:49:49] Text generation - Step 160 to Step 179 started (kv_len in averagr: 3584)
[14:49:55] Text generation - Step 180 to Step 199 started (kv_len in averagr: 3624)
[14:50:01] Text generation - Step 200 to Step 219 started (kv_len in averagr: 3664)
[14:50:08] Text generation - Step 220 to Step 228 started (kv_len in averagr: 3699)
[14:50:14] =========== Text Generation Completed, total cycles: 160252737725.5, total seconds: 320.505475451 ===========
[14:50:14] =========== Image Generation Started (total steps: 50) ===========
[14:50:14] Image generation - Start prefetching
[14:50:14] Image generation - End prefetching, total cycles:2048.0
[14:50:14] Image generation - Start qkv mapping
[14:50:26] Text generation - End qkv mapping, total cycles:24718392.0
[14:50:26] Image generation - Start output mapping
[14:50:26] Image generation - End output mapping, total cycles:17967488
[14:50:26] Image generation - Start FFN down
[14:50:26] Image generation - End FFN down, total cycles:94971008
[14:50:26] Image generation - Start draining
[14:50:26] Image generation - End draining, total cycles:512.0
[14:50:26] Image generation - full_cache config started (kv_len: 4861)
[14:50:26] Image generation - full_cache config completed, cycles: 10848309024.0
[14:50:26] Image generation - without_img config started (kv_len: 1668)
[14:50:26] Image generation - without_img config completed, cycles: 9758856352.0
[14:50:26] Image generation - without_text config started (kv_len: 4619)
[14:50:26] Image generation - without_text config completed, cycles: 10769037216.0
[14:50:26] =========== Image Generation Completed, total cycles: 1568810257600.0, total seconds: 3137.6205152 ===========
[14:50:26] ==================================================
[14:50:26] FINAL RESULT - Total Cycles: 1729062995325.5, total seconds: 3458.125990651
[14:50:26] Simulation Duration: 131.40 seconds
[14:50:26] CYCLE BREAKDOWN (per-operator cycles / % of end-to-end):
  [text] subtotal: 160,252,737,726  (  9.3%)
      OPBREAKDOWN text/attn 24575843646 1.421
      OPBREAKDOWN text/ffn_down 54804082144 3.170
      OPBREAKDOWN text/ffn_up 56458378144 3.265
      OPBREAKDOWN text/omap 10681314784 0.618
      OPBREAKDOWN text/qkv 13733119008 0.794
  [img] subtotal: 1,568,810,257,600  ( 90.7%)
      OPBREAKDOWN img/attn 192894732800 11.156
      OPBREAKDOWN img/drain 25600 0.000
      OPBREAKDOWN img/ffn_down 398878233600 23.069
      OPBREAKDOWN img/ffn_up 797756467200 46.138
      OPBREAKDOWN img/omap 75463449600 4.364
      OPBREAKDOWN img/prefetch 102400 0.000
      OPBREAKDOWN img/qkv 103817246400 6.004
  breakdown sum: 1,729,062,995,326  (total_cycles=1,729,062,995,326)
[14:50:26] ENERGY BREAKDOWN:
  Compute (MAC):  2256233.825 mJ  ( 78.7%)
  SRAM total:       7476.234 mJ  (  0.3%)
    ifmap:          2461.704 mJ
    filter:         4923.409 mJ
    ofmap:            91.121 mJ
  DRAM total:     604628.091 mJ  ( 21.1%)  [type=HBM2]
    ifmap:         53530.762 mJ
    filter:       148425.235 mJ
    ofmap:         56859.495 mJ
    idle:         345812.599 mJ
  ----
  Total Energy: 2868338.150 mJ
  Avg Power:         0.829 W   (cycles 1,729,062,995,325)
  EDP:          9919074705.193 mJ·s
  Total MAC ops: 1,504,155,883,188,224   [fp16=1,504,155,883,188,224]
[14:50:26] ======= Bagel Model Simulation Completed =======
