[14:38:10] ======= Bagel Model Simulation Started =======
[14:38:10] Configuration: text_len=229, image_steps=50, layers=28
[14:38:10] =========== Text Generation Started (total steps: 229) ===========
[14:38:10] Text generation - Start qkv mapping
[14:38:15] Text generation - End qkv mapping, total cycles:2106288.0
[14:38:15] Text generation - Start output mapping
[14:38:20] Text generation - End output mapping, total cycles:1638224.0
[14:38:20] Text generation - Start FFN up
[14:38:24] Text generation - End FFN up, total cycles:8659184.0
[14:38:24] Text generation - Start FFN down
[14:38:48] Text generation - End FFN down, total cycles:8520344.0
[14:38:48] Text generation - Step 0 to Step 19 started (kv_len in averagr: 3264)
[14:38:52] Text generation - Step 20 to Step 39 started (kv_len in averagr: 3304)
[14:38:57] Text generation - Step 40 to Step 59 started (kv_len in averagr: 3344)
[14:39:02] Text generation - Step 60 to Step 79 started (kv_len in averagr: 3384)
[14:39:06] Text generation - Step 80 to Step 99 started (kv_len in averagr: 3424)
[14:39:11] Text generation - Step 100 to Step 119 started (kv_len in averagr: 3464)
[14:39:16] Text generation - Step 120 to Step 139 started (kv_len in averagr: 3504)
[14:39:21] Text generation - Step 140 to Step 159 started (kv_len in averagr: 3544)
[14:39:25] Text generation - Step 160 to Step 179 started (kv_len in averagr: 3584)
[14:39:30] Text generation - Step 180 to Step 199 started (kv_len in averagr: 3624)
[14:39:35] Text generation - Step 200 to Step 219 started (kv_len in averagr: 3664)
[14:39:40] Text generation - Step 220 to Step 228 started (kv_len in averagr: 3699)
[14:39:45] =========== Text Generation Completed, total cycles: 157103435363.0, total seconds: 314.206870726 ===========
[14:39:45] =========== Image Generation Started (total steps: 50) ===========
[14:39:45] Image generation - Start prefetching
[14:39:45] Image generation - End prefetching, total cycles:4096.0
[14:39:45] Image generation - Start qkv mapping
[14:39:55] Text generation - End qkv mapping, total cycles:13493952.0
[14:39:55] Image generation - Start output mapping
[14:39:55] Image generation - End output mapping, total cycles:9062592
[14:39:55] Image generation - Start FFN down
[14:39:55] Image generation - End FFN down, total cycles:47902272
[14:39:55] Image generation - Start draining
[14:39:55] Image generation - End draining, total cycles:4096.0
[14:39:55] Image generation - full_cache config started (kv_len: 4861)
[14:39:55] Image generation - full_cache config completed, cycles: 5579245952.0
[14:39:55] Image generation - without_img config started (kv_len: 1668)
[14:39:55] Image generation - without_img config completed, cycles: 4983707008.0
[14:39:55] Image generation - without_text config started (kv_len: 4619)
[14:39:55] Image generation - without_text config completed, cycles: 5539575552.0
[14:39:55] =========== Image Generation Completed, total cycles: 805126835200.0, total seconds: 1610.2536704 ===========
[14:39:55] ==================================================
[14:39:55] FINAL RESULT - Total Cycles: 962230270563.0, total seconds: 1924.460541126
[14:39:55] Simulation Duration: 104.38 seconds
[14:39:55] CYCLE BREAKDOWN (per-operator cycles / % of end-to-end):
  [text] subtotal: 157,103,435,363  ( 16.3%)
      OPBREAKDOWN text/attn 22938490883 2.384
      OPBREAKDOWN text/ffn_down 54632445728 5.678
      OPBREAKDOWN text/ffn_up 55522687808 5.770
      OPBREAKDOWN text/omap 10504292288 1.092
      OPBREAKDOWN text/qkv 13505518656 1.404
  [img] subtotal: 805,126,835,200  ( 83.7%)
      OPBREAKDOWN img/attn 106820313600 11.101
      OPBREAKDOWN img/drain 204800 0.000
      OPBREAKDOWN img/ffn_down 201189542400 20.909
      OPBREAKDOWN img/ffn_up 402379084800 41.817
      OPBREAKDOWN img/omap 38062886400 3.956
      OPBREAKDOWN img/prefetch 204800 0.000
      OPBREAKDOWN img/qkv 56674598400 5.890
  breakdown sum: 962,230,270,563  (total_cycles=962,230,270,563)
[14:39:55] ENERGY BREAKDOWN:
  Compute (MAC):  2256233.825 mJ  ( 83.1%)
  SRAM total:       7476.234 mJ  (  0.3%)
    ifmap:          2461.704 mJ
    filter:         4923.409 mJ
    ofmap:            91.121 mJ
  DRAM total:     451261.546 mJ  ( 16.6%)  [type=HBM2]
    ifmap:         53530.762 mJ
    filter:       148425.235 mJ
    ofmap:         56859.495 mJ
    idle:         192446.054 mJ
  ----
  Total Energy: 2714971.605 mJ
  Avg Power:         1.411 W   (cycles 962,230,270,563)
  EDP:          5224855723.471 mJ·s
  Total MAC ops: 1,504,155,883,188,224   [fp16=1,504,155,883,188,224]
[14:39:55] ======= Bagel Model Simulation Completed =======
