[15:02:29] ======= Bagel Model Simulation Started =======
[15:02:29] Configuration: text_len=229, image_steps=50, layers=28
[15:02:29] =========== Text Generation Started (total steps: 229) ===========
[15:02:29] Text generation - Start qkv mapping
[15:02:35] Text generation - End qkv mapping, total cycles:2141784.0
[15:02:35] Text generation - Start output mapping
[15:02:41] Text generation - End output mapping, total cycles:1665832.0
[15:02:41] Text generation - Start FFN up
[15:02:46] Text generation - End FFN up, total cycles:5168456.0
[15:02:46] Text generation - Start FFN down
[15:03:10] Text generation - End FFN down, total cycles:4418904.0
[15:03:10] Text generation - Step 0 to Step 19 started (kv_len in averagr: 58)
[15:03:11] Text generation - Step 20 to Step 39 started (kv_len in averagr: 98)
[15:03:11] Text generation - Step 40 to Step 59 started (kv_len in averagr: 138)
[15:03:12] Text generation - Step 60 to Step 79 started (kv_len in averagr: 178)
[15:03:12] Text generation - Step 80 to Step 99 started (kv_len in averagr: 218)
[15:03:13] Text generation - Step 100 to Step 119 started (kv_len in averagr: 258)
[15:03:14] Text generation - Step 120 to Step 139 started (kv_len in averagr: 298)
[15:03:15] Text generation - Step 140 to Step 159 started (kv_len in averagr: 338)
[15:03:16] Text generation - Step 160 to Step 179 started (kv_len in averagr: 378)
[15:03:17] Text generation - Step 180 to Step 199 started (kv_len in averagr: 418)
[15:03:18] Text generation - Step 200 to Step 219 started (kv_len in averagr: 458)
[15:03:19] Text generation - Step 220 to Step 228 started (kv_len in averagr: 493)
[15:03:20] =========== Text Generation Completed, total cycles: 87951859614.5, total seconds: 175.903719229 ===========
[15:03:20] =========== Image Generation Started (total steps: 50) ===========
[15:03:20] Image generation - Start prefetching
[15:03:20] Image generation - End prefetching, total cycles:2048.0
[15:03:20] Image generation - Start qkv mapping
[15:03:32] Text generation - End qkv mapping, total cycles:24718392.0
[15:03:32] Image generation - Start output mapping
[15:03:32] Image generation - End output mapping, total cycles:17967488
[15:03:32] Image generation - Start FFN down
[15:03:32] Image generation - End FFN down, total cycles:47902272
[15:03:32] Image generation - Start draining
[15:03:32] Image generation - End draining, total cycles:512.0
[15:03:32] Image generation - full_cache config started (kv_len: 1655)
[15:03:32] Image generation - full_cache config completed, cycles: 5796734496.0
[15:03:32] Image generation - without_text config started (kv_len: 1607)
[15:03:32] Image generation - without_text config completed, cycles: 5783557024.0
[15:03:32] =========== Image Generation Completed, total cycles: 579014704000.0, total seconds: 1158.029408 ===========
[15:03:32] ==================================================
[15:03:32] FINAL RESULT - Total Cycles: 666966563614.5, total seconds: 1333.933127229
[15:03:32] Simulation Duration: 62.89 seconds
[15:03:32] CYCLE BREAKDOWN (per-operator cycles / % of end-to-end):
  [text] subtotal: 87,951,859,614  ( 13.2%)
      OPBREAKDOWN text/attn 2063273502 0.309
      OPBREAKDOWN text/ffn_down 28334012448 4.248
      OPBREAKDOWN text/ffn_up 33140139872 4.969
      OPBREAKDOWN text/omap 10681314784 1.601
      OPBREAKDOWN text/qkv 13733119008 2.059
  [img] subtotal: 579,014,704,000  ( 86.8%)
      OPBREAKDOWN img/attn 57115027200 8.563
      OPBREAKDOWN img/drain 25600 0.000
      OPBREAKDOWN img/ffn_down 134126361600 20.110
      OPBREAKDOWN img/ffn_up 268252723200 40.220
      OPBREAKDOWN img/omap 50308966400 7.543
      OPBREAKDOWN img/prefetch 102400 0.000
      OPBREAKDOWN img/qkv 69211497600 10.377
  breakdown sum: 666,966,563,614  (total_cycles=666,966,563,614)
[15:03:32] ENERGY BREAKDOWN:
  Compute (MAC):  1025096.028 mJ  ( 81.0%)
  SRAM total:       2798.322 mJ  (  0.2%)
    ifmap:          1561.907 mJ
    filter:         1198.222 mJ
    ofmap:            38.193 mJ
  DRAM total:     237472.460 mJ  ( 18.8%)  [type=HBM2]
    ifmap:         21612.855 mJ
    filter:        58634.145 mJ
    ofmap:         23832.147 mJ
    idle:         133393.313 mJ
  ----
  Total Energy: 1265366.810 mJ
  Avg Power:         0.949 W   (cycles 666,966,563,614)
  EDP:          1687914706.094 mJ·s
  Total MAC ops: 945,364,562,300,928   [fp16=552,413,747,171,328 w4a16=392,950,815,129,600]
[15:03:32] ======= Bagel Model Simulation Completed =======
