[14:50:26] ======= Bagel Model Simulation Started =======
[14:50:26] Configuration: text_len=229, image_steps=50, layers=28
[14:50:26] =========== Text Generation Started (total steps: 229) ===========
[14:50:26] Text generation - Start qkv mapping
[14:50:32] Text generation - End qkv mapping, total cycles:2141784.0
[14:50:32] Text generation - Start output mapping
[14:50:38] Text generation - End output mapping, total cycles:1665832.0
[14:50:38] Text generation - Start FFN up
[14:50:43] Text generation - End FFN up, total cycles:8805112.0
[14:50:43] Text generation - Start FFN down
[14:51:13] Text generation - End FFN down, total cycles:8547112.0
[14:51:13] Text generation - Step 0 to Step 19 started (kv_len in averagr: 3264)
[14:51:19] Text generation - Step 20 to Step 39 started (kv_len in averagr: 3304)
[14:51:25] Text generation - Step 40 to Step 59 started (kv_len in averagr: 3344)
[14:51:31] Text generation - Step 60 to Step 79 started (kv_len in averagr: 3384)
[14:51:36] Text generation - Step 80 to Step 99 started (kv_len in averagr: 3424)
[14:51:42] Text generation - Step 100 to Step 119 started (kv_len in averagr: 3464)
[14:51:48] Text generation - Step 120 to Step 139 started (kv_len in averagr: 3504)
[14:51:54] Text generation - Step 140 to Step 159 started (kv_len in averagr: 3544)
[14:52:00] Text generation - Step 160 to Step 179 started (kv_len in averagr: 3584)
[14:52:06] Text generation - Step 180 to Step 199 started (kv_len in averagr: 3624)
[14:52:12] Text generation - Step 200 to Step 219 started (kv_len in averagr: 3664)
[14:52:18] Text generation - Step 220 to Step 228 started (kv_len in averagr: 3699)
[14:52:25] =========== Text Generation Completed, total cycles: 160252737725.5, total seconds: 320.505475451 ===========
[14:52:25] =========== Image Generation Started (total steps: 50) ===========
[14:52:25] Image generation - Start prefetching
[14:52:25] Image generation - End prefetching, total cycles:2048.0
[14:52:25] Image generation - Start qkv mapping
[14:52:36] Text generation - End qkv mapping, total cycles:24718392.0
[14:52:36] Image generation - Start output mapping
[14:52:36] Image generation - End output mapping, total cycles:17967488
[14:52:36] Image generation - Start FFN down
[14:52:36] Image generation - End FFN down, total cycles:94971008
[14:52:36] Image generation - Start draining
[14:52:36] Image generation - End draining, total cycles:512.0
[14:52:36] Image generation - full_cache config started (kv_len: 1354)
[14:52:36] Image generation - full_cache config completed, cycles: 9649986976.0
[14:52:36] Image generation - without_img config started (kv_len: 744)
[14:52:36] Image generation - without_img config completed, cycles: 9441286176.0
[14:52:36] Image generation - without_text config started (kv_len: 1307)
[14:52:36] Image generation - without_text config completed, cycles: 9630393248.0
[14:52:36] =========== Image Generation Completed, total cycles: 1436083448000.0, total seconds: 2872.166896 ===========
[14:52:36] ==================================================
[14:52:36] FINAL RESULT - Total Cycles: 1596336185725.5, total seconds: 3192.672371451
[14:52:36] Simulation Duration: 130.00 seconds
[14:52:36] CYCLE BREAKDOWN (per-operator cycles / % of end-to-end):
  [text] subtotal: 160,252,737,726  ( 10.0%)
      OPBREAKDOWN text/attn 24575843646 1.540
      OPBREAKDOWN text/ffn_down 54804082144 3.433
      OPBREAKDOWN text/ffn_up 56458378144 3.537
      OPBREAKDOWN text/omap 10681314784 0.669
      OPBREAKDOWN text/qkv 13733119008 0.860
  [img] subtotal: 1,436,083,448,000  ( 90.0%)
      OPBREAKDOWN img/attn 60167923200 3.769
      OPBREAKDOWN img/drain 25600 0.000
      OPBREAKDOWN img/ffn_down 398878233600 24.987
      OPBREAKDOWN img/ffn_up 797756467200 49.974
      OPBREAKDOWN img/omap 75463449600 4.727
      OPBREAKDOWN img/prefetch 102400 0.000
      OPBREAKDOWN img/qkv 103817246400 6.503
  breakdown sum: 1,596,336,185,726  (total_cycles=1,596,336,185,726)
[14:52:36] ENERGY BREAKDOWN:
  Compute (MAC):  2095622.646 mJ  ( 79.9%)
  SRAM total:       6921.538 mJ  (  0.3%)
    ifmap:          2290.748 mJ
    filter:         4581.495 mJ
    ofmap:            49.295 mJ
  DRAM total:     521035.457 mJ  ( 19.9%)  [type=HBM2]
    ifmap:         27431.445 mJ
    filter:       143576.596 mJ
    ofmap:         30760.179 mJ
    idle:         319267.237 mJ
  ----
  Total Energy: 2623579.641 mJ
  Avg Power:         0.822 W   (cycles 1,596,336,185,725)
  EDP:          8376230235.165 mJ·s
  Total MAC ops: 1,397,081,764,327,424   [fp16=1,397,081,764,327,424]
[14:52:36] ======= Bagel Model Simulation Completed =======
