[14:27:46] ======= Bagel Model Simulation Started =======
[14:27:46] Configuration: text_len=229, image_steps=50, layers=28
[14:27:46] =========== Text Generation Started (total steps: 229) ===========
[14:27:46] Text generation - Start qkv mapping
[14:27:50] Text generation - End qkv mapping, total cycles:820368.0
[14:27:50] Text generation - Start output mapping
[14:27:55] Text generation - End output mapping, total cycles:638064.0
[14:27:55] Text generation - Start FFN up
[14:27:59] Text generation - End FFN up, total cycles:3372624.0
[14:27:59] Text generation - Start FFN down
[14:28:22] Text generation - End FFN down, total cycles:2358384.0
[14:28:22] Text generation - Step 0 to Step 19 started (kv_len in averagr: 3251)
[14:28:27] Text generation - Step 20 to Step 39 started (kv_len in averagr: 3291)
[14:28:33] Text generation - Step 40 to Step 59 started (kv_len in averagr: 3331)
[14:28:39] Text generation - Step 60 to Step 79 started (kv_len in averagr: 3371)
[14:28:45] Text generation - Step 80 to Step 99 started (kv_len in averagr: 3411)
[14:28:51] Text generation - Step 100 to Step 119 started (kv_len in averagr: 3451)
[14:28:56] Text generation - Step 120 to Step 139 started (kv_len in averagr: 3491)
[14:29:02] Text generation - Step 140 to Step 159 started (kv_len in averagr: 3531)
[14:29:08] Text generation - Step 160 to Step 179 started (kv_len in averagr: 3571)
[14:29:14] Text generation - Step 180 to Step 199 started (kv_len in averagr: 3611)
[14:29:21] Text generation - Step 200 to Step 219 started (kv_len in averagr: 3651)
[14:29:27] Text generation - Step 220 to Step 228 started (kv_len in averagr: 3686)
[14:29:34] =========== Text Generation Completed, total cycles: 70613776821.0, total seconds: 141.227553642 ===========
[14:29:34] ==================================================
[14:29:34] FINAL RESULT - Total Cycles: 70613776821.0, total seconds: 141.227553642
[14:29:34] Simulation Duration: 108.34 seconds
[14:29:34] CYCLE BREAKDOWN (per-operator cycles / % of end-to-end):
  [text] subtotal: 70,613,776,821  (100.0%)
      OPBREAKDOWN text/attn 24515087541 34.717
      OPBREAKDOWN text/ffn_down 15121958208 21.415
      OPBREAKDOWN text/ffn_up 21625265088 30.625
      OPBREAKDOWN text/omap 4091266368 5.794
      OPBREAKDOWN text/qkv 5260199616 7.449
  breakdown sum: 70,613,776,821  (total_cycles=70,613,776,821)
[14:29:34] ENERGY BREAKDOWN:
  Compute (MAC):     768.028 mJ  (  1.8%)
  SRAM total:        164.338 mJ  (  0.4%)
    ifmap:           121.837 mJ
    filter:           42.416 mJ
    ofmap:             0.084 mJ
  DRAM total:      40670.777 mJ  ( 97.8%)  [type=HBM2]
    ifmap:            52.081 mJ
    filter:        26443.451 mJ
    ofmap:            52.491 mJ
    idle:          14122.755 mJ
  ----
  Total Energy:  41603.144 mJ
  Avg Power:         0.295 W   (cycles 70,613,776,821)
  EDP:          5875510.185 mJ·s
  Total MAC ops: 1,217,983,062,016   [fp16=159,036,645,376 w4a16=1,058,946,416,640]
[14:29:34] ======= Bagel Model Simulation Completed =======
