[14:22:04] ======= Bagel Model Simulation Started =======
[14:22:04] Configuration: text_len=229, image_steps=50, layers=28
[14:22:04] =========== Text Generation Started (total steps: 229) ===========
[14:22:04] Text generation - Start qkv mapping
[14:22:09] Text generation - End qkv mapping, total cycles:2141784.0
[14:22:09] Text generation - Start output mapping
[14:22:15] Text generation - End output mapping, total cycles:1665832.0
[14:22:15] Text generation - Start FFN up
[14:22:20] Text generation - End FFN up, total cycles:5168456.0
[14:22:20] Text generation - Start FFN down
[14:22:44] Text generation - End FFN down, total cycles:4418904.0
[14:22:44] Text generation - Step 0 to Step 19 started (kv_len in averagr: 58)
[14:22:45] Text generation - Step 20 to Step 39 started (kv_len in averagr: 98)
[14:22:45] Text generation - Step 40 to Step 59 started (kv_len in averagr: 138)
[14:22:46] Text generation - Step 60 to Step 79 started (kv_len in averagr: 178)
[14:22:46] Text generation - Step 80 to Step 99 started (kv_len in averagr: 218)
[14:22:47] Text generation - Step 100 to Step 119 started (kv_len in averagr: 258)
[14:22:48] Text generation - Step 120 to Step 139 started (kv_len in averagr: 298)
[14:22:48] Text generation - Step 140 to Step 159 started (kv_len in averagr: 338)
[14:22:49] Text generation - Step 160 to Step 179 started (kv_len in averagr: 378)
[14:22:50] Text generation - Step 180 to Step 199 started (kv_len in averagr: 418)
[14:22:51] Text generation - Step 200 to Step 219 started (kv_len in averagr: 458)
[14:22:52] Text generation - Step 220 to Step 228 started (kv_len in averagr: 493)
[14:22:53] =========== Text Generation Completed, total cycles: 87951859614.5, total seconds: 175.903719229 ===========
[14:22:53] =========== Image Generation Started (total steps: 50) ===========
[14:22:53] Image generation - Start prefetching
[14:22:53] Image generation - End prefetching, total cycles:2048.0
[14:22:53] Image generation - Start qkv mapping
[14:23:05] Text generation - End qkv mapping, total cycles:24718392.0
[14:23:05] Image generation - Start output mapping
[14:23:05] Image generation - End output mapping, total cycles:17967488
[14:23:05] Image generation - Start FFN down
[14:23:05] Image generation - End FFN down, total cycles:47902272
[14:23:05] Image generation - Start draining
[14:23:05] Image generation - End draining, total cycles:512.0
[14:23:05] Image generation - full_cache config started (kv_len: 827)
[14:23:05] Image generation - full_cache config completed, cycles: 5512073504.0
[14:23:05] Image generation - without_text config started (kv_len: 803)
[14:23:05] Image generation - without_text config completed, cycles: 4472330912.0
[14:23:05] =========== Image Generation Completed, total cycles: 499220348800.0, total seconds: 998.4406976 ===========
[14:23:05] ==================================================
[14:23:05] FINAL RESULT - Total Cycles: 587172208414.5, total seconds: 1174.344416829
[14:23:05] Simulation Duration: 61.19 seconds
[14:23:05] CYCLE BREAKDOWN (per-operator cycles / % of end-to-end):
  [text] subtotal: 87,951,859,614  ( 15.0%)
      OPBREAKDOWN text/attn 2063273502 0.351
      OPBREAKDOWN text/ffn_down 28334012448 4.826
      OPBREAKDOWN text/ffn_up 33140139872 5.644
      OPBREAKDOWN text/omap 10681314784 1.819
      OPBREAKDOWN text/qkv 13733119008 2.339
  [img] subtotal: 499,220,348,800  ( 85.0%)
      OPBREAKDOWN img/attn 29142220800 4.963
      OPBREAKDOWN img/drain 25600 0.000
      OPBREAKDOWN img/ffn_down 134126361600 22.843
      OPBREAKDOWN img/ffn_up 216431174400 36.860
      OPBREAKDOWN img/omap 50308966400 8.568
      OPBREAKDOWN img/prefetch 102400 0.000
      OPBREAKDOWN img/qkv 69211497600 11.787
  breakdown sum: 587,172,208,414  (total_cycles=587,172,208,414)
[14:23:05] ENERGY BREAKDOWN:
  Compute (MAC):  887635.625 mJ  ( 80.9%)
  SRAM total:       2435.079 mJ  (  0.2%)
    ifmap:          1363.933 mJ
    filter:         1044.660 mJ
    ofmap:            26.486 mJ
  DRAM total:     207344.507 mJ  ( 18.9%)  [type=HBM2]
    ifmap:         15770.598 mJ
    filter:        57612.193 mJ
    ofmap:         16527.274 mJ
    idle:         117434.442 mJ
  ----
  Total Energy: 1097415.210 mJ
  Avg Power:         0.934 W   (cycles 587,172,208,414)
  EDP:          1288743424.953 mJ·s
  Total MAC ops: 819,188,219,465,728   [fp16=478,041,515,184,128 w4a16=341,146,704,281,600]
[14:23:05] ======= Bagel Model Simulation Completed =======
