[14:31:20] ======= Bagel Model Simulation Started =======
[14:31:20] Configuration: text_len=229, image_steps=50, layers=28
[14:31:20] =========== Text Generation Started (total steps: 229) ===========
[14:31:20] Text generation - Start qkv mapping
[14:31:25] Text generation - End qkv mapping, total cycles:2106288.0
[14:31:25] Text generation - Start output mapping
[14:31:29] Text generation - End output mapping, total cycles:1638224.0
[14:31:29] Text generation - Start FFN up
[14:31:34] Text generation - End FFN up, total cycles:8659184.0
[14:31:34] Text generation - Start FFN down
[14:31:58] Text generation - End FFN down, total cycles:8520344.0
[14:31:58] Text generation - Step 0 to Step 19 started (kv_len in averagr: 58)
[14:31:58] Text generation - Step 20 to Step 39 started (kv_len in averagr: 98)
[14:31:59] Text generation - Step 40 to Step 59 started (kv_len in averagr: 138)
[14:31:59] Text generation - Step 60 to Step 79 started (kv_len in averagr: 178)
[14:32:00] Text generation - Step 80 to Step 99 started (kv_len in averagr: 218)
[14:32:00] Text generation - Step 100 to Step 119 started (kv_len in averagr: 258)
[14:32:01] Text generation - Step 120 to Step 139 started (kv_len in averagr: 298)
[14:32:01] Text generation - Step 140 to Step 159 started (kv_len in averagr: 338)
[14:32:02] Text generation - Step 160 to Step 179 started (kv_len in averagr: 378)
[14:32:03] Text generation - Step 180 to Step 199 started (kv_len in averagr: 418)
[14:32:04] Text generation - Step 200 to Step 219 started (kv_len in averagr: 458)
[14:32:05] Text generation - Step 220 to Step 228 started (kv_len in averagr: 493)
[14:32:06] =========== Text Generation Completed, total cycles: 136003042133.0, total seconds: 272.006084266 ===========
[14:32:06] =========== Image Generation Started (total steps: 50) ===========
[14:32:06] Image generation - Start prefetching
[14:32:06] Image generation - End prefetching, total cycles:4096.0
[14:32:06] Image generation - Start qkv mapping
[14:32:15] Text generation - End qkv mapping, total cycles:13493952.0
[14:32:15] Image generation - Start output mapping
[14:32:15] Image generation - End output mapping, total cycles:9062592
[14:32:15] Image generation - Start FFN down
[14:32:15] Image generation - End FFN down, total cycles:47902272
[14:32:15] Image generation - Start draining
[14:32:15] Image generation - End draining, total cycles:4096.0
[14:32:15] Image generation - full_cache config started (kv_len: 1655)
[14:32:15] Image generation - full_cache config completed, cycles: 4975152000.0
[14:32:15] Image generation - without_text config started (kv_len: 1607)
[14:32:15] Image generation - without_text config completed, cycles: 4910873856.0
[14:32:15] =========== Image Generation Completed, total cycles: 494301702400.0, total seconds: 988.6034048 ===========
[14:32:15] ==================================================
[14:32:15] FINAL RESULT - Total Cycles: 630304744533.0, total seconds: 1260.609489066
[14:32:15] Simulation Duration: 54.92 seconds
[14:32:15] CYCLE BREAKDOWN (per-operator cycles / % of end-to-end):
  [text] subtotal: 136,003,042,133  ( 21.6%)
      OPBREAKDOWN text/attn 1838097653 0.292
      OPBREAKDOWN text/ffn_down 54632445728 8.668
      OPBREAKDOWN text/ffn_up 55522687808 8.809
      OPBREAKDOWN text/omap 10504292288 1.667
      OPBREAKDOWN text/qkv 13505518656 2.143
  [img] subtotal: 494,301,702,400  ( 78.4%)
      OPBREAKDOWN img/attn 31812211200 5.047
      OPBREAKDOWN img/drain 204800 0.000
      OPBREAKDOWN img/ffn_down 134126361600 21.280
      OPBREAKDOWN img/ffn_up 265204396800 42.076
      OPBREAKDOWN img/omap 25375257600 4.026
      OPBREAKDOWN img/prefetch 204800 0.000
      OPBREAKDOWN img/qkv 37783065600 5.994
  breakdown sum: 630,304,744,533  (total_cycles=630,304,744,533)
[14:32:15] ENERGY BREAKDOWN:
  Compute (MAC):  1410062.357 mJ  ( 83.0%)
  SRAM total:       4695.250 mJ  (  0.3%)
    ifmap:          1552.402 mJ
    filter:         3104.804 mJ
    ofmap:            38.044 mJ
  DRAM total:     283886.389 mJ  ( 16.7%)  [type=HBM2]
    ifmap:         21595.321 mJ
    filter:       112490.650 mJ
    ofmap:         23739.470 mJ
    idle:         126060.949 mJ
  ----
  Total Energy: 1698643.996 mJ
  Avg Power:         1.347 W   (cycles 630,304,744,533)
  EDP:          2141326739.555 mJ·s
  Total MAC ops: 940,041,571,094,528   [fp16=940,041,571,094,528]
[14:32:15] ======= Bagel Model Simulation Completed =======
