[15:16:37] ======= Bagel Model Simulation Started =======
[15:16:37] Configuration: text_len=229, image_steps=30, layers=24
[15:16:37] =========== Text Generation Started (total steps: 229) ===========
[15:16:37] Text generation - Start qkv mapping
[15:16:42] Text generation - End qkv mapping, total cycles:3249312.0
[15:16:42] Text generation - Start output mapping
[15:16:47] Text generation - End output mapping, total cycles:1083104.0
[15:16:47] Text generation - Start FFN up
[15:16:51] Text generation - End FFN up, total cycles:2978536.0
[15:16:51] Text generation - Start FFN down
[15:17:00] Text generation - End FFN down, total cycles:1476192.0
[15:17:00] Text generation - Step 0 to Step 19 started (kv_len in averagr: 58)
[15:17:01] Text generation - Step 20 to Step 39 started (kv_len in averagr: 98)
[15:17:01] Text generation - Step 40 to Step 59 started (kv_len in averagr: 138)
[15:17:02] Text generation - Step 60 to Step 79 started (kv_len in averagr: 178)
[15:17:03] Text generation - Step 80 to Step 99 started (kv_len in averagr: 218)
[15:17:03] Text generation - Step 100 to Step 119 started (kv_len in averagr: 258)
[15:17:04] Text generation - Step 120 to Step 139 started (kv_len in averagr: 298)
[15:17:05] Text generation - Step 140 to Step 159 started (kv_len in averagr: 338)
[15:17:06] Text generation - Step 160 to Step 179 started (kv_len in averagr: 378)
[15:17:07] Text generation - Step 180 to Step 199 started (kv_len in averagr: 418)
[15:17:08] Text generation - Step 200 to Step 219 started (kv_len in averagr: 458)
[15:17:09] Text generation - Step 220 to Step 228 started (kv_len in averagr: 493)
[15:17:10] =========== Text Generation Completed, total cycles: 49304726364.0, total seconds: 98.609452728 ===========
[15:17:10] =========== Image Generation Started (total steps: 30) ===========
[15:17:10] Image generation - Start prefetching
[15:17:10] Image generation - End prefetching, total cycles:2048.0
[15:17:10] Image generation - Start draining
[15:17:10] Image generation - End draining, total cycles:512.0
[15:17:10] Image generation - full_cache config started (kv_len: 827)
[15:17:10] Image generation - Start qkv mapping
[15:17:10] Text generation - End qkv mapping, total cycles:17420160
[15:17:10] Image generation - Start attn
[15:17:10] Image generation - End attn, total cycles:7068672
[15:17:10] Image generation - Start output mapping
[15:17:10] Image generation - End output mapping, total cycles:7022080
[15:17:10] Image generation - Start FFN up
[15:17:10] Image generation - End FFN up, total cycles:38621440
[15:17:10] Image generation - Start FFN down
[15:17:10] Image generation - End FFN down, total cycles:19310720
[15:17:10] Image generation - full_cache config completed, cycles: 2146633728
[15:17:10] Image generation - without_text config started (kv_len: 803)
[15:17:10] Image generation - Start qkv mapping
[15:17:10] Text generation - End qkv mapping, total cycles:17420160
[15:17:10] Image generation - Start attn
[15:17:10] Image generation - End attn, total cycles:5913600
[15:17:10] Image generation - Start output mapping
[15:17:10] Image generation - End output mapping, total cycles:5941760
[15:17:10] Image generation - Start FFN up
[15:17:10] Image generation - End FFN up, total cycles:28223360
[15:17:10] Image generation - Start FFN down
[15:17:10] Image generation - End FFN down, total cycles:16339840
[15:17:10] Image generation - without_text config completed, cycles: 1772129280
[15:17:10] =========== Image Generation Completed, total cycles: 117562967040.0, total seconds: 235.12593408 ===========
[15:17:10] ==================================================
[15:17:10] FINAL RESULT - Total Cycles: 166867693404.0, total seconds: 333.735386808
[15:17:10] Simulation Duration: 32.66 seconds
[15:17:10] CYCLE BREAKDOWN (per-operator cycles / % of end-to-end):
  [text] subtotal: 49,304,726,364  ( 29.5%)
      OPBREAKDOWN text/attn 1010582940 0.606
      OPBREAKDOWN text/ffn_down 8113151232 4.862
      OPBREAKDOWN text/ffn_up 16370033856 9.810
      OPBREAKDOWN text/omap 5952739584 3.567
      OPBREAKDOWN text/qkv 17858218752 10.702
  [img] subtotal: 117,562,967,040  ( 70.5%)
      OPBREAKDOWN img/attn 9347235840 5.602
      OPBREAKDOWN img/drain 15360 0.000
      OPBREAKDOWN img/ffn_down 25668403200 15.382
      OPBREAKDOWN img/ffn_up 48128256000 28.842
      OPBREAKDOWN img/omap 9333964800 5.594
      OPBREAKDOWN img/prefetch 61440 0.000
      OPBREAKDOWN img/qkv 25085030400 15.033
  breakdown sum: 166,867,693,404  (total_cycles=166,867,693,404)
[15:17:10] ENERGY BREAKDOWN:
  Compute (MAC):  175230.228 mJ  ( 73.8%)
  SRAM total:        594.426 mJ  (  0.3%)
    ifmap:           195.520 mJ
    filter:          391.040 mJ
    ofmap:             7.865 mJ
  DRAM total:      61712.866 mJ  ( 26.0%)  [type=HBM2]
    ifmap:          4474.281 mJ
    filter:        18957.338 mJ
    ofmap:          4907.708 mJ
    idle:          33373.539 mJ
  ----
  Total Energy: 237537.520 mJ
  Avg Power:         0.712 W   (cycles 166,867,693,404)
  EDP:          79274675.968 mJ·s
  Total MAC ops: 116,820,152,057,856   [fp16=116,820,152,057,856]
[15:17:10] ======= Bagel Model Simulation Completed =======
