[14:47:03] ======= Bagel Model Simulation Started =======
[14:47:03] Configuration: text_len=229, image_steps=30, layers=24
[14:47:03] =========== Text Generation Started (total steps: 229) ===========
[14:47:03] Text generation - Start qkv mapping
[14:47:06] Text generation - End qkv mapping, total cycles:1628544.0
[14:47:06] Text generation - Start output mapping
[14:47:09] Text generation - End output mapping, total cycles:542848.0
[14:47:09] Text generation - Start FFN up
[14:47:12] Text generation - End FFN up, total cycles:1492832.0
[14:47:12] Text generation - Start FFN down
[14:47:19] Text generation - End FFN down, total cycles:1460480.0
[14:47:19] Text generation - Step 0 to Step 19 started (kv_len in averagr: 58)
[14:47:19] Text generation - Step 20 to Step 39 started (kv_len in averagr: 98)
[14:47:20] Text generation - Step 40 to Step 59 started (kv_len in averagr: 138)
[14:47:20] Text generation - Step 60 to Step 79 started (kv_len in averagr: 178)
[14:47:20] Text generation - Step 80 to Step 99 started (kv_len in averagr: 218)
[14:47:21] Text generation - Step 100 to Step 119 started (kv_len in averagr: 258)
[14:47:22] Text generation - Step 120 to Step 139 started (kv_len in averagr: 298)
[14:47:22] Text generation - Step 140 to Step 159 started (kv_len in averagr: 338)
[14:47:23] Text generation - Step 160 to Step 179 started (kv_len in averagr: 378)
[14:47:24] Text generation - Step 180 to Step 199 started (kv_len in averagr: 418)
[14:47:25] Text generation - Step 200 to Step 219 started (kv_len in averagr: 458)
[14:47:26] Text generation - Step 220 to Step 228 started (kv_len in averagr: 493)
[14:47:27] =========== Text Generation Completed, total cycles: 29065665912.0, total seconds: 58.131331824 ===========
[14:47:27] =========== Image Generation Started (total steps: 30) ===========
[14:47:27] Image generation - Start prefetching
[14:47:27] Image generation - End prefetching, total cycles:4096.0
[14:47:27] Image generation - Start draining
[14:47:27] Image generation - End draining, total cycles:4096.0
[14:47:27] Image generation - full_cache config started (kv_len: 1655)
[14:47:27] Image generation - Start qkv mapping
[14:47:27] Text generation - End qkv mapping, total cycles:8842176
[14:47:27] Image generation - Start attn
[14:47:27] Image generation - End attn, total cycles:7712640
[14:47:27] Image generation - Start output mapping
[14:47:27] Image generation - End output mapping, total cycles:3564288
[14:47:27] Image generation - Start FFN up
[14:47:27] Image generation - End FFN up, total cycles:19603584
[14:47:27] Image generation - Start FFN down
[14:47:27] Image generation - End FFN down, total cycles:9801792
[14:47:27] Image generation - full_cache config completed, cycles: 1188587520
[14:47:27] Image generation - without_text config started (kv_len: 1378)
[14:47:27] Image generation - Start qkv mapping
[14:47:27] Text generation - End qkv mapping, total cycles:8842176
[14:47:27] Image generation - Start attn
[14:47:27] Image generation - End attn, total cycles:5510912
[14:47:27] Image generation - Start output mapping
[14:47:27] Image generation - End output mapping, total cycles:3015936
[14:47:27] Image generation - Start FFN up
[14:47:27] Image generation - End FFN up, total cycles:16587648
[14:47:27] Image generation - Start FFN down
[14:47:27] Image generation - End FFN down, total cycles:8293824
[14:47:27] Image generation - without_text config completed, cycles: 1014011904
[14:47:27] =========== Image Generation Completed, total cycles: 66078228480.0, total seconds: 132.15645696 ===========
[14:47:27] ==================================================
[14:47:27] FINAL RESULT - Total Cycles: 95143894392.0, total seconds: 190.287788784
[14:47:27] Simulation Duration: 23.72 seconds
[14:47:27] CYCLE BREAKDOWN (per-operator cycles / % of end-to-end):
  [text] subtotal: 29,065,665,912  ( 30.5%)
      OPBREAKDOWN text/attn 900292728 0.946
      OPBREAKDOWN text/ffn_down 8026798080 8.436
      OPBREAKDOWN text/ffn_up 8204604672 8.623
      OPBREAKDOWN text/omap 2983492608 3.136
      OPBREAKDOWN text/qkv 8950477824 9.407
  [img] subtotal: 66,078,228,480  ( 69.5%)
      OPBREAKDOWN img/attn 9520957440 10.007
      OPBREAKDOWN img/drain 122880 0.000
      OPBREAKDOWN img/ffn_down 13028843520 13.694
      OPBREAKDOWN img/ffn_up 26057687040 27.388
      OPBREAKDOWN img/omap 4737761280 4.980
      OPBREAKDOWN img/prefetch 122880 0.000
      OPBREAKDOWN img/qkv 12732733440 13.383
  breakdown sum: 95,143,894,392  (total_cycles=95,143,894,392)
[14:47:27] ENERGY BREAKDOWN:
  Compute (MAC):  189157.256 mJ  ( 78.6%)
  SRAM total:        642.302 mJ  (  0.3%)
    ifmap:           210.601 mJ
    filter:          421.202 mJ
    ofmap:            10.498 mJ
  DRAM total:      50856.350 mJ  ( 21.1%)  [type=HBM2]
    ifmap:          6061.131 mJ
    filter:        19215.526 mJ
    ofmap:          6550.915 mJ
    idle:          19028.779 mJ
  ----
  Total Energy: 240655.908 mJ
  Avg Power:         1.265 W   (cycles 95,143,894,392)
  EDP:          45793880.547 mJ·s
  Total MAC ops: 126,104,837,062,656   [fp16=126,104,837,062,656]
[14:47:27] ======= Bagel Model Simulation Completed =======
