[15:14:28] ======= Bagel Model Simulation Started =======
[15:14:28] Configuration: text_len=229, image_steps=30, layers=24
[15:14:28] =========== Text Generation Started (total steps: 229) ===========
[15:14:28] Text generation - Start qkv mapping
[15:14:33] Text generation - End qkv mapping, total cycles:3249312.0
[15:14:33] Text generation - Start output mapping
[15:14:37] Text generation - End output mapping, total cycles:1083104.0
[15:14:37] Text generation - Start FFN up
[15:14:42] Text generation - End FFN up, total cycles:2978536.0
[15:14:42] Text generation - Start FFN down
[15:14:51] Text generation - End FFN down, total cycles:1476192.0
[15:14:51] Text generation - Step 0 to Step 19 started (kv_len in averagr: 58)
[15:14:51] Text generation - Step 20 to Step 39 started (kv_len in averagr: 98)
[15:14:52] Text generation - Step 40 to Step 59 started (kv_len in averagr: 138)
[15:14:52] Text generation - Step 60 to Step 79 started (kv_len in averagr: 178)
[15:14:53] Text generation - Step 80 to Step 99 started (kv_len in averagr: 218)
[15:14:54] Text generation - Step 100 to Step 119 started (kv_len in averagr: 258)
[15:14:54] Text generation - Step 120 to Step 139 started (kv_len in averagr: 298)
[15:14:55] Text generation - Step 140 to Step 159 started (kv_len in averagr: 338)
[15:14:56] Text generation - Step 160 to Step 179 started (kv_len in averagr: 378)
[15:14:57] Text generation - Step 180 to Step 199 started (kv_len in averagr: 418)
[15:14:58] Text generation - Step 200 to Step 219 started (kv_len in averagr: 458)
[15:14:59] Text generation - Step 220 to Step 228 started (kv_len in averagr: 493)
[15:15:00] =========== Text Generation Completed, total cycles: 49304726364.0, total seconds: 98.609452728 ===========
[15:15:00] =========== Image Generation Started (total steps: 30) ===========
[15:15:00] Image generation - Start prefetching
[15:15:00] Image generation - End prefetching, total cycles:2048.0
[15:15:00] Image generation - Start draining
[15:15:00] Image generation - End draining, total cycles:512.0
[15:15:00] Image generation - full_cache config started (kv_len: 1655)
[15:15:00] Image generation - Start qkv mapping
[15:15:00] Text generation - End qkv mapping, total cycles:17420160
[15:15:00] Image generation - Start attn
[15:15:00] Image generation - End attn, total cycles:13934336
[15:15:00] Image generation - Start output mapping
[15:15:00] Image generation - End output mapping, total cycles:7022080
[15:15:00] Image generation - Start FFN up
[15:15:00] Image generation - End FFN up, total cycles:38621440
[15:15:00] Image generation - Start FFN down
[15:15:00] Image generation - End FFN down, total cycles:19310720
[15:15:00] Image generation - full_cache config completed, cycles: 2311409664
[15:15:00] Image generation - without_text config started (kv_len: 1378)
[15:15:00] Image generation - Start qkv mapping
[15:15:00] Text generation - End qkv mapping, total cycles:17420160
[15:15:00] Image generation - Start attn
[15:15:00] Image generation - End attn, total cycles:9940480
[15:15:00] Image generation - Start output mapping
[15:15:00] Image generation - End output mapping, total cycles:5941760
[15:15:00] Image generation - Start FFN up
[15:15:00] Image generation - End FFN up, total cycles:32679680
[15:15:00] Image generation - Start FFN down
[15:15:00] Image generation - End FFN down, total cycles:16339840
[15:15:00] Image generation - without_text config completed, cycles: 1975726080
[15:15:00] =========== Image Generation Completed, total cycles: 128614149120.0, total seconds: 257.22829824 ===========
[15:15:00] ==================================================
[15:15:00] FINAL RESULT - Total Cycles: 177918875484.0, total seconds: 355.837750968
[15:15:00] Simulation Duration: 32.13 seconds
[15:15:00] CYCLE BREAKDOWN (per-operator cycles / % of end-to-end):
  [text] subtotal: 49,304,726,364  ( 27.7%)
      OPBREAKDOWN text/attn 1010582940 0.568
      OPBREAKDOWN text/ffn_down 8113151232 4.560
      OPBREAKDOWN text/ffn_up 16370033856 9.201
      OPBREAKDOWN text/omap 5952739584 3.346
      OPBREAKDOWN text/qkv 17858218752 10.037
  [img] subtotal: 128,614,149,120  ( 72.3%)
      OPBREAKDOWN img/attn 17189867520 9.662
      OPBREAKDOWN img/drain 15360 0.000
      OPBREAKDOWN img/ffn_down 25668403200 14.427
      OPBREAKDOWN img/ffn_up 51336806400 28.854
      OPBREAKDOWN img/omap 9333964800 5.246
      OPBREAKDOWN img/prefetch 61440 0.000
      OPBREAKDOWN img/qkv 25085030400 14.099
  breakdown sum: 177,918,875,484  (total_cycles=177,918,875,484)
[15:15:00] ENERGY BREAKDOWN:
  Compute (MAC):  189157.256 mJ  ( 73.5%)
  SRAM total:        642.302 mJ  (  0.2%)
    ifmap:           210.601 mJ
    filter:          421.202 mJ
    ofmap:            10.498 mJ
  DRAM total:      67411.347 mJ  ( 26.2%)  [type=HBM2]
    ifmap:          6061.131 mJ
    filter:        19215.526 mJ
    ofmap:          6550.915 mJ
    idle:          35583.775 mJ
  ----
  Total Energy: 257210.904 mJ
  Avg Power:         0.723 W   (cycles 177,918,875,484)
  EDP:          91525349.599 mJ·s
  Total MAC ops: 126,104,837,062,656   [fp16=126,104,837,062,656]
[15:15:00] ======= Bagel Model Simulation Completed =======
