[14:42:55] ======= Bagel Model Simulation Started =======
[14:42:55] Configuration: text_len=229, image_steps=30, layers=24
[14:42:55] =========== Text Generation Started (total steps: 229) ===========
[14:42:55] Text generation - Start qkv mapping
[14:43:00] Text generation - End qkv mapping, total cycles:3249312.0
[14:43:00] Text generation - Start output mapping
[14:43:04] Text generation - End output mapping, total cycles:1083104.0
[14:43:04] Text generation - Start FFN up
[14:43:08] Text generation - End FFN up, total cycles:1626680.0
[14:43:08] Text generation - Start FFN down
[14:43:15] Text generation - End FFN down, total cycles:820928.0
[14:43:15] Text generation - Step 0 to Step 19 started (kv_len in averagr: 1436)
[14:43:18] Text generation - Step 20 to Step 39 started (kv_len in averagr: 1476)
[14:43:20] Text generation - Step 40 to Step 59 started (kv_len in averagr: 1516)
[14:43:23] Text generation - Step 60 to Step 79 started (kv_len in averagr: 1556)
[14:43:27] Text generation - Step 80 to Step 99 started (kv_len in averagr: 1596)
[14:43:30] Text generation - Step 100 to Step 119 started (kv_len in averagr: 1636)
[14:43:33] Text generation - Step 120 to Step 139 started (kv_len in averagr: 1676)
[14:43:36] Text generation - Step 140 to Step 159 started (kv_len in averagr: 1716)
[14:43:39] Text generation - Step 160 to Step 179 started (kv_len in averagr: 1756)
[14:43:43] Text generation - Step 180 to Step 199 started (kv_len in averagr: 1796)
[14:43:46] Text generation - Step 200 to Step 219 started (kv_len in averagr: 1836)
[14:43:50] Text generation - Step 220 to Step 228 started (kv_len in averagr: 1871)
[14:43:53] =========== Text Generation Completed, total cycles: 43237714644.0, total seconds: 86.475429288 ===========
[14:43:53] ==================================================
[14:43:53] FINAL RESULT - Total Cycles: 43237714644.0, total seconds: 86.475429288
[14:43:53] Simulation Duration: 58.22 seconds
[14:43:53] CYCLE BREAKDOWN (per-operator cycles / % of end-to-end):
  [text] subtotal: 43,237,714,644  (100.0%)
      OPBREAKDOWN text/attn 5974702740 13.818
      OPBREAKDOWN text/ffn_down 4511820288 10.435
      OPBREAKDOWN text/ffn_up 8940233280 20.677
      OPBREAKDOWN text/omap 5952739584 13.767
      OPBREAKDOWN text/qkv 17858218752 41.302
  breakdown sum: 43,237,714,644  (total_cycles=43,237,714,644)
[14:43:53] ENERGY BREAKDOWN:
  Compute (MAC):     384.045 mJ  (  1.8%)
  SRAM total:         32.148 mJ  (  0.2%)
    ifmap:            12.821 mJ
    filter:           19.302 mJ
    ofmap:             0.024 mJ
  DRAM total:      20697.047 mJ  ( 98.0%)  [type=HBM2]
    ifmap:            13.769 mJ
    filter:        12020.562 mJ
    ofmap:            15.173 mJ
    idle:           8647.543 mJ
  ----
  Total Energy:  21113.239 mJ
  Avg Power:         0.244 W   (cycles 43,237,714,644)
  EDP:          1825776.427 mJ·s
  Total MAC ops: 256,029,917,184   [fp16=256,029,917,184]
[14:43:53] ======= Bagel Model Simulation Completed =======
