[14:44:38] ======= Bagel Model Simulation Started =======
[14:44:38] Configuration: text_len=229, image_steps=30, layers=24
[14:44:38] =========== Text Generation Started (total steps: 229) ===========
[14:44:38] Text generation - Start qkv mapping
[14:44:41] Text generation - End qkv mapping, total cycles:1628544.0
[14:44:41] Text generation - Start output mapping
[14:44:44] Text generation - End output mapping, total cycles:542848.0
[14:44:44] Text generation - Start FFN up
[14:44:47] Text generation - End FFN up, total cycles:1492832.0
[14:44:47] Text generation - Start FFN down
[14:44:54] Text generation - End FFN down, total cycles:1460480.0
[14:44:54] Text generation - Step 0 to Step 19 started (kv_len in averagr: 58)
[14:44:54] Text generation - Step 20 to Step 39 started (kv_len in averagr: 98)
[14:44:55] Text generation - Step 40 to Step 59 started (kv_len in averagr: 138)
[14:44:55] Text generation - Step 60 to Step 79 started (kv_len in averagr: 178)
[14:44:56] Text generation - Step 80 to Step 99 started (kv_len in averagr: 218)
[14:44:56] Text generation - Step 100 to Step 119 started (kv_len in averagr: 258)
[14:44:57] Text generation - Step 120 to Step 139 started (kv_len in averagr: 298)
[14:44:57] Text generation - Step 140 to Step 159 started (kv_len in averagr: 338)
[14:44:58] Text generation - Step 160 to Step 179 started (kv_len in averagr: 378)
[14:44:59] Text generation - Step 180 to Step 199 started (kv_len in averagr: 418)
[14:45:00] Text generation - Step 200 to Step 219 started (kv_len in averagr: 458)
[14:45:01] Text generation - Step 220 to Step 228 started (kv_len in averagr: 493)
[14:45:02] =========== Text Generation Completed, total cycles: 29065665912.0, total seconds: 58.131331824 ===========
[14:45:02] =========== Image Generation Started (total steps: 30) ===========
[14:45:02] Image generation - Start prefetching
[14:45:02] Image generation - End prefetching, total cycles:4096.0
[14:45:02] Image generation - Start draining
[14:45:02] Image generation - End draining, total cycles:4096.0
[14:45:02] Image generation - full_cache config started (kv_len: 1655)
[14:45:02] Image generation - Start qkv mapping
[14:45:02] Text generation - End qkv mapping, total cycles:8842176
[14:45:02] Image generation - Start attn
[14:45:02] Image generation - End attn, total cycles:7712640
[14:45:02] Image generation - Start output mapping
[14:45:02] Image generation - End output mapping, total cycles:3564288
[14:45:02] Image generation - Start FFN up
[14:45:02] Image generation - End FFN up, total cycles:19603584
[14:45:02] Image generation - Start FFN down
[14:45:02] Image generation - End FFN down, total cycles:9801792
[14:45:02] Image generation - full_cache config completed, cycles: 1188587520
[14:45:02] Image generation - without_text config started (kv_len: 1378)
[14:45:02] Image generation - Start qkv mapping
[14:45:02] Text generation - End qkv mapping, total cycles:8842176
[14:45:02] Image generation - Start attn
[14:45:02] Image generation - End attn, total cycles:5510912
[14:45:02] Image generation - Start output mapping
[14:45:02] Image generation - End output mapping, total cycles:3015936
[14:45:02] Image generation - Start FFN up
[14:45:02] Image generation - End FFN up, total cycles:13948704
[14:45:02] Image generation - Start FFN down
[14:45:02] Image generation - End FFN down, total cycles:8293824
[14:45:02] Image generation - without_text config completed, cycles: 950677248
[14:45:02] =========== Image Generation Completed, total cycles: 64178188800.0, total seconds: 128.3563776 ===========
[14:45:02] ==================================================
[14:45:02] FINAL RESULT - Total Cycles: 93243854712.0, total seconds: 186.487709424
[14:45:02] Simulation Duration: 23.16 seconds
[14:45:02] CYCLE BREAKDOWN (per-operator cycles / % of end-to-end):
  [text] subtotal: 29,065,665,912  ( 31.2%)
      OPBREAKDOWN text/attn 900292728 0.966
      OPBREAKDOWN text/ffn_down 8026798080 8.608
      OPBREAKDOWN text/ffn_up 8204604672 8.799
      OPBREAKDOWN text/omap 2983492608 3.200
      OPBREAKDOWN text/qkv 8950477824 9.599
  [img] subtotal: 64,178,188,800  ( 68.8%)
      OPBREAKDOWN img/attn 9520957440 10.211
      OPBREAKDOWN img/drain 122880 0.000
      OPBREAKDOWN img/ffn_down 13028843520 13.973
      OPBREAKDOWN img/ffn_up 24157647360 25.908
      OPBREAKDOWN img/omap 4737761280 5.081
      OPBREAKDOWN img/prefetch 122880 0.000
      OPBREAKDOWN img/qkv 12732733440 13.655
  breakdown sum: 93,243,854,712  (total_cycles=93,243,854,712)
[14:45:02] ENERGY BREAKDOWN:
  Compute (MAC):  184000.023 mJ  ( 78.3%)
  SRAM total:        624.694 mJ  (  0.3%)
    ifmap:           204.788 mJ
    filter:          409.576 mJ
    ofmap:            10.330 mJ
  DRAM total:      50333.493 mJ  ( 21.4%)  [type=HBM2]
    ifmap:          6023.038 mJ
    filter:        19215.526 mJ
    ofmap:          6446.159 mJ
    idle:          18648.771 mJ
  ----
  Total Energy: 234958.210 mJ
  Avg Power:         1.260 W   (cycles 93,243,854,712)
  EDP:          43816818.440 mJ·s
  Total MAC ops: 122,666,682,187,776   [fp16=122,666,682,187,776]
[14:45:02] ======= Bagel Model Simulation Completed =======
