[15:15:35] ======= Bagel Model Simulation Started =======
[15:15:35] Configuration: text_len=229, image_steps=30, layers=24
[15:15:35] =========== Text Generation Started (total steps: 229) ===========
[15:15:35] Text generation - Start qkv mapping
[15:15:40] Text generation - End qkv mapping, total cycles:3249312.0
[15:15:40] Text generation - Start output mapping
[15:15:44] Text generation - End output mapping, total cycles:1083104.0
[15:15:44] Text generation - Start FFN up
[15:15:49] Text generation - End FFN up, total cycles:2978536.0
[15:15:49] Text generation - Start FFN down
[15:15:58] Text generation - End FFN down, total cycles:1476192.0
[15:15:58] Text generation - Step 0 to Step 19 started (kv_len in averagr: 58)
[15:15:58] Text generation - Step 20 to Step 39 started (kv_len in averagr: 98)
[15:15:59] Text generation - Step 40 to Step 59 started (kv_len in averagr: 138)
[15:15:59] Text generation - Step 60 to Step 79 started (kv_len in averagr: 178)
[15:16:00] Text generation - Step 80 to Step 99 started (kv_len in averagr: 218)
[15:16:01] Text generation - Step 100 to Step 119 started (kv_len in averagr: 258)
[15:16:01] Text generation - Step 120 to Step 139 started (kv_len in averagr: 298)
[15:16:02] Text generation - Step 140 to Step 159 started (kv_len in averagr: 338)
[15:16:03] Text generation - Step 160 to Step 179 started (kv_len in averagr: 378)
[15:16:04] Text generation - Step 180 to Step 199 started (kv_len in averagr: 418)
[15:16:05] Text generation - Step 200 to Step 219 started (kv_len in averagr: 458)
[15:16:06] Text generation - Step 220 to Step 228 started (kv_len in averagr: 493)
[15:16:07] =========== Text Generation Completed, total cycles: 49304726364.0, total seconds: 98.609452728 ===========
[15:16:07] =========== Image Generation Started (total steps: 30) ===========
[15:16:07] Image generation - Start prefetching
[15:16:07] Image generation - End prefetching, total cycles:2048.0
[15:16:07] Image generation - Start draining
[15:16:07] Image generation - End draining, total cycles:512.0
[15:16:07] Image generation - full_cache config started (kv_len: 1655)
[15:16:07] Image generation - Start qkv mapping
[15:16:07] Text generation - End qkv mapping, total cycles:17420160
[15:16:07] Image generation - Start attn
[15:16:07] Image generation - End attn, total cycles:13934336
[15:16:07] Image generation - Start output mapping
[15:16:07] Image generation - End output mapping, total cycles:7022080
[15:16:07] Image generation - Start FFN up
[15:16:07] Image generation - End FFN up, total cycles:38621440
[15:16:07] Image generation - Start FFN down
[15:16:07] Image generation - End FFN down, total cycles:19310720
[15:16:07] Image generation - full_cache config completed, cycles: 2311409664
[15:16:07] Image generation - without_text config started (kv_len: 1378)
[15:16:07] Image generation - Start qkv mapping
[15:16:07] Text generation - End qkv mapping, total cycles:17420160
[15:16:07] Image generation - Start attn
[15:16:07] Image generation - End attn, total cycles:9940480
[15:16:07] Image generation - Start output mapping
[15:16:07] Image generation - End output mapping, total cycles:5941760
[15:16:07] Image generation - Start FFN up
[15:16:07] Image generation - End FFN up, total cycles:28223360
[15:16:07] Image generation - Start FFN down
[15:16:07] Image generation - End FFN down, total cycles:16339840
[15:16:07] Image generation - without_text config completed, cycles: 1868774400
[15:16:07] =========== Image Generation Completed, total cycles: 125405598720.0, total seconds: 250.81119744 ===========
[15:16:07] ==================================================
[15:16:07] FINAL RESULT - Total Cycles: 174710325084.0, total seconds: 349.420650168
[15:16:07] Simulation Duration: 32.04 seconds
[15:16:07] CYCLE BREAKDOWN (per-operator cycles / % of end-to-end):
  [text] subtotal: 49,304,726,364  ( 28.2%)
      OPBREAKDOWN text/attn 1010582940 0.578
      OPBREAKDOWN text/ffn_down 8113151232 4.644
      OPBREAKDOWN text/ffn_up 16370033856 9.370
      OPBREAKDOWN text/omap 5952739584 3.407
      OPBREAKDOWN text/qkv 17858218752 10.222
  [img] subtotal: 125,405,598,720  ( 71.8%)
      OPBREAKDOWN img/attn 17189867520 9.839
      OPBREAKDOWN img/drain 15360 0.000
      OPBREAKDOWN img/ffn_down 25668403200 14.692
      OPBREAKDOWN img/ffn_up 48128256000 27.547
      OPBREAKDOWN img/omap 9333964800 5.343
      OPBREAKDOWN img/prefetch 61440 0.000
      OPBREAKDOWN img/qkv 25085030400 14.358
  breakdown sum: 174,710,325,084  (total_cycles=174,710,325,084)
[15:16:07] ENERGY BREAKDOWN:
  Compute (MAC):  184797.277 mJ  ( 73.3%)
  SRAM total:        627.211 mJ  (  0.2%)
    ifmap:           205.618 mJ
    filter:          411.237 mJ
    ofmap:            10.356 mJ
  DRAM total:      66648.870 mJ  ( 26.4%)  [type=HBM2]
    ifmap:          6028.926 mJ
    filter:        19215.526 mJ
    ofmap:          6462.353 mJ
    idle:          34942.065 mJ
  ----
  Total Energy: 252073.358 mJ
  Avg Power:         0.721 W   (cycles 174,710,325,084)
  EDP:          88079636.646 mJ·s
  Total MAC ops: 123,198,184,390,656   [fp16=123,198,184,390,656]
[15:16:07] ======= Bagel Model Simulation Completed =======
