[14:42:25] ======= Bagel Model Simulation Started =======
[14:42:25] Configuration: text_len=229, image_steps=30, layers=24
[14:42:25] =========== Text Generation Started (total steps: 229) ===========
[14:42:25] Text generation - Start qkv mapping
[14:42:30] Text generation - End qkv mapping, total cycles:3249312.0
[14:42:30] Text generation - Start output mapping
[14:42:34] Text generation - End output mapping, total cycles:1083104.0
[14:42:34] Text generation - Start FFN up
[14:42:38] Text generation - End FFN up, total cycles:1626680.0
[14:42:38] Text generation - Start FFN down
[14:42:45] Text generation - End FFN down, total cycles:820928.0
[14:42:45] Text generation - Step 0 to Step 19 started (kv_len in averagr: 58)
[14:42:46] Text generation - Step 20 to Step 39 started (kv_len in averagr: 98)
[14:42:46] Text generation - Step 40 to Step 59 started (kv_len in averagr: 138)
[14:42:47] Text generation - Step 60 to Step 79 started (kv_len in averagr: 178)
[14:42:47] Text generation - Step 80 to Step 99 started (kv_len in averagr: 218)
[14:42:48] Text generation - Step 100 to Step 119 started (kv_len in averagr: 258)
[14:42:49] Text generation - Step 120 to Step 139 started (kv_len in averagr: 298)
[14:42:49] Text generation - Step 140 to Step 159 started (kv_len in averagr: 338)
[14:42:50] Text generation - Step 160 to Step 179 started (kv_len in averagr: 378)
[14:42:51] Text generation - Step 180 to Step 199 started (kv_len in averagr: 418)
[14:42:52] Text generation - Step 200 to Step 219 started (kv_len in averagr: 458)
[14:42:53] Text generation - Step 220 to Step 228 started (kv_len in averagr: 493)
[14:42:55] =========== Text Generation Completed, total cycles: 38273594844.0, total seconds: 76.547189688 ===========
[14:42:55] =========== Image Generation Started (total steps: 30) ===========
[14:42:55] Image generation - Start prefetching
[14:42:55] Image generation - End prefetching, total cycles:2048.0
[14:42:55] Image generation - Start draining
[14:42:55] Image generation - End draining, total cycles:512.0
[14:42:55] Image generation - full_cache config started (kv_len: 827)
[14:42:55] Image generation - Start qkv mapping
[14:42:55] Text generation - End qkv mapping, total cycles:17420160
[14:42:55] Image generation - Start attn
[14:42:55] Image generation - End attn, total cycles:7068672
[14:42:55] Image generation - Start output mapping
[14:42:55] Image generation - End output mapping, total cycles:7022080
[14:42:55] Image generation - Start FFN up
[14:42:55] Image generation - End FFN up, total cycles:19603584
[14:42:55] Image generation - Start FFN down
[14:42:55] Image generation - End FFN down, total cycles:9801792
[14:42:55] Image generation - full_cache config completed, cycles: 1461990912
[14:42:55] Image generation - without_text config started (kv_len: 803)
[14:42:55] Image generation - Start qkv mapping
[14:42:55] Text generation - End qkv mapping, total cycles:17420160
[14:42:55] Image generation - Start attn
[14:42:55] Image generation - End attn, total cycles:5913600
[14:42:55] Image generation - Start output mapping
[14:42:55] Image generation - End output mapping, total cycles:5941760
[14:42:55] Image generation - Start FFN up
[14:42:55] Image generation - End FFN up, total cycles:14325696
[14:42:55] Image generation - Start FFN down
[14:42:55] Image generation - End FFN down, total cycles:8293824
[14:42:55] Image generation - without_text config completed, cycles: 1245480960
[14:42:55] =========== Image Generation Completed, total cycles: 81224232960.0, total seconds: 162.44846592 ===========
[14:42:55] ==================================================
[14:42:55] FINAL RESULT - Total Cycles: 119497827804.0, total seconds: 238.995655608
[14:42:55] Simulation Duration: 29.53 seconds
[14:42:55] CYCLE BREAKDOWN (per-operator cycles / % of end-to-end):
  [text] subtotal: 38,273,594,844  ( 32.0%)
      OPBREAKDOWN text/attn 1010582940 0.846
      OPBREAKDOWN text/ffn_down 4511820288 3.776
      OPBREAKDOWN text/ffn_up 8940233280 7.482
      OPBREAKDOWN text/omap 5952739584 4.981
      OPBREAKDOWN text/qkv 17858218752 14.944
  [img] subtotal: 81,224,232,960  ( 68.0%)
      OPBREAKDOWN img/attn 9347235840 7.822
      OPBREAKDOWN img/drain 15360 0.000
      OPBREAKDOWN img/ffn_down 13028843520 10.903
      OPBREAKDOWN img/ffn_up 24429081600 20.443
      OPBREAKDOWN img/omap 9333964800 7.811
      OPBREAKDOWN img/prefetch 61440 0.000
      OPBREAKDOWN img/qkv 25085030400 20.992
  breakdown sum: 119,497,827,804  (total_cycles=119,497,827,804)
[14:42:55] ENERGY BREAKDOWN:
  Compute (MAC):  138901.222 mJ  ( 75.0%)
  SRAM total:        416.179 mJ  (  0.2%)
    ifmap:           195.520 mJ
    filter:          212.793 mJ
    ofmap:             7.865 mJ
  DRAM total:      45951.222 mJ  ( 24.8%)  [type=HBM2]
    ifmap:          4474.281 mJ
    filter:        12669.667 mJ
    ofmap:          4907.708 mJ
    idle:          23899.566 mJ
  ----
  Total Energy: 185268.622 mJ
  Avg Power:         0.775 W   (cycles 119,497,827,804)
  EDP:          44278395.854 mJ·s
  Total MAC ops: 116,820,152,057,856   [fp16=80,491,146,018,816 w4a16=36,329,006,039,040]
[14:42:55] ======= Bagel Model Simulation Completed =======
