[15:16:08] ======= Bagel Model Simulation Started =======
[15:16:08] Configuration: text_len=229, image_steps=30, layers=24
[15:16:08] =========== Text Generation Started (total steps: 229) ===========
[15:16:08] Text generation - Start qkv mapping
[15:16:12] Text generation - End qkv mapping, total cycles:3249312.0
[15:16:12] Text generation - Start output mapping
[15:16:17] Text generation - End output mapping, total cycles:1083104.0
[15:16:17] Text generation - Start FFN up
[15:16:20] Text generation - End FFN up, total cycles:1626680.0
[15:16:20] Text generation - Start FFN down
[15:16:28] Text generation - End FFN down, total cycles:820928.0
[15:16:28] Text generation - Step 0 to Step 19 started (kv_len in averagr: 58)
[15:16:28] Text generation - Step 20 to Step 39 started (kv_len in averagr: 98)
[15:16:28] Text generation - Step 40 to Step 59 started (kv_len in averagr: 138)
[15:16:29] Text generation - Step 60 to Step 79 started (kv_len in averagr: 178)
[15:16:30] Text generation - Step 80 to Step 99 started (kv_len in averagr: 218)
[15:16:30] Text generation - Step 100 to Step 119 started (kv_len in averagr: 258)
[15:16:31] Text generation - Step 120 to Step 139 started (kv_len in averagr: 298)
[15:16:32] Text generation - Step 140 to Step 159 started (kv_len in averagr: 338)
[15:16:33] Text generation - Step 160 to Step 179 started (kv_len in averagr: 378)
[15:16:34] Text generation - Step 180 to Step 199 started (kv_len in averagr: 418)
[15:16:35] Text generation - Step 200 to Step 219 started (kv_len in averagr: 458)
[15:16:36] Text generation - Step 220 to Step 228 started (kv_len in averagr: 493)
[15:16:37] =========== Text Generation Completed, total cycles: 38273594844.0, total seconds: 76.547189688 ===========
[15:16:37] =========== Image Generation Started (total steps: 30) ===========
[15:16:37] Image generation - Start prefetching
[15:16:37] Image generation - End prefetching, total cycles:2048.0
[15:16:37] Image generation - Start draining
[15:16:37] Image generation - End draining, total cycles:512.0
[15:16:37] Image generation - full_cache config started (kv_len: 1655)
[15:16:37] Image generation - Start qkv mapping
[15:16:37] Text generation - End qkv mapping, total cycles:17420160
[15:16:37] Image generation - Start attn
[15:16:37] Image generation - End attn, total cycles:13934336
[15:16:37] Image generation - Start output mapping
[15:16:37] Image generation - End output mapping, total cycles:7022080
[15:16:37] Image generation - Start FFN up
[15:16:37] Image generation - End FFN up, total cycles:19603584
[15:16:37] Image generation - Start FFN down
[15:16:37] Image generation - End FFN down, total cycles:9801792
[15:16:37] Image generation - full_cache config completed, cycles: 1626766848
[15:16:37] Image generation - without_text config started (kv_len: 1378)
[15:16:37] Image generation - Start qkv mapping
[15:16:37] Text generation - End qkv mapping, total cycles:17420160
[15:16:37] Image generation - Start attn
[15:16:37] Image generation - End attn, total cycles:9940480
[15:16:37] Image generation - Start output mapping
[15:16:37] Image generation - End output mapping, total cycles:5941760
[15:16:37] Image generation - Start FFN up
[15:16:37] Image generation - End FFN up, total cycles:16587648
[15:16:37] Image generation - Start FFN down
[15:16:37] Image generation - End FFN down, total cycles:8293824
[15:16:37] Image generation - without_text config completed, cycles: 1396412928
[15:16:37] =========== Image Generation Completed, total cycles: 90695470080.0, total seconds: 181.39094016 ===========
[15:16:37] ==================================================
[15:16:37] FINAL RESULT - Total Cycles: 128969064924.0, total seconds: 257.938129848
[15:16:37] Simulation Duration: 29.53 seconds
[15:16:37] CYCLE BREAKDOWN (per-operator cycles / % of end-to-end):
  [text] subtotal: 38,273,594,844  ( 29.7%)
      OPBREAKDOWN text/attn 1010582940 0.784
      OPBREAKDOWN text/ffn_down 4511820288 3.498
      OPBREAKDOWN text/ffn_up 8940233280 6.932
      OPBREAKDOWN text/omap 5952739584 4.616
      OPBREAKDOWN text/qkv 17858218752 13.847
  [img] subtotal: 90,695,470,080  ( 70.3%)
      OPBREAKDOWN img/attn 17189867520 13.329
      OPBREAKDOWN img/drain 15360 0.000
      OPBREAKDOWN img/ffn_down 13028843520 10.102
      OPBREAKDOWN img/ffn_up 26057687040 20.205
      OPBREAKDOWN img/omap 9333964800 7.237
      OPBREAKDOWN img/prefetch 61440 0.000
      OPBREAKDOWN img/qkv 25085030400 19.450
  breakdown sum: 128,969,064,924  (total_cycles=128,969,064,924)
[15:16:37] ENERGY BREAKDOWN:
  Compute (MAC):  151374.923 mJ  ( 74.5%)
  SRAM total:        456.580 mJ  (  0.2%)
    ifmap:           210.601 mJ
    filter:          235.481 mJ
    ofmap:            10.498 mJ
  DRAM total:      51333.713 mJ  ( 25.3%)  [type=HBM2]
    ifmap:          6061.131 mJ
    filter:        12927.854 mJ
    ofmap:          6550.915 mJ
    idle:          25793.813 mJ
  ----
  Total Energy: 203165.217 mJ
  Avg Power:         0.788 W   (cycles 128,969,064,924)
  EDP:          52404056.168 mJ·s
  Total MAC ops: 126,104,837,062,656   [fp16=88,322,504,687,616 w4a16=37,782,332,375,040]
[15:16:37] ======= Bagel Model Simulation Completed =======
