[14:45:50] ======= Bagel Model Simulation Started =======
[14:45:50] Configuration: text_len=229, image_steps=30, layers=24
[14:45:50] =========== Text Generation Started (total steps: 229) ===========
[14:45:50] Text generation - Start qkv mapping
[14:45:53] Text generation - End qkv mapping, total cycles:1628544.0
[14:45:53] Text generation - Start output mapping
[14:45:56] Text generation - End output mapping, total cycles:542848.0
[14:45:56] Text generation - Start FFN up
[14:45:59] Text generation - End FFN up, total cycles:1492832.0
[14:45:59] Text generation - Start FFN down
[14:46:06] Text generation - End FFN down, total cycles:1460480.0
[14:46:06] Text generation - Step 0 to Step 19 started (kv_len in averagr: 58)
[14:46:06] Text generation - Step 20 to Step 39 started (kv_len in averagr: 98)
[14:46:07] Text generation - Step 40 to Step 59 started (kv_len in averagr: 138)
[14:46:07] Text generation - Step 60 to Step 79 started (kv_len in averagr: 178)
[14:46:08] Text generation - Step 80 to Step 99 started (kv_len in averagr: 218)
[14:46:08] Text generation - Step 100 to Step 119 started (kv_len in averagr: 258)
[14:46:09] Text generation - Step 120 to Step 139 started (kv_len in averagr: 298)
[14:46:10] Text generation - Step 140 to Step 159 started (kv_len in averagr: 338)
[14:46:10] Text generation - Step 160 to Step 179 started (kv_len in averagr: 378)
[14:46:11] Text generation - Step 180 to Step 199 started (kv_len in averagr: 418)
[14:46:12] Text generation - Step 200 to Step 219 started (kv_len in averagr: 458)
[14:46:13] Text generation - Step 220 to Step 228 started (kv_len in averagr: 493)
[14:46:14] =========== Text Generation Completed, total cycles: 29065665912.0, total seconds: 58.131331824 ===========
[14:46:14] =========== Image Generation Started (total steps: 30) ===========
[14:46:14] Image generation - Start prefetching
[14:46:14] Image generation - End prefetching, total cycles:4096.0
[14:46:14] Image generation - Start draining
[14:46:14] Image generation - End draining, total cycles:4096.0
[14:46:14] Image generation - full_cache config started (kv_len: 1489)
[14:46:14] Image generation - Start qkv mapping
[14:46:14] Text generation - End qkv mapping, total cycles:8842176
[14:46:14] Image generation - Start attn
[14:46:14] Image generation - End attn, total cycles:7067008
[14:46:14] Image generation - Start output mapping
[14:46:14] Image generation - End output mapping, total cycles:3564288
[14:46:14] Image generation - Start FFN up
[14:46:14] Image generation - End FFN up, total cycles:19603584
[14:46:14] Image generation - Start FFN down
[14:46:14] Image generation - End FFN down, total cycles:9801792
[14:46:14] Image generation - full_cache config completed, cycles: 1173092352
[14:46:14] Image generation - without_text config started (kv_len: 1240)
[14:46:14] Image generation - Start qkv mapping
[14:46:14] Text generation - End qkv mapping, total cycles:8842176
[14:46:14] Image generation - Start attn
[14:46:14] Image generation - End attn, total cycles:5004032
[14:46:14] Image generation - Start output mapping
[14:46:14] Image generation - End output mapping, total cycles:3015936
[14:46:14] Image generation - Start FFN up
[14:46:14] Image generation - End FFN up, total cycles:16587648
[14:46:14] Image generation - Start FFN down
[14:46:14] Image generation - End FFN down, total cycles:8293824
[14:46:14] Image generation - without_text config completed, cycles: 1001846784
[14:46:14] =========== Image Generation Completed, total cycles: 65248419840.0, total seconds: 130.49683968 ===========
[14:46:14] ==================================================
[14:46:14] FINAL RESULT - Total Cycles: 94314085752.0, total seconds: 188.628171504
[14:46:14] Simulation Duration: 23.66 seconds
[14:46:14] CYCLE BREAKDOWN (per-operator cycles / % of end-to-end):
  [text] subtotal: 29,065,665,912  ( 30.8%)
      OPBREAKDOWN text/attn 900292728 0.955
      OPBREAKDOWN text/ffn_down 8026798080 8.511
      OPBREAKDOWN text/ffn_up 8204604672 8.699
      OPBREAKDOWN text/omap 2983492608 3.163
      OPBREAKDOWN text/qkv 8950477824 9.490
  [img] subtotal: 65,248,419,840  ( 69.2%)
      OPBREAKDOWN img/attn 8691148800 9.215
      OPBREAKDOWN img/drain 122880 0.000
      OPBREAKDOWN img/ffn_down 13028843520 13.814
      OPBREAKDOWN img/ffn_up 26057687040 27.629
      OPBREAKDOWN img/omap 4737761280 5.023
      OPBREAKDOWN img/prefetch 122880 0.000
      OPBREAKDOWN img/qkv 12732733440 13.500
  breakdown sum: 94,314,085,752  (total_cycles=94,314,085,752)
[14:46:14] ENERGY BREAKDOWN:
  Compute (MAC):  187100.713 mJ  ( 78.7%)
  SRAM total:        635.796 mJ  (  0.3%)
    ifmap:           208.611 mJ
    filter:          417.222 mJ
    ofmap:             9.963 mJ
  DRAM total:      49966.069 mJ  ( 21.0%)  [type=HBM2]
    ifmap:          5726.943 mJ
    filter:        19159.582 mJ
    ofmap:          6216.727 mJ
    idle:          18862.817 mJ
  ----
  Total Energy: 237702.578 mJ
  Avg Power:         1.260 W   (cycles 94,314,085,752)
  EDP:          44837402.673 mJ·s
  Total MAC ops: 124,733,808,869,376   [fp16=124,733,808,869,376]
[14:46:14] ======= Bagel Model Simulation Completed =======
