[10:40:46] ======= Bagel Model Simulation Started =======
[10:40:46] Configuration: text_len=229, image_steps=50, layers=28, batch_size=1
[10:40:46] =========== Text Generation Started (total steps: 229) ===========
[10:40:46] Text generation - Start qkv mapping
[10:40:56] Text generation - End qkv mapping, total cycles:2381616.0
[10:40:56] Text generation - Start output mapping
[10:41:07] Text generation - End output mapping, total cycles:1852368.0
[10:41:07] Text generation - Start FFN up
[10:41:17] Text generation - End FFN up, total cycles:19582176.0
[10:41:17] Text generation - Start FFN down
[10:42:11] Text generation - End FFN down, total cycles:8733648.0
[10:42:11] Text generation - Step 0 to Step 19 started (kv_len in averagr: 3264)
[10:42:23] Text generation - Step 20 to Step 39 started (kv_len in averagr: 3304)
[10:42:35] Text generation - Step 40 to Step 59 started (kv_len in averagr: 3344)
[10:42:46] Text generation - Step 60 to Step 79 started (kv_len in averagr: 3384)
[10:42:58] Text generation - Step 80 to Step 99 started (kv_len in averagr: 3424)
[10:43:10] Text generation - Step 100 to Step 119 started (kv_len in averagr: 3464)
[10:43:22] Text generation - Step 120 to Step 139 started (kv_len in averagr: 3504)
[10:43:34] Text generation - Step 140 to Step 159 started (kv_len in averagr: 3544)
[10:43:46] Text generation - Step 160 to Step 179 started (kv_len in averagr: 3584)
[10:43:58] Text generation - Step 180 to Step 199 started (kv_len in averagr: 3624)
[10:44:11] Text generation - Step 200 to Step 219 started (kv_len in averagr: 3664)
[10:44:24] Text generation - Step 220 to Step 228 started (kv_len in averagr: 3699)
[10:44:37] =========== Text Generation Completed, total cycles: 243243262972.5, total seconds: 486.486525945 ===========
[10:44:37] =========== Image Generation Started (total steps: 50) ===========
[10:44:37] Image generation - Start prefetching
[10:44:37] Image generation - End prefetching, total cycles:4096.0
[10:44:37] Image generation - Start qkv mapping
[10:44:49] Text generation - End qkv mapping, total cycles:15595248.0
[10:44:49] Image generation - Start output mapping
[10:44:49] Image generation - End output mapping, total cycles:10334720
[10:44:49] Image generation - Start FFN down
[10:44:49] Image generation - End FFN down, total cycles:54741720
[10:44:49] Image generation - Start draining
[10:44:49] Image generation - End draining, total cycles:4096.0
[10:44:49] Image generation - full_cache config started (kv_len: 2708)
[10:44:49] Image generation - full_cache config completed, cycles: 5139158752.0
[10:44:49] Image generation - without_img config started (kv_len: 1488)
[10:44:49] Image generation - without_img config completed, cycles: 4850496224.0
[10:44:49] Image generation - without_text config started (kv_len: 2615)
[10:44:49] Image generation - without_text config completed, cycles: 3791015760.0
[10:44:49] =========== Image Generation Completed, total cycles: 689033946400.0, total seconds: 1378.0678928 ===========
[10:44:49] ==================================================
[10:44:49] FINAL RESULT - Total Cycles: 932277209372.5, total seconds: 1864.554418745
[10:44:49] Simulation Duration: 243.19 seconds
[10:44:49] CYCLE BREAKDOWN (per-operator cycles / % of end-to-end):
  [text] subtotal: 243,243,262,972  ( 26.1%)
      OPBREAKDOWN text/attn 34533894076 3.704
      OPBREAKDOWN text/ffn_down 56000150976 6.007
      OPBREAKDOWN text/ffn_up 125560912512 13.468
      OPBREAKDOWN text/omap 11877383616 1.274
      OPBREAKDOWN text/qkv 15270921792 1.638
  [img] subtotal: 689,033,946,400  ( 73.9%)
      OPBREAKDOWN img/attn 81978019200 8.793
      OPBREAKDOWN img/drain 204800 0.000
      OPBREAKDOWN img/ffn_down 229915224000 24.662
      OPBREAKDOWN img/ffn_up 268234428000 28.772
      OPBREAKDOWN img/omap 43405824000 4.656
      OPBREAKDOWN img/prefetch 204800 0.000
      OPBREAKDOWN img/qkv 65500041600 7.026
  breakdown sum: 932,277,209,372  (total_cycles=932,277,209,372)
[10:44:49] DISAGG idle-leakage: text_lanes=256 vision_lanes=1792 pe_total=2048 static=150.0mW t_text=486.487s t_img=1378.068s -> 89690.130 mJ
[10:44:49] ENERGY BREAKDOWN:
  Compute (MAC):  1666115.622 mJ  ( 76.5%)
  SRAM total:      58284.405 mJ  (  2.7%)
    ifmap:         21389.685 mJ
    filter:        36310.542 mJ
    ofmap:           584.178 mJ
  DRAM total:     363667.283 mJ  ( 16.7%)  [type=HBM2]
    ifmap:         37817.007 mJ
    filter:       102942.105 mJ
    ofmap:         36452.729 mJ
    idle:         186455.442 mJ
  Array static (idle leakage):  89690.130 mJ  (  4.1%)
  ----
  Total Energy: 2177757.440 mJ
  Avg Power:         1.168 W   (cycles 932,277,209,372)
  EDP:          4060547257.715 mJ·s
  Total MAC ops: 1,111,739,941,810,176   [fp16=1,110,245,650,755,584 w4a16=1,494,291,054,592]
[10:44:49] ======= Bagel Model Simulation Completed =======
