[10:55:53] ======= Bagel Model Simulation Started =======
[10:55:53] Configuration: text_len=229, image_steps=50, layers=28, batch_size=1
[10:55:53] =========== Text Generation Started (total steps: 229) ===========
[10:55:53] Text generation - Start qkv mapping
[10:55:56] Text generation - End qkv mapping, total cycles:705312.0
[10:55:56] Text generation - Start output mapping
[10:56:00] Text generation - End output mapping, total cycles:548576.0
[10:56:00] Text generation - Start FFN up
[10:56:05] Text generation - End FFN up, total cycles:10336912.0
[10:56:05] Text generation - Start FFN down
[10:56:30] Text generation - End FFN down, total cycles:4418904.0
[10:56:30] Text generation - Step 0 to Step 19 started (kv_len in averagr: 3264)
[10:56:35] Text generation - Step 20 to Step 39 started (kv_len in averagr: 3304)
[10:56:41] Text generation - Step 40 to Step 59 started (kv_len in averagr: 3344)
[10:56:47] Text generation - Step 60 to Step 79 started (kv_len in averagr: 3384)
[10:56:53] Text generation - Step 80 to Step 99 started (kv_len in averagr: 3424)
[10:56:59] Text generation - Step 100 to Step 119 started (kv_len in averagr: 3464)
[10:57:05] Text generation - Step 120 to Step 139 started (kv_len in averagr: 3504)
[10:57:11] Text generation - Step 140 to Step 159 started (kv_len in averagr: 3544)
[10:57:17] Text generation - Step 160 to Step 179 started (kv_len in averagr: 3584)
[10:57:23] Text generation - Step 180 to Step 199 started (kv_len in averagr: 3624)
[10:57:29] Text generation - Step 200 to Step 219 started (kv_len in averagr: 3664)
[10:57:36] Text generation - Step 220 to Step 228 started (kv_len in averagr: 3699)
[10:57:42] =========== Text Generation Completed, total cycles: 127230065693.5, total seconds: 254.460131387 ===========
[10:57:42] =========== Image Generation Started (total steps: 50) ===========
[10:57:42] Image generation - Start prefetching
[10:57:42] Image generation - End prefetching, total cycles:2048.0
[10:57:42] Image generation - Start qkv mapping
[10:57:49] Text generation - End qkv mapping, total cycles:12092976.0
[10:57:49] Image generation - Start output mapping
[10:57:49] Image generation - End output mapping, total cycles:9062592
[10:57:49] Image generation - Start FFN down
[10:57:49] Image generation - End FFN down, total cycles:47902272
[10:57:49] Image generation - Start draining
[10:57:49] Image generation - End draining, total cycles:512.0
[10:57:49] Image generation - full_cache config started (kv_len: 1354)
[10:57:49] Image generation - full_cache config completed, cycles: 4361766080.0
[10:57:49] Image generation - without_img config started (kv_len: 744)
[10:57:49] Image generation - without_img config completed, cycles: 4153065280.0
[10:57:49] Image generation - without_text config started (kv_len: 1307)
[10:57:49] Image generation - without_text config completed, cycles: 3183808320.0
[10:57:49] =========== Image Generation Completed, total cycles: 584932112000.0, total seconds: 1169.864224 ===========
[10:57:49] ==================================================
[10:57:49] FINAL RESULT - Total Cycles: 712162177693.5, total seconds: 1424.324355387
[10:57:49] Simulation Duration: 116.74 seconds
[10:57:49] CYCLE BREAKDOWN (per-operator cycles / % of end-to-end):
  [text] subtotal: 127,230,065,694  ( 17.9%)
      OPBREAKDOWN text/attn 24575843646 3.451
      OPBREAKDOWN text/ffn_down 28334012448 3.979
      OPBREAKDOWN text/ffn_up 66280279744 9.307
      OPBREAKDOWN text/omap 3517469312 0.494
      OPBREAKDOWN text/qkv 4522460544 0.635
  [img] subtotal: 584,932,112,000  ( 82.1%)
      OPBREAKDOWN img/attn 60167923200 8.449
      OPBREAKDOWN img/drain 25600 0.000
      OPBREAKDOWN img/ffn_down 201189542400 28.251
      OPBREAKDOWN img/ffn_up 234721132800 32.959
      OPBREAKDOWN img/omap 38062886400 5.345
      OPBREAKDOWN img/prefetch 102400 0.000
      OPBREAKDOWN img/qkv 50790499200 7.132
  breakdown sum: 712,162,177,694  (total_cycles=712,162,177,694)
[10:57:49] ENERGY BREAKDOWN:
  Compute (MAC):  1003859.450 mJ  ( 77.3%)
  SRAM total:      28554.186 mJ  (  2.2%)
    ifmap:         17707.104 mJ
    filter:        10446.888 mJ
    ofmap:           400.194 mJ
  DRAM total:     265870.657 mJ  ( 20.5%)  [type=HBM2]
    ifmap:         26336.409 mJ
    filter:        72129.681 mJ
    ofmap:         24972.131 mJ
    idle:         142432.436 mJ
  ----
  Total Energy: 1298284.293 mJ
  Avg Power:         0.912 W   (cycles 712,162,177,693)
  EDP:          1849177938.360 mJ·s
  Total MAC ops: 1,064,640,051,736,576   [fp16=471,539,423,703,040 w4a16=593,100,628,033,536]
[10:57:49] ======= Bagel Model Simulation Completed =======
