[23:42:39] ======= Bagel Model Simulation Started =======
[23:42:39] Configuration: text_len=229, image_steps=30, layers=24
[23:42:39] =========== Text Generation Started (total steps: 229) ===========
[23:42:39] Text generation - Start qkv mapping
[23:42:39] Text generation - End qkv mapping, total cycles:98560.0
[23:42:39] Text generation - Start output mapping
[23:42:39] Text generation - End output mapping, total cycles:32896.0
[23:42:39] Text generation - Start FFN up
[23:42:39] Text generation - End FFN up, total cycles:180704.0
[23:42:39] Text generation - Start FFN down
[23:42:39] Text generation - End FFN down, total cycles:90352.0
[23:42:39] Text generation - Step 0 to Step 19 started (kv_len in averagr: 58)
[23:42:39] Text generation - Step 20 to Step 39 started (kv_len in averagr: 98)
[23:42:39] Text generation - Step 40 to Step 59 started (kv_len in averagr: 138)
[23:42:39] Text generation - Step 60 to Step 79 started (kv_len in averagr: 178)
[23:42:39] Text generation - Step 80 to Step 99 started (kv_len in averagr: 218)
[23:42:39] Text generation - Step 100 to Step 119 started (kv_len in averagr: 258)
[23:42:39] Text generation - Step 120 to Step 139 started (kv_len in averagr: 298)
[23:42:39] Text generation - Step 140 to Step 159 started (kv_len in averagr: 338)
[23:42:39] Text generation - Step 160 to Step 179 started (kv_len in averagr: 378)
[23:42:39] Text generation - Step 180 to Step 199 started (kv_len in averagr: 418)
[23:42:39] Text generation - Step 200 to Step 219 started (kv_len in averagr: 458)
[23:42:39] Text generation - Step 220 to Step 228 started (kv_len in averagr: 493)
[23:42:39] =========== Text Generation Completed, total cycles: 2402375352.0, total seconds: 4.804750704 ===========
[23:42:39] =========== Image Generation Started (total steps: 30) ===========
[23:42:39] Image generation - Start prefetching
[23:42:39] Image generation - End prefetching, total cycles:2048.0
[23:42:39] Image generation - Start draining
[23:42:39] Image generation - End draining, total cycles:512.0
[23:42:39] Image generation - full_cache config started (kv_len: 1655)
[23:42:39] Image generation - Start qkv mapping
[23:42:39] Text generation - End qkv mapping, total cycles:17420160
[23:42:39] Image generation - Start attn
[23:42:39] Image generation - End attn, total cycles:13934336
[23:42:39] Image generation - Start output mapping
[23:42:39] Image generation - End output mapping, total cycles:7022080
[23:42:39] Image generation - Start FFN up
[23:42:39] Image generation - End FFN up, total cycles:38621440
[23:42:39] Image generation - Start FFN down
[23:42:39] Image generation - End FFN down, total cycles:19310720
[23:42:39] Image generation - full_cache config completed, cycles: 2311409664
[23:42:39] Image generation - without_text config started (kv_len: 1378)
[23:42:39] Image generation - Start qkv mapping
[23:42:39] Text generation - End qkv mapping, total cycles:17420160
[23:42:39] Image generation - Start attn
[23:42:39] Image generation - End attn, total cycles:9940480
[23:42:39] Image generation - Start output mapping
[23:42:39] Image generation - End output mapping, total cycles:5941760
[23:42:39] Image generation - Start FFN up
[23:42:39] Image generation - End FFN up, total cycles:32679680
[23:42:39] Image generation - Start FFN down
[23:42:39] Image generation - End FFN down, total cycles:16339840
[23:42:39] Image generation - without_text config completed, cycles: 1975726080
[23:42:39] =========== Image Generation Completed, total cycles: 128614149120.0, total seconds: 257.22829824 ===========
[23:42:39] ==================================================
[23:42:39] FINAL RESULT - Total Cycles: 131016524472.0, total seconds: 262.033048944
[23:42:39] Simulation Duration: 0.02 seconds
[23:42:39] CYCLE BREAKDOWN (per-operator cycles / % of end-to-end):
  [text] subtotal: 2,402,375,352  (  1.8%)
      OPBREAKDOWN text/attn 190169400 0.145
      OPBREAKDOWN text/ffn_down 496574592 0.379
      OPBREAKDOWN text/ffn_up 993149184 0.758
      OPBREAKDOWN text/omap 180796416 0.138
      OPBREAKDOWN text/qkv 541685760 0.413
  [img] subtotal: 128,614,149,120  ( 98.2%)
      OPBREAKDOWN img/attn 17189867520 13.120
      OPBREAKDOWN img/drain 15360 0.000
      OPBREAKDOWN img/ffn_down 25668403200 19.592
      OPBREAKDOWN img/ffn_up 51336806400 39.183
      OPBREAKDOWN img/omap 9333964800 7.124
      OPBREAKDOWN img/prefetch 61440 0.000
      OPBREAKDOWN img/qkv 25085030400 19.146
  breakdown sum: 131,016,524,472  (total_cycles=131,016,524,472)
[23:42:39] ENERGY BREAKDOWN:
  Compute (MAC):   76767.881 mJ  ( 21.9%)
  SRAM total:       5780.190 mJ  (  1.6%)
    ifmap:          4275.259 mJ
    filter:         1399.918 mJ
    ofmap:           105.014 mJ
  DRAM total:     229004.439 mJ  ( 65.3%)  [type=DDR4]
    ifmap:         31086.324 mJ
    filter:        33297.248 mJ
    ofmap:         33604.342 mJ
    idle:         131016.524 mJ
  Array static (leakage+clock):  39304.957 mJ  ( 11.2%)
  ----
  Total Energy: 350857.467 mJ
  Avg Power:         1.339 W   (cycles 131,016,524,472)
  EDP:          91936251.913 mJ·s
  Total MAC ops: 126,168,229,773,312   [fp16=13,683,766,099,968 w4a16=112,484,463,673,344]
[23:42:39] ======= Bagel Model Simulation Completed =======
