[23:42:38] ======= Bagel Model Simulation Started =======
[23:42:38] Configuration: text_len=229, image_steps=50, layers=28, batch_size=1
[23:42:38] =========== Text Generation Started (total steps: 229) ===========
[23:42:38] Text generation - Start qkv mapping
[23:42:38] Text generation - End qkv mapping, total cycles:129280.0
[23:42:38] Text generation - Start output mapping
[23:42:38] Text generation - End output mapping, total cycles:100576.0
[23:42:38] Text generation - Start FFN up
[23:42:38] Text generation - End FFN up, total cycles:1062272.0
[23:42:38] Text generation - Start FFN down
[23:42:38] Text generation - End FFN down, total cycles:531136.0
[23:42:38] Text generation - Step 0 to Step 19 started (kv_len in averagr: 3251)
[23:42:38] Text generation - Step 20 to Step 39 started (kv_len in averagr: 3291)
[23:42:38] Text generation - Step 40 to Step 59 started (kv_len in averagr: 3331)
[23:42:38] Text generation - Step 60 to Step 79 started (kv_len in averagr: 3371)
[23:42:38] Text generation - Step 80 to Step 99 started (kv_len in averagr: 3411)
[23:42:38] Text generation - Step 100 to Step 119 started (kv_len in averagr: 3451)
[23:42:38] Text generation - Step 120 to Step 139 started (kv_len in averagr: 3491)
[23:42:38] Text generation - Step 140 to Step 159 started (kv_len in averagr: 3531)
[23:42:38] Text generation - Step 160 to Step 179 started (kv_len in averagr: 3571)
[23:42:38] Text generation - Step 180 to Step 199 started (kv_len in averagr: 3611)
[23:42:38] Text generation - Step 200 to Step 219 started (kv_len in averagr: 3651)
[23:42:38] Text generation - Step 220 to Step 228 started (kv_len in averagr: 3686)
[23:42:38] =========== Text Generation Completed, total cycles: 16700927530.0, total seconds: 33.40185506 ===========
[23:42:38] ==================================================
[23:42:38] FINAL RESULT - Total Cycles: 16700927530.0, total seconds: 33.40185506
[23:42:38] Simulation Duration: 0.01 seconds
[23:42:38] CYCLE BREAKDOWN (per-operator cycles / % of end-to-end):
  [text] subtotal: 16,700,927,530  (100.0%)
      OPBREAKDOWN text/attn 5010158762 29.999
      OPBREAKDOWN text/ffn_down 3405644032 20.392
      OPBREAKDOWN text/ffn_up 6811288064 40.784
      OPBREAKDOWN text/omap 644893312 3.861
      OPBREAKDOWN text/qkv 828943360 4.963
  breakdown sum: 16,700,927,530  (total_cycles=16,700,927,530)
[23:42:38] STAGE UTIL (PE_total=1024, peak=32.0GB/s=64.0B/cyc): text_compute=9.67% text_mem=100.00% image_compute=0.00% image_mem=0.00%
[23:42:38] STAGE RAW: text_cyc=16700927530.0 image_cyc=0 text_mac=1653327699968 image_mac=0 text_dram_bytes=1068859361920 image_dram_bytes=0
[23:42:38] DETAIL UTIL (Fig14-style) -- TEXT mem%: attn=100.00 ffn=100.00 avg=100.00 | IMAGE compute%: attn=0.00 ffn=0.00 avg=0.00 | TOTAL: compute=9.67 mem=100.00
[23:42:38] ENERGY BREAKDOWN:
  Compute (MAC):     985.700 mJ  (  0.5%)
  SRAM total:       2187.681 mJ  (  1.1%)
    ifmap:          1653.718 mJ
    filter:          533.000 mJ
    ofmap:             0.963 mJ
  DRAM total:     187718.425 mJ  ( 95.8%)  [type=DDR4]
    ifmap:           274.435 mJ
    filter:       170435.011 mJ
    ofmap:           308.052 mJ
    idle:          16700.928 mJ
  Array static (leakage+clock):   5010.278 mJ  (  2.6%)
  ----
  Total Energy: 195902.086 mJ
  Avg Power:         5.865 W   (cycles 16,700,927,530)
  EDP:          6543493.066 mJ·s
  Total MAC ops: 1,653,327,699,968   [fp16=159,036,645,376 w4a16=1,494,291,054,592]
[23:42:38] ======= Bagel Model Simulation Completed =======
