[23:42:41] ======= Bagel Model Simulation Started =======
[23:42:41] Configuration: text_len=229, image_steps=30, layers=24
[23:42:41] =========== Text Generation Started (total steps: 229) ===========
[23:42:41] Text generation - Start qkv mapping
[23:42:41] Text generation - End qkv mapping, total cycles:98560.0
[23:42:41] Text generation - Start output mapping
[23:42:41] Text generation - End output mapping, total cycles:32896.0
[23:42:41] Text generation - Start FFN up
[23:42:41] Text generation - End FFN up, total cycles:180704.0
[23:42:41] Text generation - Start FFN down
[23:42:41] Text generation - End FFN down, total cycles:90352.0
[23:42:41] Text generation - Step 0 to Step 19 started (kv_len in averagr: 1436)
[23:42:41] Text generation - Step 20 to Step 39 started (kv_len in averagr: 1476)
[23:42:41] Text generation - Step 40 to Step 59 started (kv_len in averagr: 1516)
[23:42:41] Text generation - Step 60 to Step 79 started (kv_len in averagr: 1556)
[23:42:41] Text generation - Step 80 to Step 99 started (kv_len in averagr: 1596)
[23:42:41] Text generation - Step 100 to Step 119 started (kv_len in averagr: 1636)
[23:42:41] Text generation - Step 120 to Step 139 started (kv_len in averagr: 1676)
[23:42:41] Text generation - Step 140 to Step 159 started (kv_len in averagr: 1716)
[23:42:41] Text generation - Step 160 to Step 179 started (kv_len in averagr: 1756)
[23:42:41] Text generation - Step 180 to Step 199 started (kv_len in averagr: 1796)
[23:42:41] Text generation - Step 200 to Step 219 started (kv_len in averagr: 1836)
[23:42:41] Text generation - Step 220 to Step 228 started (kv_len in averagr: 1871)
[23:42:41] =========== Text Generation Completed, total cycles: 3379355304.0, total seconds: 6.758710608 ===========
[23:42:41] ==================================================
[23:42:41] FINAL RESULT - Total Cycles: 3379355304.0, total seconds: 6.758710608
[23:42:41] Simulation Duration: 0.01 seconds
[23:42:41] CYCLE BREAKDOWN (per-operator cycles / % of end-to-end):
  [text] subtotal: 3,379,355,304  (100.0%)
      OPBREAKDOWN text/attn 1167149352 34.538
      OPBREAKDOWN text/ffn_down 496574592 14.694
      OPBREAKDOWN text/ffn_up 993149184 29.389
      OPBREAKDOWN text/omap 180796416 5.350
      OPBREAKDOWN text/qkv 541685760 16.029
  breakdown sum: 3,379,355,304  (total_cycles=3,379,355,304)
[23:42:41] ENERGY BREAKDOWN:
  Compute (MAC):     196.748 mJ  (  0.5%)
  SRAM total:        427.699 mJ  (  1.1%)
    ifmap:           319.607 mJ
    filter:          107.818 mJ
    ofmap:             0.274 mJ
  DRAM total:      37983.954 mJ  ( 95.9%)  [type=DDR4]
    ifmap:            74.211 mJ
    filter:        34442.670 mJ
    ofmap:            87.718 mJ
    idle:           3379.355 mJ
  Array static (leakage+clock):   1013.807 mJ  (  2.6%)
  ----
  Total Energy:  39622.207 mJ
  Avg Power:         5.862 W   (cycles 3,379,355,304)
  EDP:          267795.034 mJ·s
  Total MAC ops: 319,422,627,840   [fp16=37,036,916,736 w4a16=282,385,711,104]
[23:42:41] ======= Bagel Model Simulation Completed =======
