[23:42:01] ======= Bagel Model Simulation Started =======
[23:42:01] Configuration: text_len=229, image_steps=50, layers=28, batch_size=1
[23:42:01] =========== Text Generation Started (total steps: 229) ===========
[23:42:01] Text generation - Start qkv mapping
[23:42:01] Text generation - End qkv mapping, total cycles:129280.0
[23:42:01] Text generation - Start output mapping
[23:42:01] Text generation - End output mapping, total cycles:100576.0
[23:42:01] Text generation - Start FFN up
[23:42:01] Text generation - End FFN up, total cycles:1062272.0
[23:42:01] Text generation - Start FFN down
[23:42:01] Text generation - End FFN down, total cycles:531136.0
[23:42:01] Text generation - Step 0 to Step 19 started (kv_len in averagr: 58)
[23:42:01] Text generation - Step 20 to Step 39 started (kv_len in averagr: 98)
[23:42:01] Text generation - Step 40 to Step 59 started (kv_len in averagr: 138)
[23:42:01] Text generation - Step 60 to Step 79 started (kv_len in averagr: 178)
[23:42:01] Text generation - Step 80 to Step 99 started (kv_len in averagr: 218)
[23:42:01] Text generation - Step 100 to Step 119 started (kv_len in averagr: 258)
[23:42:01] Text generation - Step 120 to Step 139 started (kv_len in averagr: 298)
[23:42:01] Text generation - Step 140 to Step 159 started (kv_len in averagr: 338)
[23:42:01] Text generation - Step 160 to Step 179 started (kv_len in averagr: 378)
[23:42:01] Text generation - Step 180 to Step 199 started (kv_len in averagr: 418)
[23:42:01] Text generation - Step 200 to Step 219 started (kv_len in averagr: 458)
[23:42:01] Text generation - Step 220 to Step 228 started (kv_len in averagr: 493)
[23:42:01] =========== Text Generation Completed, total cycles: 12079031293.0, total seconds: 24.158062586 ===========
[23:42:01] =========== Image Generation Started (total steps: 50) ===========
[23:42:01] Image generation - Start prefetching
[23:42:01] Image generation - End prefetching, total cycles:2048.0
[23:42:01] Image generation - Start qkv mapping
[23:42:10] Text generation - End qkv mapping, total cycles:23396976.0
[23:42:10] Image generation - Start output mapping
[23:42:10] Image generation - End output mapping, total cycles:17967488
[23:42:10] Image generation - Start FFN down
[23:42:10] Image generation - End FFN down, total cycles:94971008
[23:42:10] Image generation - Start draining
[23:42:10] Image generation - End draining, total cycles:512.0
[23:42:10] Image generation - full_cache config started (kv_len: 1655)
[23:42:10] Image generation - full_cache config completed, cycles: 9713508672.0
[23:42:10] Image generation - without_text config started (kv_len: 1607)
[23:42:10] Image generation - without_text config completed, cycles: 9700331200.0
[23:42:10] =========== Image Generation Completed, total cycles: 970692121600.0, total seconds: 1941.3842432 ===========
[23:42:10] ==================================================
[23:42:10] FINAL RESULT - Total Cycles: 982771152893.0, total seconds: 1965.542305786
[23:42:10] Simulation Duration: 9.23 seconds
[23:42:10] CYCLE BREAKDOWN (per-operator cycles / % of end-to-end):
  [text] subtotal: 12,079,031,293  (  1.2%)
      OPBREAKDOWN text/attn 388262525 0.040
      OPBREAKDOWN text/ffn_down 3405644032 0.347
      OPBREAKDOWN text/ffn_up 6811288064 0.693
      OPBREAKDOWN text/omap 644893312 0.066
      OPBREAKDOWN text/qkv 828943360 0.084
  [img] subtotal: 970,692,121,600  ( 98.8%)
      OPBREAKDOWN img/attn 57115027200 5.812
      OPBREAKDOWN img/drain 25600 0.000
      OPBREAKDOWN img/ffn_down 265918822400 27.058
      OPBREAKDOWN img/ffn_up 531837644800 54.116
      OPBREAKDOWN img/omap 50308966400 5.119
      OPBREAKDOWN img/prefetch 102400 0.000
      OPBREAKDOWN img/qkv 65511532800 6.666
  breakdown sum: 982,771,152,893  (total_cycles=982,771,152,893)
[23:42:10] STAGE UTIL (PE_total=1024, peak=32.0GB/s=64.0B/cyc): text_compute=12.18% text_mem=100.00% image_compute=95.00% image_mem=3.01%
[23:42:10] STAGE RAW: text_cyc=12079031293.0 image_cyc=970692121600.0 text_mac=1506573537280 image_mac=944293333401600 text_dram_bytes=773058002752 image_dram_bytes=1870367116800
[23:42:10] DETAIL UTIL (Fig14-style) -- TEXT mem%: attn=100.00 ffn=100.00 avg=100.00 | IMAGE compute%: attn=77.13 ffn=96.21 avg=95.00 | TOTAL: compute=93.98 mem=4.20
[23:42:10] ENERGY BREAKDOWN:
  Compute (MAC):  518020.821 mJ  ( 22.9%)
  SRAM total:      41060.084 mJ  (  1.8%)
    ifmap:         31666.104 mJ
    filter:         9011.934 mJ
    ofmap:           382.047 mJ
  DRAM total:     1405719.172 mJ  ( 62.2%)  [type=DDR4]
    ifmap:        110842.506 mJ
    filter:       189850.506 mJ
    ofmap:        122255.008 mJ
    idle:         982771.153 mJ
  Array static (leakage+clock): 294831.346 mJ  ( 13.0%)
  ----
  Total Energy: 2259631.423 mJ
  Avg Power:         1.150 W   (cycles 982,771,152,893)
  EDP:          4441401158.275 mJ·s
  Total MAC ops: 945,799,906,938,880   [fp16=45,120,867,749,888 w4a16=900,679,039,188,992]
[23:42:10] ======= Bagel Model Simulation Completed =======
