[23:40:53] ======= Bagel Model Simulation Started =======
[23:40:53] Configuration: text_len=229, image_steps=50, layers=28, batch_size=1
[23:40:53] =========== Text Generation Started (total steps: 229) ===========
[23:40:53] Text generation - Start qkv mapping
[23:40:53] Text generation - End qkv mapping, total cycles:129280.0
[23:40:53] Text generation - Start output mapping
[23:40:53] Text generation - End output mapping, total cycles:100576.0
[23:40:53] Text generation - Start FFN up
[23:40:53] Text generation - End FFN up, total cycles:1062272.0
[23:40:53] Text generation - Start FFN down
[23:40:53] Text generation - End FFN down, total cycles:531136.0
[23:40:53] Text generation - Step 0 to Step 19 started (kv_len in averagr: 3264)
[23:40:53] Text generation - Step 20 to Step 39 started (kv_len in averagr: 3304)
[23:40:53] Text generation - Step 40 to Step 59 started (kv_len in averagr: 3344)
[23:40:53] Text generation - Step 60 to Step 79 started (kv_len in averagr: 3384)
[23:40:53] Text generation - Step 80 to Step 99 started (kv_len in averagr: 3424)
[23:40:53] Text generation - Step 100 to Step 119 started (kv_len in averagr: 3464)
[23:40:53] Text generation - Step 120 to Step 139 started (kv_len in averagr: 3504)
[23:40:53] Text generation - Step 140 to Step 159 started (kv_len in averagr: 3544)
[23:40:53] Text generation - Step 160 to Step 179 started (kv_len in averagr: 3584)
[23:40:53] Text generation - Step 180 to Step 199 started (kv_len in averagr: 3624)
[23:40:53] Text generation - Step 200 to Step 219 started (kv_len in averagr: 3664)
[23:40:53] Text generation - Step 220 to Step 228 started (kv_len in averagr: 3699)
[23:40:53] =========== Text Generation Completed, total cycles: 16719745147.0, total seconds: 33.439490294 ===========
[23:40:53] =========== Image Generation Started (total steps: 50) ===========
[23:40:53] Image generation - Start prefetching
[23:40:53] Image generation - End prefetching, total cycles:2048.0
[23:40:53] Image generation - Start qkv mapping
[23:41:02] Text generation - End qkv mapping, total cycles:23396976.0
[23:41:02] Image generation - Start output mapping
[23:41:02] Image generation - End output mapping, total cycles:17967488
[23:41:02] Image generation - Start FFN down
[23:41:02] Image generation - End FFN down, total cycles:94971008
[23:41:02] Image generation - Start draining
[23:41:02] Image generation - End draining, total cycles:512.0
[23:41:02] Image generation - full_cache config started (kv_len: 4861)
[23:41:02] Image generation - full_cache config completed, cycles: 10811309376.0
[23:41:02] Image generation - without_img config started (kv_len: 1668)
[23:41:02] Image generation - without_img config completed, cycles: 9721856704.0
[23:41:02] Image generation - without_text config started (kv_len: 4619)
[23:41:02] Image generation - without_text config completed, cycles: 10732037568.0
[23:41:02] =========== Image Generation Completed, total cycles: 1563260310400.0, total seconds: 3126.5206208 ===========
[23:41:02] ==================================================
[23:41:02] FINAL RESULT - Total Cycles: 1579980055547.0, total seconds: 3159.960111094
[23:41:02] Simulation Duration: 9.07 seconds
[23:41:02] CYCLE BREAKDOWN (per-operator cycles / % of end-to-end):
  [text] subtotal: 16,719,745,147  (  1.1%)
      OPBREAKDOWN text/attn 5028976379 0.318
      OPBREAKDOWN text/ffn_down 3405644032 0.216
      OPBREAKDOWN text/ffn_up 6811288064 0.431
      OPBREAKDOWN text/omap 644893312 0.041
      OPBREAKDOWN text/qkv 828943360 0.052
  [img] subtotal: 1,563,260,310,400  ( 98.9%)
      OPBREAKDOWN img/attn 192894732800 12.209
      OPBREAKDOWN img/drain 25600 0.000
      OPBREAKDOWN img/ffn_down 398878233600 25.246
      OPBREAKDOWN img/ffn_up 797756467200 50.492
      OPBREAKDOWN img/omap 75463449600 4.776
      OPBREAKDOWN img/prefetch 102400 0.000
      OPBREAKDOWN img/qkv 98267299200 6.220
  breakdown sum: 1,579,980,055,547  (total_cycles=1,579,980,055,547)
[23:41:02] STAGE UTIL (PE_total=1024, peak=32.0GB/s=64.0B/cyc): text_compute=9.66% text_mem=100.00% image_compute=93.89% image_mem=4.28%
[23:41:02] STAGE RAW: text_cyc=16719745147.0 image_cyc=1563260310400.0 text_mac=1653925195776 image_mac=1502937302630400 text_dram_bytes=1070063689408 image_dram_bytes=4282611379200
[23:41:02] DETAIL UTIL (Fig14-style) -- TEXT mem%: attn=100.00 ffn=100.00 avg=100.00 | IMAGE compute%: attn=78.05 ffn=96.21 avg=93.89 | TOTAL: compute=93.00 mem=5.29
[23:41:02] ENERGY BREAKDOWN:
  Compute (MAC):  906615.428 mJ  ( 23.3%)
  SRAM total:      66800.395 mJ  (  1.7%)
    ifmap:         49654.980 mJ
    filter:        16234.084 mJ
    ofmap:           911.331 mJ
  DRAM total:     2436408.067 mJ  ( 62.7%)  [type=DDR4]
    ifmap:        274524.080 mJ
    filter:       290277.906 mJ
    ofmap:        291626.025 mJ
    idle:         1579980.056 mJ
  Array static (leakage+clock): 473994.017 mJ  ( 12.2%)
  ----
  Total Energy: 3883817.907 mJ
  Avg Power:         1.229 W   (cycles 1,579,980,055,547)
  EDP:          12272709664.160 mJ·s
  Total MAC ops: 1,504,591,227,826,176   [fp16=154,319,814,569,984 w4a16=1,350,271,413,256,192]
[23:41:02] ======= Bagel Model Simulation Completed =======
