[23:42:38] ======= Bagel Model Simulation Started =======
[23:42:38] Configuration: text_len=229, image_steps=30, layers=24
[23:42:38] =========== Text Generation Started (total steps: 229) ===========
[23:42:38] Text generation - Start qkv mapping
[23:42:38] Text generation - End qkv mapping, total cycles:393472.0
[23:42:38] Text generation - Start output mapping
[23:42:38] Text generation - End output mapping, total cycles:131200.0
[23:42:38] Text generation - Start FFN up
[23:42:38] Text generation - End FFN up, total cycles:721376.0
[23:42:38] Text generation - Start FFN down
[23:42:38] Text generation - End FFN down, total cycles:360688.0
[23:42:38] Text generation - Step 0 to Step 19 started (kv_len in averagr: 58)
[23:42:38] Text generation - Step 20 to Step 39 started (kv_len in averagr: 98)
[23:42:38] Text generation - Step 40 to Step 59 started (kv_len in averagr: 138)
[23:42:38] Text generation - Step 60 to Step 79 started (kv_len in averagr: 178)
[23:42:38] Text generation - Step 80 to Step 99 started (kv_len in averagr: 218)
[23:42:38] Text generation - Step 100 to Step 119 started (kv_len in averagr: 258)
[23:42:38] Text generation - Step 120 to Step 139 started (kv_len in averagr: 298)
[23:42:38] Text generation - Step 140 to Step 159 started (kv_len in averagr: 338)
[23:42:38] Text generation - Step 160 to Step 179 started (kv_len in averagr: 378)
[23:42:38] Text generation - Step 180 to Step 199 started (kv_len in averagr: 418)
[23:42:38] Text generation - Step 200 to Step 219 started (kv_len in averagr: 458)
[23:42:38] Text generation - Step 220 to Step 228 started (kv_len in averagr: 493)
[23:42:38] =========== Text Generation Completed, total cycles: 9020790456.0, total seconds: 18.041580912 ===========
[23:42:38] =========== Image Generation Started (total steps: 30) ===========
[23:42:38] Image generation - Start prefetching
[23:42:38] Image generation - End prefetching, total cycles:2048.0
[23:42:38] Image generation - Start draining
[23:42:38] Image generation - End draining, total cycles:512.0
[23:42:38] Image generation - full_cache config started (kv_len: 1655)
[23:42:38] Image generation - Start qkv mapping
[23:42:38] Text generation - End qkv mapping, total cycles:17420160
[23:42:38] Image generation - Start attn
[23:42:38] Image generation - End attn, total cycles:13934336
[23:42:38] Image generation - Start output mapping
[23:42:38] Image generation - End output mapping, total cycles:7022080
[23:42:38] Image generation - Start FFN up
[23:42:38] Image generation - End FFN up, total cycles:38621440
[23:42:38] Image generation - Start FFN down
[23:42:38] Image generation - End FFN down, total cycles:19310720
[23:42:38] Image generation - full_cache config completed, cycles: 2311409664
[23:42:38] Image generation - without_text config started (kv_len: 1378)
[23:42:38] Image generation - Start qkv mapping
[23:42:38] Text generation - End qkv mapping, total cycles:17420160
[23:42:38] Image generation - Start attn
[23:42:38] Image generation - End attn, total cycles:9940480
[23:42:38] Image generation - Start output mapping
[23:42:38] Image generation - End output mapping, total cycles:5941760
[23:42:38] Image generation - Start FFN up
[23:42:38] Image generation - End FFN up, total cycles:32679680
[23:42:38] Image generation - Start FFN down
[23:42:38] Image generation - End FFN down, total cycles:16339840
[23:42:38] Image generation - without_text config completed, cycles: 1975726080
[23:42:38] =========== Image Generation Completed, total cycles: 128614149120.0, total seconds: 257.22829824 ===========
[23:42:38] ==================================================
[23:42:38] FINAL RESULT - Total Cycles: 137634939576.0, total seconds: 275.269879152
[23:42:38] Simulation Duration: 0.02 seconds
[23:42:38] CYCLE BREAKDOWN (per-operator cycles / % of end-to-end):
  [text] subtotal: 9,020,790,456  (  6.6%)
      OPBREAKDOWN text/attn 190169400 0.138
      OPBREAKDOWN text/ffn_down 1982341248 1.440
      OPBREAKDOWN text/ffn_up 3964682496 2.881
      OPBREAKDOWN text/omap 721075200 0.524
      OPBREAKDOWN text/qkv 2162522112 1.571
  [img] subtotal: 128,614,149,120  ( 93.4%)
      OPBREAKDOWN img/attn 17189867520 12.489
      OPBREAKDOWN img/drain 15360 0.000
      OPBREAKDOWN img/ffn_down 25668403200 18.650
      OPBREAKDOWN img/ffn_up 51336806400 37.299
      OPBREAKDOWN img/omap 9333964800 6.782
      OPBREAKDOWN img/prefetch 61440 0.000
      OPBREAKDOWN img/qkv 25085030400 18.226
  breakdown sum: 137,634,939,576  (total_cycles=137,634,939,576)
[23:42:38] ENERGY BREAKDOWN:
  Compute (MAC):  189252.345 mJ  ( 33.9%)
  SRAM total:       6518.137 mJ  (  1.2%)
    ifmap:          2137.708 mJ
    filter:         4275.416 mJ
    ofmap:           105.014 mJ
  DRAM total:     321152.430 mJ  ( 57.5%)  [type=DDR4]
    ifmap:         31086.324 mJ
    filter:       118826.824 mJ
    ofmap:         33604.342 mJ
    idle:         137634.940 mJ
  Array static (leakage+clock):  41290.482 mJ  (  7.4%)
  ----
  Total Energy: 558213.394 mJ
  Avg Power:         2.028 W   (cycles 137,634,939,576)
  EDP:          153659333.371 mJ·s
  Total MAC ops: 126,168,229,773,312   [fp16=126,168,229,773,312]
[23:42:38] ======= Bagel Model Simulation Completed =======
