[23:41:29] ======= Bagel Model Simulation Started =======
[23:41:29] Configuration: text_len=229, image_steps=50, layers=28, batch_size=1
[23:41:29] =========== Text Generation Started (total steps: 229) ===========
[23:41:29] Text generation - Start qkv mapping
[23:41:29] Text generation - End qkv mapping, total cycles:516352.0
[23:41:29] Text generation - Start output mapping
[23:41:29] Text generation - End output mapping, total cycles:401632.0
[23:41:29] Text generation - Start FFN up
[23:41:29] Text generation - End FFN up, total cycles:4244864.0
[23:41:29] Text generation - Start FFN down
[23:41:29] Text generation - End FFN down, total cycles:2122432.0
[23:41:29] Text generation - Step 0 to Step 19 started (kv_len in averagr: 58)
[23:41:29] Text generation - Step 20 to Step 39 started (kv_len in averagr: 98)
[23:41:29] Text generation - Step 40 to Step 59 started (kv_len in averagr: 138)
[23:41:29] Text generation - Step 60 to Step 79 started (kv_len in averagr: 178)
[23:41:29] Text generation - Step 80 to Step 99 started (kv_len in averagr: 218)
[23:41:29] Text generation - Step 100 to Step 119 started (kv_len in averagr: 258)
[23:41:29] Text generation - Step 120 to Step 139 started (kv_len in averagr: 298)
[23:41:29] Text generation - Step 140 to Step 159 started (kv_len in averagr: 338)
[23:41:29] Text generation - Step 160 to Step 179 started (kv_len in averagr: 378)
[23:41:29] Text generation - Step 180 to Step 199 started (kv_len in averagr: 418)
[23:41:29] Text generation - Step 200 to Step 219 started (kv_len in averagr: 458)
[23:41:29] Text generation - Step 220 to Step 228 started (kv_len in averagr: 493)
[23:41:29] =========== Text Generation Completed, total cycles: 47101477885.0, total seconds: 94.20295577 ===========
[23:41:29] =========== Image Generation Started (total steps: 50) ===========
[23:41:29] Image generation - Start prefetching
[23:41:29] Image generation - End prefetching, total cycles:2048.0
[23:41:29] Image generation - Start qkv mapping
[23:41:41] Text generation - End qkv mapping, total cycles:24718392.0
[23:41:41] Image generation - Start output mapping
[23:41:41] Image generation - End output mapping, total cycles:17967488
[23:41:41] Image generation - Start FFN down
[23:41:41] Image generation - End FFN down, total cycles:94971008
[23:41:42] Image generation - Start draining
[23:41:42] Image generation - End draining, total cycles:512.0
[23:41:42] Image generation - full_cache config started (kv_len: 1655)
[23:41:42] Image generation - full_cache config completed, cycles: 9750508320.0
[23:41:42] Image generation - without_text config started (kv_len: 1607)
[23:41:42] Image generation - without_text config completed, cycles: 9737330848.0
[23:41:42] =========== Image Generation Completed, total cycles: 974392086400.0, total seconds: 1948.7841728 ===========
[23:41:42] ==================================================
[23:41:42] FINAL RESULT - Total Cycles: 1021493564285.0, total seconds: 2042.98712857
[23:41:42] Simulation Duration: 12.43 seconds
[23:41:42] CYCLE BREAKDOWN (per-operator cycles / % of end-to-end):
  [text] subtotal: 47,101,477,885  (  4.6%)
      OPBREAKDOWN text/attn 388262525 0.038
      OPBREAKDOWN text/ffn_down 13609033984 1.332
      OPBREAKDOWN text/ffn_up 27218067968 2.665
      OPBREAKDOWN text/omap 2575264384 0.252
      OPBREAKDOWN text/qkv 3310849024 0.324
  [img] subtotal: 974,392,086,400  ( 95.4%)
      OPBREAKDOWN img/attn 57115027200 5.591
      OPBREAKDOWN img/drain 25600 0.000
      OPBREAKDOWN img/ffn_down 265918822400 26.032
      OPBREAKDOWN img/ffn_up 531837644800 52.065
      OPBREAKDOWN img/omap 50308966400 4.925
      OPBREAKDOWN img/prefetch 102400 0.000
      OPBREAKDOWN img/qkv 69211497600 6.776
  breakdown sum: 1,021,493,564,285  (total_cycles=1,021,493,564,285)
[23:41:42] STAGE UTIL (PE_total=2048, peak=32.0GB/s=64.0B/cyc): text_compute=1.56% text_mem=100.00% image_compute=47.32% image_mem=4.68%
[23:41:42] STAGE RAW: text_cyc=47101477885.0 image_cyc=974392086400.0 text_mac=1506573537280 image_mac=944293333401600 text_dram_bytes=3014494584640 image_dram_bytes=2918523686400
[23:41:42] DETAIL UTIL (Fig14-style) -- TEXT mem%: attn=100.00 ffn=100.00 avg=100.00 | IMAGE compute%: attn=38.56 ffn=48.10 avg=47.32 | TOTAL: compute=45.21 mem=9.08
[23:41:42] ENERGY BREAKDOWN:
  Compute (MAC):  1418699.860 mJ  ( 37.9%)
  SRAM total:      47892.281 mJ  (  1.3%)
    ifmap:         15836.745 mJ
    filter:        31673.490 mJ
    ofmap:           382.047 mJ
  DRAM total:     1970776.488 mJ  ( 52.6%)  [type=DDR4]
    ifmap:        110842.506 mJ
    filter:       716185.410 mJ
    ofmap:        122255.008 mJ
    idle:         1021493.564 mJ
  Array static (leakage+clock): 306448.069 mJ  (  8.2%)
  ----
  Total Energy: 3743816.699 mJ
  Avg Power:         1.833 W   (cycles 1,021,493,564,285)
  EDP:          7648569327.402 mJ·s
  Total MAC ops: 945,799,906,938,880   [fp16=945,799,906,938,880]
[23:41:42] ======= Bagel Model Simulation Completed =======
