[23:40:34] ======= Bagel Model Simulation Started =======
[23:40:34] Configuration: text_len=229, image_steps=50, layers=28, batch_size=1
[23:40:34] =========== Text Generation Started (total steps: 229) ===========
[23:40:34] Text generation - Start qkv mapping
[23:40:34] Text generation - End qkv mapping, total cycles:516352.0
[23:40:34] Text generation - Start output mapping
[23:40:34] Text generation - End output mapping, total cycles:401632.0
[23:40:34] Text generation - Start FFN up
[23:40:34] Text generation - End FFN up, total cycles:4244864.0
[23:40:34] Text generation - Start FFN down
[23:40:34] Text generation - End FFN down, total cycles:2122432.0
[23:40:34] Text generation - Step 0 to Step 19 started (kv_len in averagr: 3264)
[23:40:34] Text generation - Step 20 to Step 39 started (kv_len in averagr: 3304)
[23:40:34] Text generation - Step 40 to Step 59 started (kv_len in averagr: 3344)
[23:40:34] Text generation - Step 60 to Step 79 started (kv_len in averagr: 3384)
[23:40:34] Text generation - Step 80 to Step 99 started (kv_len in averagr: 3424)
[23:40:34] Text generation - Step 100 to Step 119 started (kv_len in averagr: 3464)
[23:40:34] Text generation - Step 120 to Step 139 started (kv_len in averagr: 3504)
[23:40:34] Text generation - Step 140 to Step 159 started (kv_len in averagr: 3544)
[23:40:34] Text generation - Step 160 to Step 179 started (kv_len in averagr: 3584)
[23:40:34] Text generation - Step 180 to Step 199 started (kv_len in averagr: 3624)
[23:40:34] Text generation - Step 200 to Step 219 started (kv_len in averagr: 3664)
[23:40:34] Text generation - Step 220 to Step 228 started (kv_len in averagr: 3699)
[23:40:34] =========== Text Generation Completed, total cycles: 51742191739.0, total seconds: 103.484383478 ===========
[23:40:34] =========== Image Generation Started (total steps: 50) ===========
[23:40:34] Image generation - Start prefetching
[23:40:34] Image generation - End prefetching, total cycles:4096.0
[23:40:34] Image generation - Start qkv mapping
[23:40:43] Text generation - End qkv mapping, total cycles:13493952.0
[23:40:43] Image generation - Start output mapping
[23:40:43] Image generation - End output mapping, total cycles:9062592
[23:40:43] Image generation - Start FFN down
[23:40:43] Image generation - End FFN down, total cycles:47902272
[23:40:43] Image generation - Start draining
[23:40:43] Image generation - End draining, total cycles:4096.0
[23:40:43] Image generation - full_cache config started (kv_len: 4861)
[23:40:43] Image generation - full_cache config completed, cycles: 5335379840.0
[23:40:43] Image generation - without_img config started (kv_len: 1668)
[23:40:43] Image generation - without_img config completed, cycles: 4739840896.0
[23:40:43] Image generation - without_text config started (kv_len: 4619)
[23:40:43] Image generation - without_text config completed, cycles: 5173776384.0
[23:40:43] =========== Image Generation Completed, total cycles: 762450265600.0, total seconds: 1524.9005312 ===========
[23:40:43] ==================================================
[23:40:43] FINAL RESULT - Total Cycles: 814192457339.0, total seconds: 1628.384914678
[23:40:43] Simulation Duration: 9.34 seconds
[23:40:43] CYCLE BREAKDOWN (per-operator cycles / % of end-to-end):
  [text] subtotal: 51,742,191,739  (  6.4%)
      OPBREAKDOWN text/attn 5028976379 0.618
      OPBREAKDOWN text/ffn_down 13609033984 1.671
      OPBREAKDOWN text/ffn_up 27218067968 3.343
      OPBREAKDOWN text/omap 2575264384 0.316
      OPBREAKDOWN text/qkv 3310849024 0.407
  [img] subtotal: 762,450,265,600  ( 93.6%)
      OPBREAKDOWN img/attn 106820313600 13.120
      OPBREAKDOWN img/drain 204800 0.000
      OPBREAKDOWN img/ffn_down 201189542400 24.710
      OPBREAKDOWN img/ffn_up 359702515200 44.179
      OPBREAKDOWN img/omap 38062886400 4.675
      OPBREAKDOWN img/prefetch 204800 0.000
      OPBREAKDOWN img/qkv 56674598400 6.961
  breakdown sum: 814,192,457,339  (total_cycles=814,192,457,339)
[23:40:43] STAGE UTIL (PE_total=2048, peak=32.0GB/s=64.0B/cyc): text_compute=1.56% text_mem=100.00% image_compute=90.87% image_mem=11.88%
[23:40:43] STAGE RAW: text_cyc=51742191739.0 image_cyc=762450265600.0 text_mac=1653925195776 image_mac=1418910084300800 text_dram_bytes=3311500271296 image_dram_bytes=5799084928000
[23:40:43] DETAIL UTIL (Fig14-style) -- TEXT mem%: attn=100.00 ffn=100.00 avg=100.00 | IMAGE compute%: attn=70.47 ffn=95.31 avg=90.87 | TOTAL: compute=85.19 mem=17.48
[23:40:43] ENERGY BREAKDOWN:
  Compute (MAC):  2130846.014 mJ  ( 45.2%)
  SRAM total:      71399.789 mJ  (  1.5%)
    ifmap:         23503.968 mJ
    filter:        47007.935 mJ
    ofmap:           887.886 mJ
  DRAM total:     2271886.089 mJ  ( 48.1%)  [type=DDR4]
    ifmap:        273104.702 mJ
    filter:       900465.336 mJ
    ofmap:        284123.594 mJ
    idle:         814192.457 mJ
  Array static (leakage+clock): 244257.737 mJ  (  5.2%)
  ----
  Total Energy: 4718389.629 mJ
  Avg Power:         2.898 W   (cycles 814,192,457,339)
  EDP:          7683354494.163 mJ·s
  Total MAC ops: 1,420,564,009,496,576   [fp16=1,420,564,009,496,576]
[23:40:43] ======= Bagel Model Simulation Completed =======
