[23:42:39] ======= Bagel Model Simulation Started =======
[23:42:39] Configuration: text_len=229, image_steps=30, layers=24
[23:42:39] =========== Text Generation Started (total steps: 229) ===========
[23:42:39] Text generation - Start qkv mapping
[23:42:39] Text generation - End qkv mapping, total cycles:393472.0
[23:42:39] Text generation - Start output mapping
[23:42:39] Text generation - End output mapping, total cycles:131200.0
[23:42:39] Text generation - Start FFN up
[23:42:39] Text generation - End FFN up, total cycles:721376.0
[23:42:39] Text generation - Start FFN down
[23:42:39] Text generation - End FFN down, total cycles:360688.0
[23:42:39] Text generation - Step 0 to Step 19 started (kv_len in averagr: 58)
[23:42:39] Text generation - Step 20 to Step 39 started (kv_len in averagr: 98)
[23:42:39] Text generation - Step 40 to Step 59 started (kv_len in averagr: 138)
[23:42:39] Text generation - Step 60 to Step 79 started (kv_len in averagr: 178)
[23:42:39] Text generation - Step 80 to Step 99 started (kv_len in averagr: 218)
[23:42:39] Text generation - Step 100 to Step 119 started (kv_len in averagr: 258)
[23:42:39] Text generation - Step 120 to Step 139 started (kv_len in averagr: 298)
[23:42:39] Text generation - Step 140 to Step 159 started (kv_len in averagr: 338)
[23:42:39] Text generation - Step 160 to Step 179 started (kv_len in averagr: 378)
[23:42:39] Text generation - Step 180 to Step 199 started (kv_len in averagr: 418)
[23:42:39] Text generation - Step 200 to Step 219 started (kv_len in averagr: 458)
[23:42:39] Text generation - Step 220 to Step 228 started (kv_len in averagr: 493)
[23:42:39] =========== Text Generation Completed, total cycles: 9020790456.0, total seconds: 18.041580912 ===========
[23:42:39] =========== Image Generation Started (total steps: 30) ===========
[23:42:39] Image generation - Start prefetching
[23:42:39] Image generation - End prefetching, total cycles:4096.0
[23:42:39] Image generation - Start draining
[23:42:39] Image generation - End draining, total cycles:4096.0
[23:42:39] Image generation - full_cache config started (kv_len: 1655)
[23:42:39] Image generation - Start qkv mapping
[23:42:39] Text generation - End qkv mapping, total cycles:8842176
[23:42:39] Image generation - Start attn
[23:42:39] Image generation - End attn, total cycles:7712640
[23:42:39] Image generation - Start output mapping
[23:42:39] Image generation - End output mapping, total cycles:3564288
[23:42:39] Image generation - Start FFN up
[23:42:39] Image generation - End FFN up, total cycles:19603584
[23:42:39] Image generation - Start FFN down
[23:42:39] Image generation - End FFN down, total cycles:9801792
[23:42:39] Image generation - full_cache config completed, cycles: 1188587520
[23:42:39] Image generation - without_text config started (kv_len: 1378)
[23:42:39] Image generation - Start qkv mapping
[23:42:39] Text generation - End qkv mapping, total cycles:8842176
[23:42:39] Image generation - Start attn
[23:42:39] Image generation - End attn, total cycles:5510912
[23:42:39] Image generation - Start output mapping
[23:42:39] Image generation - End output mapping, total cycles:3015936
[23:42:39] Image generation - Start FFN up
[23:42:39] Image generation - End FFN up, total cycles:13948704
[23:42:39] Image generation - Start FFN down
[23:42:39] Image generation - End FFN down, total cycles:8293824
[23:42:39] Image generation - without_text config completed, cycles: 950677248
[23:42:39] =========== Image Generation Completed, total cycles: 64178188800.0, total seconds: 128.3563776 ===========
[23:42:39] ==================================================
[23:42:39] FINAL RESULT - Total Cycles: 73198979256.0, total seconds: 146.397958512
[23:42:39] Simulation Duration: 0.03 seconds
[23:42:39] CYCLE BREAKDOWN (per-operator cycles / % of end-to-end):
  [text] subtotal: 9,020,790,456  ( 12.3%)
      OPBREAKDOWN text/attn 190169400 0.260
      OPBREAKDOWN text/ffn_down 1982341248 2.708
      OPBREAKDOWN text/ffn_up 3964682496 5.416
      OPBREAKDOWN text/omap 721075200 0.985
      OPBREAKDOWN text/qkv 2162522112 2.954
  [img] subtotal: 64,178,188,800  ( 87.7%)
      OPBREAKDOWN img/attn 9520957440 13.007
      OPBREAKDOWN img/drain 122880 0.000
      OPBREAKDOWN img/ffn_down 13028843520 17.799
      OPBREAKDOWN img/ffn_up 24157647360 33.003
      OPBREAKDOWN img/omap 4737761280 6.472
      OPBREAKDOWN img/prefetch 122880 0.000
      OPBREAKDOWN img/qkv 12732733440 17.395
  breakdown sum: 73,198,979,256  (total_cycles=73,198,979,256)
[23:42:39] ENERGY BREAKDOWN:
  Compute (MAC):  184095.112 mJ  ( 39.3%)
  SRAM total:       6342.059 mJ  (  1.4%)
    ifmap:          2079.575 mJ
    filter:         4159.150 mJ
    ofmap:           103.335 mJ
  DRAM total:     255983.908 mJ  ( 54.7%)  [type=DDR4]
    ifmap:         30890.975 mJ
    filter:       118826.824 mJ
    ofmap:         33067.130 mJ
    idle:          73198.979 mJ
  Array static (leakage+clock):  21959.694 mJ  (  4.7%)
  ----
  Total Energy: 468380.773 mJ
  Avg Power:         3.199 W   (cycles 73,198,979,256)
  EDP:          68569989.035 mJ·s
  Total MAC ops: 122,730,074,898,432   [fp16=122,730,074,898,432]
[23:42:39] ======= Bagel Model Simulation Completed =======
