[23:05:27] ======= Bagel Model Simulation Started =======
[23:05:27] Configuration: text_len=229, image_steps=50, layers=28, batch_size=1
[23:05:27] =========== Text Generation Started (total steps: 229) ===========
[23:05:27] Text generation - Start qkv mapping
[23:05:27] Text generation - End qkv mapping, total cycles:516352.0
[23:05:27] Text generation - Start output mapping
[23:05:27] Text generation - End output mapping, total cycles:401632.0
[23:05:27] Text generation - Start FFN up
[23:05:27] Text generation - End FFN up, total cycles:4244864.0
[23:05:27] Text generation - Start FFN down
[23:05:27] Text generation - End FFN down, total cycles:2122432.0
[23:05:27] Text generation - Step 0 to Step 19 started (kv_len in averagr: 58)
[23:05:27] Text generation - Step 20 to Step 39 started (kv_len in averagr: 98)
[23:05:27] Text generation - Step 40 to Step 59 started (kv_len in averagr: 138)
[23:05:27] Text generation - Step 60 to Step 79 started (kv_len in averagr: 178)
[23:05:27] Text generation - Step 80 to Step 99 started (kv_len in averagr: 218)
[23:05:27] Text generation - Step 100 to Step 119 started (kv_len in averagr: 258)
[23:05:27] Text generation - Step 120 to Step 139 started (kv_len in averagr: 298)
[23:05:27] Text generation - Step 140 to Step 159 started (kv_len in averagr: 338)
[23:05:27] Text generation - Step 160 to Step 179 started (kv_len in averagr: 378)
[23:05:27] Text generation - Step 180 to Step 199 started (kv_len in averagr: 418)
[23:05:27] Text generation - Step 200 to Step 219 started (kv_len in averagr: 458)
[23:05:27] Text generation - Step 220 to Step 228 started (kv_len in averagr: 493)
[23:05:27] =========== Text Generation Completed, total cycles: 47101477885.0, total seconds: 94.20295577 ===========
[23:05:27] =========== Image Generation Started (total steps: 50) ===========
[23:05:27] Image generation - Start prefetching
[23:05:27] Image generation - End prefetching, total cycles:2048.0
[23:05:27] Image generation - Start qkv mapping
[23:05:39] Text generation - End qkv mapping, total cycles:24718392.0
[23:05:39] Image generation - Start output mapping
[23:05:39] Image generation - End output mapping, total cycles:17967488
[23:05:39] Image generation - Start FFN down
[23:05:39] Image generation - End FFN down, total cycles:94971008
[23:05:39] Image generation - Start draining
[23:05:39] Image generation - End draining, total cycles:512.0
[23:05:39] Image generation - full_cache config started (kv_len: 1655)
[23:05:39] Image generation - full_cache config completed, cycles: 9750508320.0
[23:05:39] Image generation - without_text config started (kv_len: 1607)
[23:05:39] Image generation - without_text config completed, cycles: 7682503584.0
[23:05:39] =========== Image Generation Completed, total cycles: 871650723200.0, total seconds: 1743.3014464 ===========
[23:05:39] ==================================================
[23:05:39] FINAL RESULT - Total Cycles: 918752201085.0, total seconds: 1837.50440217
[23:05:39] Simulation Duration: 11.84 seconds
[23:05:39] CYCLE BREAKDOWN (per-operator cycles / % of end-to-end):
  [text] subtotal: 47,101,477,885  (  5.1%)
      OPBREAKDOWN text/attn 388262525 0.042
      OPBREAKDOWN text/ffn_down 13609033984 1.481
      OPBREAKDOWN text/ffn_up 27218067968 2.963
      OPBREAKDOWN text/omap 2575264384 0.280
      OPBREAKDOWN text/qkv 3310849024 0.360
  [img] subtotal: 871,650,723,200  ( 94.9%)
      OPBREAKDOWN img/attn 57115027200 6.217
      OPBREAKDOWN img/drain 25600 0.000
      OPBREAKDOWN img/ffn_down 265918822400 28.943
      OPBREAKDOWN img/ffn_up 429096281600 46.704
      OPBREAKDOWN img/omap 50308966400 5.476
      OPBREAKDOWN img/prefetch 102400 0.000
      OPBREAKDOWN img/qkv 69211497600 7.533
  breakdown sum: 918,752,201,085  (total_cycles=918,752,201,085)
[23:05:39] STAGE UTIL (PE_total=2048, peak=32.0GB/s=64.0B/cyc): text_compute=1.56% text_mem=100.00% image_compute=47.09% image_mem=5.11%
[23:05:39] STAGE RAW: text_cyc=47101477885.0 image_cyc=871650723200.0 text_mac=1506573537280 image_mac=840685111705600 text_dram_bytes=3014494584640 image_dram_bytes=2849768230400
[23:05:39] DETAIL UTIL (Fig14-style) -- TEXT mem%: attn=100.00 ffn=100.00 avg=100.00 | IMAGE compute%: attn=38.56 ffn=47.93 avg=47.09 | TOTAL: compute=44.76 mem=9.97
[23:05:39] ENERGY BREAKDOWN:
  Compute (MAC):  1263287.528 mJ  ( 36.7%)
  SRAM total:      43015.649 mJ  (  1.3%)
    ifmap:         14220.837 mJ
    filter:        28441.674 mJ
    ofmap:           353.138 mJ
  DRAM total:     1857034.251 mJ  ( 54.0%)  [type=DDR4]
    ifmap:        109092.367 mJ
    filter:       716185.410 mJ
    ofmap:        113004.274 mJ
    idle:         918752.201 mJ
  Array static (leakage+clock): 275625.660 mJ  (  8.0%)
  ----
  Total Energy: 3438963.088 mJ
  Avg Power:         1.872 W   (cycles 918,752,201,085)
  EDP:          6319109813.967 mJ·s
  Total MAC ops: 842,191,685,242,880   [fp16=842,191,685,242,880]
[23:05:39] ======= Bagel Model Simulation Completed =======
