[23:06:34] ======= Bagel Model Simulation Started =======
[23:06:34] Configuration: text_len=229, image_steps=50, layers=28, batch_size=1
[23:06:34] =========== Text Generation Started (total steps: 229) ===========
[23:06:34] Text generation - Start qkv mapping
[23:06:34] Text generation - End qkv mapping, total cycles:516352.0
[23:06:34] Text generation - Start output mapping
[23:06:34] Text generation - End output mapping, total cycles:401632.0
[23:06:34] Text generation - Start FFN up
[23:06:34] Text generation - End FFN up, total cycles:2123136.0
[23:06:34] Text generation - Start FFN down
[23:06:34] Text generation - End FFN down, total cycles:1061568.0
[23:06:34] Text generation - Step 0 to Step 19 started (kv_len in averagr: 58)
[23:06:34] Text generation - Step 20 to Step 39 started (kv_len in averagr: 98)
[23:06:34] Text generation - Step 40 to Step 59 started (kv_len in averagr: 138)
[23:06:34] Text generation - Step 60 to Step 79 started (kv_len in averagr: 178)
[23:06:34] Text generation - Step 80 to Step 99 started (kv_len in averagr: 218)
[23:06:34] Text generation - Step 100 to Step 119 started (kv_len in averagr: 258)
[23:06:34] Text generation - Step 120 to Step 139 started (kv_len in averagr: 298)
[23:06:34] Text generation - Step 140 to Step 159 started (kv_len in averagr: 338)
[23:06:34] Text generation - Step 160 to Step 179 started (kv_len in averagr: 378)
[23:06:34] Text generation - Step 180 to Step 199 started (kv_len in averagr: 418)
[23:06:34] Text generation - Step 200 to Step 219 started (kv_len in averagr: 458)
[23:06:34] Text generation - Step 220 to Step 228 started (kv_len in averagr: 493)
[23:06:34] =========== Text Generation Completed, total cycles: 26694697981.0, total seconds: 53.389395962 ===========
[23:06:34] =========== Image Generation Started (total steps: 50) ===========
[23:06:34] Image generation - Start prefetching
[23:06:34] Image generation - End prefetching, total cycles:2048.0
[23:06:34] Image generation - Start qkv mapping
[23:06:45] Text generation - End qkv mapping, total cycles:24718392.0
[23:06:45] Image generation - Start output mapping
[23:06:45] Image generation - End output mapping, total cycles:17967488
[23:06:45] Image generation - Start FFN down
[23:06:45] Image generation - End FFN down, total cycles:47902272
[23:06:45] Image generation - Start draining
[23:06:45] Image generation - End draining, total cycles:512.0
[23:06:45] Image generation - full_cache config started (kv_len: 827)
[23:06:45] Image generation - full_cache config completed, cycles: 5512073504.0
[23:06:45] Image generation - without_text config started (kv_len: 803)
[23:06:45] Image generation - without_text config completed, cycles: 4472330912.0
[23:06:45] =========== Image Generation Completed, total cycles: 499220348800.0, total seconds: 998.4406976 ===========
[23:06:45] ==================================================
[23:06:45] FINAL RESULT - Total Cycles: 525915046781.0, total seconds: 1051.830093562
[23:06:45] Simulation Duration: 11.52 seconds
[23:06:45] CYCLE BREAKDOWN (per-operator cycles / % of end-to-end):
  [text] subtotal: 26,694,697,981  (  5.1%)
      OPBREAKDOWN text/attn 388262525 0.074
      OPBREAKDOWN text/ffn_down 6806774016 1.294
      OPBREAKDOWN text/ffn_up 13613548032 2.589
      OPBREAKDOWN text/omap 2575264384 0.490
      OPBREAKDOWN text/qkv 3310849024 0.630
  [img] subtotal: 499,220,348,800  ( 94.9%)
      OPBREAKDOWN img/attn 29142220800 5.541
      OPBREAKDOWN img/drain 25600 0.000
      OPBREAKDOWN img/ffn_down 134126361600 25.503
      OPBREAKDOWN img/ffn_up 216431174400 41.153
      OPBREAKDOWN img/omap 50308966400 9.566
      OPBREAKDOWN img/prefetch 102400 0.000
      OPBREAKDOWN img/qkv 69211497600 13.160
  breakdown sum: 525,915,046,781  (total_cycles=525,915,046,781)
[23:06:45] STAGE UTIL (PE_total=2048, peak=32.0GB/s=64.0B/cyc): text_compute=2.76% text_mem=100.00% image_compute=80.02% image_mem=5.04%
[23:06:45] STAGE RAW: text_cyc=26694697981.0 image_cyc=499220348800.0 text_mac=1506573537280 image_mac=818116990566400 text_dram_bytes=1708460670784 image_dram_bytes=1608905715200
[23:06:45] DETAIL UTIL (Fig14-style) -- TEXT mem%: attn=100.00 ffn=100.00 avg=100.00 | IMAGE compute%: attn=37.77 ffn=95.03 avg=80.02 | TOTAL: compute=76.10 mem=9.86
[23:06:45] ENERGY BREAKDOWN:
  Compute (MAC):  878054.241 mJ  ( 41.5%)
  SRAM total:      24786.252 mJ  (  1.2%)
    ifmap:         13857.001 mJ
    filter:        10664.270 mJ
    ofmap:           264.982 mJ
  DRAM total:     1056693.669 mJ  ( 49.9%)  [type=DDR4]
    ifmap:         80882.215 mJ
    filter:       365102.284 mJ
    ofmap:         84794.122 mJ
    idle:         525915.047 mJ
  Array static (leakage+clock): 157774.514 mJ  (  7.5%)
  ----
  Total Energy: 2117308.676 mJ
  Avg Power:         2.013 W   (cycles 525,915,046,781)
  EDP:          2227048982.578 mJ·s
  Total MAC ops: 819,623,564,103,680   [fp16=478,476,859,822,080 w4a16=341,146,704,281,600]
[23:06:45] ======= Bagel Model Simulation Completed =======
