[23:06:45] ======= Bagel Model Simulation Started =======
[23:06:45] Configuration: text_len=229, image_steps=50, layers=28, batch_size=1
[23:06:45] =========== Text Generation Started (total steps: 229) ===========
[23:06:45] Text generation - Start qkv mapping
[23:06:45] Text generation - End qkv mapping, total cycles:516352.0
[23:06:45] Text generation - Start output mapping
[23:06:45] Text generation - End output mapping, total cycles:401632.0
[23:06:45] Text generation - Start FFN up
[23:06:45] Text generation - End FFN up, total cycles:1062272.0
[23:06:45] Text generation - Start FFN down
[23:06:45] Text generation - End FFN down, total cycles:531136.0
[23:06:45] Text generation - Step 0 to Step 19 started (kv_len in averagr: 3251)
[23:06:45] Text generation - Step 20 to Step 39 started (kv_len in averagr: 3291)
[23:06:45] Text generation - Step 40 to Step 59 started (kv_len in averagr: 3331)
[23:06:45] Text generation - Step 60 to Step 79 started (kv_len in averagr: 3371)
[23:06:45] Text generation - Step 80 to Step 99 started (kv_len in averagr: 3411)
[23:06:45] Text generation - Step 100 to Step 119 started (kv_len in averagr: 3451)
[23:06:45] Text generation - Step 120 to Step 139 started (kv_len in averagr: 3491)
[23:06:45] Text generation - Step 140 to Step 159 started (kv_len in averagr: 3531)
[23:06:45] Text generation - Step 160 to Step 179 started (kv_len in averagr: 3571)
[23:06:45] Text generation - Step 180 to Step 199 started (kv_len in averagr: 3611)
[23:06:45] Text generation - Step 200 to Step 219 started (kv_len in averagr: 3651)
[23:06:45] Text generation - Step 220 to Step 228 started (kv_len in averagr: 3686)
[23:06:45] =========== Text Generation Completed, total cycles: 21113204266.0, total seconds: 42.226408532 ===========
[23:06:45] ==================================================
[23:06:45] FINAL RESULT - Total Cycles: 21113204266.0, total seconds: 42.226408532
[23:06:45] Simulation Duration: 0.01 seconds
[23:06:45] CYCLE BREAKDOWN (per-operator cycles / % of end-to-end):
  [text] subtotal: 21,113,204,266  (100.0%)
      OPBREAKDOWN text/attn 5010158762 23.730
      OPBREAKDOWN text/ffn_down 3405644032 16.130
      OPBREAKDOWN text/ffn_up 6811288064 32.261
      OPBREAKDOWN text/omap 2575264384 12.197
      OPBREAKDOWN text/qkv 3310849024 15.681
  breakdown sum: 21,113,204,266  (total_cycles=21,113,204,266)
[23:06:45] STAGE UTIL (PE_total=2048, peak=32.0GB/s=64.0B/cyc): text_compute=3.82% text_mem=100.00% image_compute=0.00% image_mem=0.00%
[23:06:45] STAGE RAW: text_cyc=21113204266.0 image_cyc=0 text_mac=1653327699968 image_mac=0 text_dram_bytes=1351245073024 image_dram_bytes=0
[23:06:45] DETAIL UTIL (Fig14-style) -- TEXT mem%: attn=100.00 ffn=100.00 avg=100.00 | IMAGE compute%: attn=0.00 ffn=0.00 avg=0.00 | TOTAL: compute=3.82 mem=100.00
[23:06:45] ENERGY BREAKDOWN:
  Compute (MAC):    1134.777 mJ  (  0.5%)
  SRAM total:       1502.593 mJ  (  0.6%)
    ifmap:           827.052 mJ
    filter:          674.578 mJ
    ofmap:             0.963 mJ
  DRAM total:     237312.416 mJ  ( 96.4%)  [type=DDR4]
    ifmap:           274.435 mJ
    filter:       215616.725 mJ
    ofmap:           308.052 mJ
    idle:          21113.204 mJ
  Array static (leakage+clock):   6333.961 mJ  (  2.6%)
  ----
  Total Energy: 246283.747 mJ
  Avg Power:         5.832 W   (cycles 21,113,204,266)
  EDP:          10399678.108 mJ·s
  Total MAC ops: 1,653,327,699,968   [fp16=347,293,786,112 w4a16=1,306,033,913,856]
[23:06:45] ======= Bagel Model Simulation Completed =======
