[23:05:51] ======= Bagel Model Simulation Started =======
[23:05:51] Configuration: text_len=229, image_steps=50, layers=28, batch_size=1
[23:05:51] =========== Text Generation Started (total steps: 229) ===========
[23:05:51] Text generation - Start qkv mapping
[23:05:51] Text generation - End qkv mapping, total cycles:129280.0
[23:05:51] Text generation - Start output mapping
[23:05:51] Text generation - End output mapping, total cycles:100576.0
[23:05:51] Text generation - Start FFN up
[23:05:51] Text generation - End FFN up, total cycles:4244864.0
[23:05:51] Text generation - Start FFN down
[23:05:51] Text generation - End FFN down, total cycles:2122432.0
[23:05:51] Text generation - Step 0 to Step 19 started (kv_len in averagr: 58)
[23:05:51] Text generation - Step 20 to Step 39 started (kv_len in averagr: 98)
[23:05:51] Text generation - Step 40 to Step 59 started (kv_len in averagr: 138)
[23:05:51] Text generation - Step 60 to Step 79 started (kv_len in averagr: 178)
[23:05:51] Text generation - Step 80 to Step 99 started (kv_len in averagr: 218)
[23:05:51] Text generation - Step 100 to Step 119 started (kv_len in averagr: 258)
[23:05:51] Text generation - Step 120 to Step 139 started (kv_len in averagr: 298)
[23:05:51] Text generation - Step 140 to Step 159 started (kv_len in averagr: 338)
[23:05:51] Text generation - Step 160 to Step 179 started (kv_len in averagr: 378)
[23:05:51] Text generation - Step 180 to Step 199 started (kv_len in averagr: 418)
[23:05:51] Text generation - Step 200 to Step 219 started (kv_len in averagr: 458)
[23:05:51] Text generation - Step 220 to Step 228 started (kv_len in averagr: 493)
[23:05:51] =========== Text Generation Completed, total cycles: 42689201149.0, total seconds: 85.378402298 ===========
[23:05:51] =========== Image Generation Started (total steps: 50) ===========
[23:05:51] Image generation - Start prefetching
[23:05:51] Image generation - End prefetching, total cycles:2048.0
[23:05:51] Image generation - Start qkv mapping
[23:05:58] Text generation - End qkv mapping, total cycles:12092976.0
[23:05:58] Image generation - Start output mapping
[23:05:58] Image generation - End output mapping, total cycles:9062592
[23:05:58] Image generation - Start FFN down
[23:05:58] Image generation - End FFN down, total cycles:94971008
[23:05:58] Image generation - Start draining
[23:05:58] Image generation - End draining, total cycles:512.0
[23:05:58] Image generation - full_cache config started (kv_len: 827)
[23:05:58] Image generation - full_cache config completed, cycles: 8862998592.0
[23:05:58] Image generation - without_text config started (kv_len: 803)
[23:05:58] Image generation - without_text config completed, cycles: 6804859712.0
[23:05:58] =========== Image Generation Completed, total cycles: 783393043200.0, total seconds: 1566.7860864 ===========
[23:05:58] ==================================================
[23:05:58] FINAL RESULT - Total Cycles: 826082244349.0, total seconds: 1652.164488698
[23:05:58] Simulation Duration: 6.89 seconds
[23:05:58] CYCLE BREAKDOWN (per-operator cycles / % of end-to-end):
  [text] subtotal: 42,689,201,149  (  5.2%)
      OPBREAKDOWN text/attn 388262525 0.047
      OPBREAKDOWN text/ffn_down 13609033984 1.647
      OPBREAKDOWN text/ffn_up 27218067968 3.295
      OPBREAKDOWN text/omap 644893312 0.078
      OPBREAKDOWN text/qkv 828943360 0.100
  [img] subtotal: 783,393,043,200  ( 94.8%)
      OPBREAKDOWN img/attn 29142220800 3.528
      OPBREAKDOWN img/drain 25600 0.000
      OPBREAKDOWN img/ffn_down 265918822400 32.190
      OPBREAKDOWN img/ffn_up 429096281600 51.944
      OPBREAKDOWN img/omap 25375257600 3.072
      OPBREAKDOWN img/prefetch 102400 0.000
      OPBREAKDOWN img/qkv 33860332800 4.099
  breakdown sum: 826,082,244,349  (total_cycles=826,082,244,349)
[23:05:58] STAGE UTIL (PE_total=2048, peak=32.0GB/s=64.0B/cyc): text_compute=1.72% text_mem=100.00% image_compute=50.99% image_mem=4.53%
[23:05:58] STAGE RAW: text_cyc=42689201149.0 image_cyc=783393043200.0 text_mac=1506573537280 image_mac=818116990566400 text_dram_bytes=2732108873536 image_dram_bytes=2271710604800
[23:05:58] DETAIL UTIL (Fig14-style) -- TEXT mem%: attn=100.00 ffn=100.00 avg=100.00 | IMAGE compute%: attn=37.77 ffn=47.93 avg=50.99 | TOTAL: compute=48.45 mem=9.46
[23:05:58] ENERGY BREAKDOWN:
  Compute (MAC):  1112559.830 mJ  ( 36.8%)
  SRAM total:      38981.915 mJ  (  1.3%)
    ifmap:         13857.001 mJ
    filter:        24859.933 mJ
    ofmap:           264.982 mJ
  DRAM total:     1626693.361 mJ  ( 53.8%)  [type=DDR4]
    ifmap:         80882.215 mJ
    filter:       634934.779 mJ
    ofmap:         84794.122 mJ
    idle:         826082.244 mJ
  Array static (leakage+clock): 247824.673 mJ  (  8.2%)
  ----
  Total Energy: 3026059.779 mJ
  Avg Power:         1.832 W   (cycles 826,082,244,349)
  EDP:          4999548507.256 mJ·s
  Total MAC ops: 819,623,564,103,680   [fp16=706,152,189,087,744 w4a16=113,471,375,015,936]
[23:05:58] ======= Bagel Model Simulation Completed =======
