[23:05:59] ======= Bagel Model Simulation Started =======
[23:05:59] Configuration: text_len=229, image_steps=50, layers=28, batch_size=1
[23:05:59] =========== Text Generation Started (total steps: 229) ===========
[23:05:59] Text generation - Start qkv mapping
[23:05:59] Text generation - End qkv mapping, total cycles:129280.0
[23:05:59] Text generation - Start output mapping
[23:05:59] Text generation - End output mapping, total cycles:100576.0
[23:05:59] Text generation - Start FFN up
[23:05:59] Text generation - End FFN up, total cycles:4244864.0
[23:05:59] Text generation - Start FFN down
[23:05:59] Text generation - End FFN down, total cycles:2122432.0
[23:05:59] Text generation - Step 0 to Step 19 started (kv_len in averagr: 3251)
[23:05:59] Text generation - Step 20 to Step 39 started (kv_len in averagr: 3291)
[23:05:59] Text generation - Step 40 to Step 59 started (kv_len in averagr: 3331)
[23:05:59] Text generation - Step 60 to Step 79 started (kv_len in averagr: 3371)
[23:05:59] Text generation - Step 80 to Step 99 started (kv_len in averagr: 3411)
[23:05:59] Text generation - Step 100 to Step 119 started (kv_len in averagr: 3451)
[23:05:59] Text generation - Step 120 to Step 139 started (kv_len in averagr: 3491)
[23:05:59] Text generation - Step 140 to Step 159 started (kv_len in averagr: 3531)
[23:05:59] Text generation - Step 160 to Step 179 started (kv_len in averagr: 3571)
[23:05:59] Text generation - Step 180 to Step 199 started (kv_len in averagr: 3611)
[23:05:59] Text generation - Step 200 to Step 219 started (kv_len in averagr: 3651)
[23:05:59] Text generation - Step 220 to Step 228 started (kv_len in averagr: 3686)
[23:05:59] =========== Text Generation Completed, total cycles: 47311097386.0, total seconds: 94.622194772 ===========
[23:05:59] ==================================================
[23:05:59] FINAL RESULT - Total Cycles: 47311097386.0, total seconds: 94.622194772
[23:05:59] Simulation Duration: 0.01 seconds
[23:05:59] CYCLE BREAKDOWN (per-operator cycles / % of end-to-end):
  [text] subtotal: 47,311,097,386  (100.0%)
      OPBREAKDOWN text/attn 5010158762 10.590
      OPBREAKDOWN text/ffn_down 13609033984 28.765
      OPBREAKDOWN text/ffn_up 27218067968 57.530
      OPBREAKDOWN text/omap 644893312 1.363
      OPBREAKDOWN text/qkv 828943360 1.752
  breakdown sum: 47,311,097,386  (total_cycles=47,311,097,386)
[23:05:59] STAGE UTIL (PE_total=2048, peak=32.0GB/s=64.0B/cyc): text_compute=1.71% text_mem=100.00% image_compute=0.00% image_mem=0.00%
[23:05:59] STAGE RAW: text_cyc=47311097386.0 image_cyc=0 text_mac=1653327699968 image_mac=0 text_dram_bytes=3027910232704 image_dram_bytes=0
[23:05:59] DETAIL UTIL (Fig14-style) -- TEXT mem%: attn=100.00 ffn=100.00 avg=100.00 | IMAGE compute%: attn=0.00 ffn=0.00 avg=0.00 | TOTAL: compute=1.71 mem=100.00
[23:05:59] ENERGY BREAKDOWN:
  Compute (MAC):    2286.087 mJ  (  0.4%)
  SRAM total:       2340.926 mJ  (  0.4%)
    ifmap:           827.052 mJ
    filter:         1512.911 mJ
    ofmap:             0.963 mJ
  DRAM total:     531776.735 mJ  ( 96.6%)  [type=DDR4]
    ifmap:           274.435 mJ
    filter:       483883.150 mJ
    ofmap:           308.052 mJ
    idle:          47311.097 mJ
  Array static (leakage+clock):  14193.329 mJ  (  2.6%)
  ----
  Total Energy: 550597.076 mJ
  Avg Power:         5.819 W   (cycles 47,311,097,386)
  EDP:          52098703.773 mJ·s
  Total MAC ops: 1,653,327,699,968   [fp16=1,465,070,559,232 w4a16=188,257,140,736]
[23:05:59] ======= Bagel Model Simulation Completed =======
