[23:04:20] ======= Bagel Model Simulation Started =======
[23:04:20] Configuration: text_len=229, image_steps=50, layers=28, batch_size=1
[23:04:20] =========== Text Generation Started (total steps: 229) ===========
[23:04:20] Text generation - Start qkv mapping
[23:04:20] Text generation - End qkv mapping, total cycles:516352.0
[23:04:20] Text generation - Start output mapping
[23:04:20] Text generation - End output mapping, total cycles:401632.0
[23:04:20] Text generation - Start FFN up
[23:04:20] Text generation - End FFN up, total cycles:4244864.0
[23:04:20] Text generation - Start FFN down
[23:04:20] Text generation - End FFN down, total cycles:2122432.0
[23:04:20] Text generation - Step 0 to Step 19 started (kv_len in averagr: 3264)
[23:04:20] Text generation - Step 20 to Step 39 started (kv_len in averagr: 3304)
[23:04:20] Text generation - Step 40 to Step 59 started (kv_len in averagr: 3344)
[23:04:20] Text generation - Step 60 to Step 79 started (kv_len in averagr: 3384)
[23:04:20] Text generation - Step 80 to Step 99 started (kv_len in averagr: 3424)
[23:04:20] Text generation - Step 100 to Step 119 started (kv_len in averagr: 3464)
[23:04:20] Text generation - Step 120 to Step 139 started (kv_len in averagr: 3504)
[23:04:20] Text generation - Step 140 to Step 159 started (kv_len in averagr: 3544)
[23:04:20] Text generation - Step 160 to Step 179 started (kv_len in averagr: 3584)
[23:04:20] Text generation - Step 180 to Step 199 started (kv_len in averagr: 3624)
[23:04:20] Text generation - Step 200 to Step 219 started (kv_len in averagr: 3664)
[23:04:20] Text generation - Step 220 to Step 228 started (kv_len in averagr: 3699)
[23:04:20] =========== Text Generation Completed, total cycles: 51742191739.0, total seconds: 103.484383478 ===========
[23:04:20] =========== Image Generation Started (total steps: 50) ===========
[23:04:20] Image generation - Start prefetching
[23:04:20] Image generation - End prefetching, total cycles:2048.0
[23:04:20] Image generation - Start qkv mapping
[23:04:32] Text generation - End qkv mapping, total cycles:24718392.0
[23:04:32] Image generation - Start output mapping
[23:04:32] Image generation - End output mapping, total cycles:17967488
[23:04:32] Image generation - Start FFN down
[23:04:32] Image generation - End FFN down, total cycles:94971008
[23:04:32] Image generation - Start draining
[23:04:32] Image generation - End draining, total cycles:512.0
[23:04:32] Image generation - full_cache config started (kv_len: 1354)
[23:04:32] Image generation - full_cache config completed, cycles: 9649986976.0
[23:04:32] Image generation - without_img config started (kv_len: 744)
[23:04:32] Image generation - without_img config completed, cycles: 9441286176.0
[23:04:32] Image generation - without_text config started (kv_len: 1307)
[23:04:32] Image generation - without_text config completed, cycles: 9630393248.0
[23:04:32] =========== Image Generation Completed, total cycles: 1436083448000.0, total seconds: 2872.166896 ===========
[23:04:32] ==================================================
[23:04:32] FINAL RESULT - Total Cycles: 1487825639739.0, total seconds: 2975.651279478
[23:04:32] Simulation Duration: 11.41 seconds
[23:04:32] CYCLE BREAKDOWN (per-operator cycles / % of end-to-end):
  [text] subtotal: 51,742,191,739  (  3.5%)
      OPBREAKDOWN text/attn 5028976379 0.338
      OPBREAKDOWN text/ffn_down 13609033984 0.915
      OPBREAKDOWN text/ffn_up 27218067968 1.829
      OPBREAKDOWN text/omap 2575264384 0.173
      OPBREAKDOWN text/qkv 3310849024 0.223
  [img] subtotal: 1,436,083,448,000  ( 96.5%)
      OPBREAKDOWN img/attn 60167923200 4.044
      OPBREAKDOWN img/drain 25600 0.000
      OPBREAKDOWN img/ffn_down 398878233600 26.809
      OPBREAKDOWN img/ffn_up 797756467200 53.619
      OPBREAKDOWN img/omap 75463449600 5.072
      OPBREAKDOWN img/prefetch 102400 0.000
      OPBREAKDOWN img/qkv 103817246400 6.978
  breakdown sum: 1,487,825,639,739  (total_cycles=1,487,825,639,739)
[23:04:32] STAGE UTIL (PE_total=2048, peak=32.0GB/s=64.0B/cyc): text_compute=1.56% text_mem=100.00% image_compute=47.46% image_mem=4.38%
[23:04:32] STAGE RAW: text_cyc=51742191739.0 image_cyc=1436083448000.0 text_mac=1653925195776 image_mac=1395863183769600 text_dram_bytes=3311500271296 image_dram_bytes=4026408019200
[23:04:32] DETAIL UTIL (Fig14-style) -- TEXT mem%: attn=100.00 ffn=100.00 avg=100.00 | IMAGE compute%: attn=38.21 ffn=48.10 avg=47.46 | TOTAL: compute=45.86 mem=7.71
[23:04:32] ENERGY BREAKDOWN:
  Compute (MAC):  2096275.663 mJ  ( 39.7%)
  SRAM total:      69868.519 mJ  (  1.3%)
    ifmap:         23125.149 mJ
    filter:        46250.297 mJ
    ofmap:           493.073 mJ
  DRAM total:     2661890.966 mJ  ( 50.5%)  [type=DDR4]
    ifmap:        140681.432 mJ
    filter:       875600.519 mJ
    ofmap:        157783.376 mJ
    idle:         1487825.640 mJ
  Array static (leakage+clock): 446347.692 mJ  (  8.5%)
  ----
  Total Energy: 5274382.841 mJ
  Avg Power:         1.773 W   (cycles 1,487,825,639,739)
  EDP:          15694724048.934 mJ·s
  Total MAC ops: 1,397,517,108,965,376   [fp16=1,397,517,108,965,376]
[23:04:32] ======= Bagel Model Simulation Completed =======
