[23:05:58] ======= Bagel Model Simulation Started =======
[23:05:58] Configuration: text_len=229, image_steps=50, layers=28, batch_size=1
[23:05:58] =========== Text Generation Started (total steps: 229) ===========
[23:05:58] Text generation - Start qkv mapping
[23:05:58] Text generation - End qkv mapping, total cycles:516352.0
[23:05:58] Text generation - Start output mapping
[23:05:58] Text generation - End output mapping, total cycles:401632.0
[23:05:58] Text generation - Start FFN up
[23:05:58] Text generation - End FFN up, total cycles:4244864.0
[23:05:58] Text generation - Start FFN down
[23:05:58] Text generation - End FFN down, total cycles:2122432.0
[23:05:58] Text generation - Step 0 to Step 19 started (kv_len in averagr: 3251)
[23:05:58] Text generation - Step 20 to Step 39 started (kv_len in averagr: 3291)
[23:05:58] Text generation - Step 40 to Step 59 started (kv_len in averagr: 3331)
[23:05:58] Text generation - Step 60 to Step 79 started (kv_len in averagr: 3371)
[23:05:58] Text generation - Step 80 to Step 99 started (kv_len in averagr: 3411)
[23:05:58] Text generation - Step 100 to Step 119 started (kv_len in averagr: 3451)
[23:05:58] Text generation - Step 120 to Step 139 started (kv_len in averagr: 3491)
[23:05:58] Text generation - Step 140 to Step 159 started (kv_len in averagr: 3531)
[23:05:58] Text generation - Step 160 to Step 179 started (kv_len in averagr: 3571)
[23:05:58] Text generation - Step 180 to Step 199 started (kv_len in averagr: 3611)
[23:05:58] Text generation - Step 200 to Step 219 started (kv_len in averagr: 3651)
[23:05:58] Text generation - Step 220 to Step 228 started (kv_len in averagr: 3686)
[23:05:58] =========== Text Generation Completed, total cycles: 51723374122.0, total seconds: 103.446748244 ===========
[23:05:58] ==================================================
[23:05:58] FINAL RESULT - Total Cycles: 51723374122.0, total seconds: 103.446748244
[23:05:58] Simulation Duration: 0.01 seconds
[23:05:58] CYCLE BREAKDOWN (per-operator cycles / % of end-to-end):
  [text] subtotal: 51,723,374,122  (100.0%)
      OPBREAKDOWN text/attn 5010158762 9.686
      OPBREAKDOWN text/ffn_down 13609033984 26.311
      OPBREAKDOWN text/ffn_up 27218067968 52.622
      OPBREAKDOWN text/omap 2575264384 4.979
      OPBREAKDOWN text/qkv 3310849024 6.401
  breakdown sum: 51,723,374,122  (total_cycles=51,723,374,122)
[23:05:58] STAGE UTIL (PE_total=2048, peak=32.0GB/s=64.0B/cyc): text_compute=1.56% text_mem=100.00% image_compute=0.00% image_mem=0.00%
[23:05:58] STAGE RAW: text_cyc=51723374122.0 image_cyc=0 text_mac=1653327699968 image_mac=0 text_dram_bytes=3310295943808 image_dram_bytes=0
[23:05:58] DETAIL UTIL (Fig14-style) -- TEXT mem%: attn=100.00 ffn=100.00 avg=100.00 | IMAGE compute%: attn=0.00 ffn=0.00 avg=0.00 | TOTAL: compute=1.56 mem=100.00
[23:05:58] ENERGY BREAKDOWN:
  Compute (MAC):    2479.992 mJ  (  0.4%)
  SRAM total:       2482.118 mJ  (  0.4%)
    ifmap:           827.052 mJ
    filter:         1654.104 mJ
    ofmap:             0.963 mJ
  DRAM total:     581370.725 mJ  ( 96.6%)  [type=DDR4]
    ifmap:           274.435 mJ
    filter:       529064.864 mJ
    ofmap:           308.052 mJ
    idle:          51723.374 mJ
  Array static (leakage+clock):  15517.012 mJ  (  2.6%)
  ----
  Total Energy: 601849.847 mJ
  Avg Power:         5.818 W   (cycles 51,723,374,122)
  EDP:          62259409.636 mJ·s
  Total MAC ops: 1,653,327,699,968   [fp16=1,653,327,699,968]
[23:05:58] ======= Bagel Model Simulation Completed =======
