[23:04:32] ======= Bagel Model Simulation Started =======
[23:04:32] Configuration: text_len=229, image_steps=50, layers=28, batch_size=1
[23:04:32] =========== Text Generation Started (total steps: 229) ===========
[23:04:32] Text generation - Start qkv mapping
[23:04:32] Text generation - End qkv mapping, total cycles:516352.0
[23:04:32] Text generation - Start output mapping
[23:04:32] Text generation - End output mapping, total cycles:401632.0
[23:04:32] Text generation - Start FFN up
[23:04:32] Text generation - End FFN up, total cycles:4244864.0
[23:04:32] Text generation - Start FFN down
[23:04:32] Text generation - End FFN down, total cycles:2122432.0
[23:04:32] Text generation - Step 0 to Step 19 started (kv_len in averagr: 3264)
[23:04:32] Text generation - Step 20 to Step 39 started (kv_len in averagr: 3304)
[23:04:32] Text generation - Step 40 to Step 59 started (kv_len in averagr: 3344)
[23:04:32] Text generation - Step 60 to Step 79 started (kv_len in averagr: 3384)
[23:04:32] Text generation - Step 80 to Step 99 started (kv_len in averagr: 3424)
[23:04:32] Text generation - Step 100 to Step 119 started (kv_len in averagr: 3464)
[23:04:32] Text generation - Step 120 to Step 139 started (kv_len in averagr: 3504)
[23:04:32] Text generation - Step 140 to Step 159 started (kv_len in averagr: 3544)
[23:04:32] Text generation - Step 160 to Step 179 started (kv_len in averagr: 3584)
[23:04:32] Text generation - Step 180 to Step 199 started (kv_len in averagr: 3624)
[23:04:32] Text generation - Step 200 to Step 219 started (kv_len in averagr: 3664)
[23:04:32] Text generation - Step 220 to Step 228 started (kv_len in averagr: 3699)
[23:04:32] =========== Text Generation Completed, total cycles: 51742191739.0, total seconds: 103.484383478 ===========
[23:04:32] =========== Image Generation Started (total steps: 50) ===========
[23:04:32] Image generation - Start prefetching
[23:04:32] Image generation - End prefetching, total cycles:2048.0
[23:04:32] Image generation - Start qkv mapping
[23:04:44] Text generation - End qkv mapping, total cycles:24718392.0
[23:04:44] Image generation - Start output mapping
[23:04:44] Image generation - End output mapping, total cycles:17967488
[23:04:44] Image generation - Start FFN down
[23:04:44] Image generation - End FFN down, total cycles:94971008
[23:04:44] Image generation - Start draining
[23:04:44] Image generation - End draining, total cycles:512.0
[23:04:44] Image generation - full_cache config started (kv_len: 4861)
[23:04:44] Image generation - full_cache config completed, cycles: 9397842720.0
[23:04:44] Image generation - without_img config started (kv_len: 1668)
[23:04:44] Image generation - without_img config completed, cycles: 8308390048.0
[23:04:44] Image generation - without_text config started (kv_len: 4619)
[23:04:44] Image generation - without_text config completed, cycles: 7021999264.0
[23:04:44] =========== Image Generation Completed, total cycles: 1236411729600.0, total seconds: 2472.8234592 ===========
[23:04:44] ==================================================
[23:04:44] FINAL RESULT - Total Cycles: 1288153921339.0, total seconds: 2576.307842678
[23:04:44] Simulation Duration: 11.61 seconds
[23:04:44] CYCLE BREAKDOWN (per-operator cycles / % of end-to-end):
  [text] subtotal: 51,742,191,739  (  4.0%)
      OPBREAKDOWN text/attn 5028976379 0.390
      OPBREAKDOWN text/ffn_down 13609033984 1.056
      OPBREAKDOWN text/ffn_up 27218067968 2.113
      OPBREAKDOWN text/omap 2575264384 0.200
      OPBREAKDOWN text/qkv 3310849024 0.257
  [img] subtotal: 1,236,411,729,600  ( 96.0%)
      OPBREAKDOWN img/attn 192894732800 14.975
      OPBREAKDOWN img/drain 25600 0.000
      OPBREAKDOWN img/ffn_down 398878233600 30.965
      OPBREAKDOWN img/ffn_up 465357939200 36.126
      OPBREAKDOWN img/omap 75463449600 5.858
      OPBREAKDOWN img/prefetch 102400 0.000
      OPBREAKDOWN img/qkv 103817246400 8.059
  breakdown sum: 1,288,153,921,339  (total_cycles=1,288,153,921,339)
[23:04:44] STAGE UTIL (PE_total=2048, peak=32.0GB/s=64.0B/cyc): text_compute=1.56% text_mem=100.00% image_compute=46.21% image_mem=7.12%
[23:04:44] STAGE RAW: text_cyc=51742191739.0 image_cyc=1236411729600.0 text_mac=1653925195776 image_mac=1170060245401600 text_dram_bytes=3311500271296 image_dram_bytes=5633945676800
[23:04:44] DETAIL UTIL (Fig14-style) -- TEXT mem%: attn=100.00 ffn=100.00 avg=100.00 | IMAGE compute%: attn=39.02 ffn=47.80 avg=46.21 | TOTAL: compute=44.41 mem=10.85
[23:04:44] ENERGY BREAKDOWN:
  Compute (MAC):  1757571.256 mJ  ( 35.7%)
  SRAM total:      59068.465 mJ  (  1.2%)
    ifmap:         19416.671 mJ
    filter:        38833.341 mJ
    ofmap:           818.453 mJ
  DRAM total:     2719425.273 mJ  ( 55.2%)  [type=DDR4]
    ifmap:        268901.157 mJ
    filter:       900465.336 mJ
    ofmap:        261904.859 mJ
    idle:         1288153.921 mJ
  Array static (leakage+clock): 386446.176 mJ  (  7.9%)
  ----
  Total Energy: 4922511.170 mJ
  Avg Power:         1.911 W   (cycles 1,288,153,921,339)
  EDP:          12681904133.196 mJ·s
  Total MAC ops: 1,171,714,170,597,376   [fp16=1,171,714,170,597,376]
[23:04:44] ======= Bagel Model Simulation Completed =======
