[23:05:39] ======= Bagel Model Simulation Started =======
[23:05:39] Configuration: text_len=229, image_steps=50, layers=28, batch_size=1
[23:05:39] =========== Text Generation Started (total steps: 229) ===========
[23:05:39] Text generation - Start qkv mapping
[23:05:39] Text generation - End qkv mapping, total cycles:516352.0
[23:05:39] Text generation - Start output mapping
[23:05:39] Text generation - End output mapping, total cycles:401632.0
[23:05:39] Text generation - Start FFN up
[23:05:39] Text generation - End FFN up, total cycles:2123136.0
[23:05:39] Text generation - Start FFN down
[23:05:39] Text generation - End FFN down, total cycles:1061568.0
[23:05:39] Text generation - Step 0 to Step 19 started (kv_len in averagr: 58)
[23:05:39] Text generation - Step 20 to Step 39 started (kv_len in averagr: 98)
[23:05:39] Text generation - Step 40 to Step 59 started (kv_len in averagr: 138)
[23:05:39] Text generation - Step 60 to Step 79 started (kv_len in averagr: 178)
[23:05:39] Text generation - Step 80 to Step 99 started (kv_len in averagr: 218)
[23:05:39] Text generation - Step 100 to Step 119 started (kv_len in averagr: 258)
[23:05:39] Text generation - Step 120 to Step 139 started (kv_len in averagr: 298)
[23:05:39] Text generation - Step 140 to Step 159 started (kv_len in averagr: 338)
[23:05:39] Text generation - Step 160 to Step 179 started (kv_len in averagr: 378)
[23:05:39] Text generation - Step 180 to Step 199 started (kv_len in averagr: 418)
[23:05:39] Text generation - Step 200 to Step 219 started (kv_len in averagr: 458)
[23:05:39] Text generation - Step 220 to Step 228 started (kv_len in averagr: 493)
[23:05:39] =========== Text Generation Completed, total cycles: 26694697981.0, total seconds: 53.389395962 ===========
[23:05:39] =========== Image Generation Started (total steps: 50) ===========
[23:05:39] Image generation - Start prefetching
[23:05:39] Image generation - End prefetching, total cycles:2048.0
[23:05:39] Image generation - Start qkv mapping
[23:05:51] Text generation - End qkv mapping, total cycles:24718392.0
[23:05:51] Image generation - Start output mapping
[23:05:51] Image generation - End output mapping, total cycles:17967488
[23:05:51] Image generation - Start FFN down
[23:05:51] Image generation - End FFN down, total cycles:47902272
[23:05:51] Image generation - Start draining
[23:05:51] Image generation - End draining, total cycles:512.0
[23:05:51] Image generation - full_cache config started (kv_len: 1655)
[23:05:51] Image generation - full_cache config completed, cycles: 5796734496.0
[23:05:51] Image generation - without_text config started (kv_len: 1607)
[23:05:51] Image generation - without_text config completed, cycles: 5783557024.0
[23:05:51] =========== Image Generation Completed, total cycles: 579014704000.0, total seconds: 1158.029408 ===========
[23:05:51] ==================================================
[23:05:51] FINAL RESULT - Total Cycles: 605709401981.0, total seconds: 1211.418803962
[23:05:51] Simulation Duration: 11.44 seconds
[23:05:51] CYCLE BREAKDOWN (per-operator cycles / % of end-to-end):
  [text] subtotal: 26,694,697,981  (  4.4%)
      OPBREAKDOWN text/attn 388262525 0.064
      OPBREAKDOWN text/ffn_down 6806774016 1.124
      OPBREAKDOWN text/ffn_up 13613548032 2.248
      OPBREAKDOWN text/omap 2575264384 0.425
      OPBREAKDOWN text/qkv 3310849024 0.547
  [img] subtotal: 579,014,704,000  ( 95.6%)
      OPBREAKDOWN img/attn 57115027200 9.429
      OPBREAKDOWN img/drain 25600 0.000
      OPBREAKDOWN img/ffn_down 134126361600 22.144
      OPBREAKDOWN img/ffn_up 268252723200 44.287
      OPBREAKDOWN img/omap 50308966400 8.306
      OPBREAKDOWN img/prefetch 102400 0.000
      OPBREAKDOWN img/qkv 69211497600 11.427
  breakdown sum: 605,709,401,981  (total_cycles=605,709,401,981)
[23:05:51] STAGE UTIL (PE_total=2048, peak=32.0GB/s=64.0B/cyc): text_compute=2.76% text_mem=100.00% image_compute=79.63% image_mem=5.57%
[23:05:51] STAGE RAW: text_cyc=26694697981.0 image_cyc=579014704000.0 text_mac=1506573537280 image_mac=944293333401600 text_dram_bytes=1708460670784 image_dram_bytes=2063042956800
[23:05:51] DETAIL UTIL (Fig14-style) -- TEXT mem%: attn=100.00 ffn=100.00 avg=100.00 | IMAGE compute%: attn=38.56 ffn=95.37 avg=79.63 | TOTAL: compute=76.24 mem=9.73
[23:05:51] ENERGY BREAKDOWN:
  Compute (MAC):  1013960.521 mJ  ( 41.7%)
  SRAM total:      28418.688 mJ  (  1.2%)
    ifmap:         15836.745 mJ
    filter:        12199.897 mJ
    ofmap:           382.047 mJ
  DRAM total:     1209149.982 mJ  ( 49.7%)  [type=DDR4]
    ifmap:        110842.506 mJ
    filter:       370343.067 mJ
    ofmap:        122255.008 mJ
    idle:         605709.402 mJ
  Array static (leakage+clock): 181712.821 mJ  (  7.5%)
  ----
  Total Energy: 2433242.012 mJ
  Avg Power:         2.009 W   (cycles 605,709,401,981)
  EDP:          2947675128.259 mJ·s
  Total MAC ops: 945,799,906,938,880   [fp16=552,849,091,809,280 w4a16=392,950,815,129,600]
[23:05:51] ======= Bagel Model Simulation Completed =======
