[23:06:22] ======= Bagel Model Simulation Started =======
[23:06:22] Configuration: text_len=229, image_steps=50, layers=28, batch_size=1
[23:06:22] =========== Text Generation Started (total steps: 229) ===========
[23:06:22] Text generation - Start qkv mapping
[23:06:22] Text generation - End qkv mapping, total cycles:516352.0
[23:06:22] Text generation - Start output mapping
[23:06:22] Text generation - End output mapping, total cycles:401632.0
[23:06:22] Text generation - Start FFN up
[23:06:22] Text generation - End FFN up, total cycles:2123136.0
[23:06:22] Text generation - Start FFN down
[23:06:22] Text generation - End FFN down, total cycles:1061568.0
[23:06:22] Text generation - Step 0 to Step 19 started (kv_len in averagr: 3264)
[23:06:22] Text generation - Step 20 to Step 39 started (kv_len in averagr: 3304)
[23:06:22] Text generation - Step 40 to Step 59 started (kv_len in averagr: 3344)
[23:06:22] Text generation - Step 60 to Step 79 started (kv_len in averagr: 3384)
[23:06:22] Text generation - Step 80 to Step 99 started (kv_len in averagr: 3424)
[23:06:22] Text generation - Step 100 to Step 119 started (kv_len in averagr: 3464)
[23:06:22] Text generation - Step 120 to Step 139 started (kv_len in averagr: 3504)
[23:06:22] Text generation - Step 140 to Step 159 started (kv_len in averagr: 3544)
[23:06:22] Text generation - Step 160 to Step 179 started (kv_len in averagr: 3584)
[23:06:22] Text generation - Step 180 to Step 199 started (kv_len in averagr: 3624)
[23:06:22] Text generation - Step 200 to Step 219 started (kv_len in averagr: 3664)
[23:06:22] Text generation - Step 220 to Step 228 started (kv_len in averagr: 3699)
[23:06:22] =========== Text Generation Completed, total cycles: 31335411835.0, total seconds: 62.67082367 ===========
[23:06:22] =========== Image Generation Started (total steps: 50) ===========
[23:06:22] Image generation - Start prefetching
[23:06:22] Image generation - End prefetching, total cycles:2048.0
[23:06:22] Image generation - Start qkv mapping
[23:06:33] Text generation - End qkv mapping, total cycles:24718392.0
[23:06:33] Image generation - Start output mapping
[23:06:33] Image generation - End output mapping, total cycles:17967488
[23:06:33] Image generation - Start FFN down
[23:06:33] Image generation - End FFN down, total cycles:47902272
[23:06:33] Image generation - Start draining
[23:06:33] Image generation - End draining, total cycles:512.0
[23:06:33] Image generation - full_cache config started (kv_len: 1354)
[23:06:33] Image generation - full_cache config completed, cycles: 4964614816.0
[23:06:33] Image generation - without_img config started (kv_len: 744)
[23:06:33] Image generation - without_img config completed, cycles: 4755914016.0
[23:06:33] Image generation - without_text config started (kv_len: 1307)
[23:06:33] Image generation - without_text config completed, cycles: 3786657056.0
[23:06:33] =========== Image Generation Completed, total cycles: 675359422400.0, total seconds: 1350.7188448 ===========
[23:06:33] ==================================================
[23:06:33] FINAL RESULT - Total Cycles: 706694834235.0, total seconds: 1413.38966847
[23:06:33] Simulation Duration: 11.31 seconds
[23:06:33] CYCLE BREAKDOWN (per-operator cycles / % of end-to-end):
  [text] subtotal: 31,335,411,835  (  4.4%)
      OPBREAKDOWN text/attn 5028976379 0.712
      OPBREAKDOWN text/ffn_down 6806774016 0.963
      OPBREAKDOWN text/ffn_up 13613548032 1.926
      OPBREAKDOWN text/omap 2575264384 0.364
      OPBREAKDOWN text/qkv 3310849024 0.468
  [img] subtotal: 675,359,422,400  ( 95.6%)
      OPBREAKDOWN img/attn 60167923200 8.514
      OPBREAKDOWN img/drain 25600 0.000
      OPBREAKDOWN img/ffn_down 201189542400 28.469
      OPBREAKDOWN img/ffn_up 234721132800 33.214
      OPBREAKDOWN img/omap 75463449600 10.678
      OPBREAKDOWN img/prefetch 102400 0.000
      OPBREAKDOWN img/qkv 103817246400 14.691
  breakdown sum: 706,694,834,235  (total_cycles=706,694,834,235)
[23:06:33] STAGE UTIL (PE_total=2048, peak=32.0GB/s=64.0B/cyc): text_compute=2.58% text_mem=100.00% image_compute=76.85% image_mem=5.84%
[23:06:33] STAGE RAW: text_cyc=31335411835.0 image_cyc=675359422400.0 text_mac=1653925195776 image_mac=1062986126540800 text_dram_bytes=2005466357440 image_dram_bytes=2522286368000
[23:06:33] DETAIL UTIL (Fig14-style) -- TEXT mem%: attn=100.00 ffn=100.00 avg=100.00 | IMAGE compute%: attn=38.21 ffn=94.76 avg=76.85 | TOTAL: compute=73.56 mem=10.01
[23:06:33] ENERGY BREAKDOWN:
  Compute (MAC):  1161282.753 mJ  ( 40.9%)
  SRAM total:      32764.693 mJ  (  1.2%)
    ifmap:         17707.104 mJ
    filter:        14657.394 mJ
    ofmap:           400.194 mJ
  DRAM total:     1431135.270 mJ  ( 50.4%)  [type=DDR4]
    ifmap:        135058.508 mJ
    filter:       461319.718 mJ
    ofmap:        128062.210 mJ
    idle:         706694.834 mJ
  Array static (leakage+clock): 212008.450 mJ  (  7.5%)
  ----
  Total Energy: 2837191.166 mJ
  Avg Power:         2.007 W   (cycles 706,694,834,235)
  EDP:          4010056681.451 mJ·s
  Total MAC ops: 1,064,640,051,736,576   [fp16=641,652,357,656,576 w4a16=422,987,694,080,000]
[23:06:33] ======= Bagel Model Simulation Completed =======
