[23:06:02] ======= Bagel Model Simulation Started =======
[23:06:02] Configuration: text_len=229, image_steps=30, layers=24
[23:06:02] =========== Text Generation Started (total steps: 229) ===========
[23:06:02] Text generation - Start qkv mapping
[23:06:02] Text generation - End qkv mapping, total cycles:98560.0
[23:06:02] Text generation - Start output mapping
[23:06:02] Text generation - End output mapping, total cycles:32896.0
[23:06:02] Text generation - Start FFN up
[23:06:02] Text generation - End FFN up, total cycles:721376.0
[23:06:02] Text generation - Start FFN down
[23:06:02] Text generation - End FFN down, total cycles:360688.0
[23:06:02] Text generation - Step 0 to Step 19 started (kv_len in averagr: 1436)
[23:06:02] Text generation - Step 20 to Step 39 started (kv_len in averagr: 1476)
[23:06:02] Text generation - Step 40 to Step 59 started (kv_len in averagr: 1516)
[23:06:02] Text generation - Step 60 to Step 79 started (kv_len in averagr: 1556)
[23:06:02] Text generation - Step 80 to Step 99 started (kv_len in averagr: 1596)
[23:06:02] Text generation - Step 100 to Step 119 started (kv_len in averagr: 1636)
[23:06:02] Text generation - Step 120 to Step 139 started (kv_len in averagr: 1676)
[23:06:02] Text generation - Step 140 to Step 159 started (kv_len in averagr: 1716)
[23:06:02] Text generation - Step 160 to Step 179 started (kv_len in averagr: 1756)
[23:06:02] Text generation - Step 180 to Step 199 started (kv_len in averagr: 1796)
[23:06:02] Text generation - Step 200 to Step 219 started (kv_len in averagr: 1836)
[23:06:02] Text generation - Step 220 to Step 228 started (kv_len in averagr: 1871)
[23:06:02] =========== Text Generation Completed, total cycles: 7836655272.0, total seconds: 15.673310544 ===========
[23:06:02] ==================================================
[23:06:02] FINAL RESULT - Total Cycles: 7836655272.0, total seconds: 15.673310544
[23:06:02] Simulation Duration: 0.01 seconds
[23:06:02] CYCLE BREAKDOWN (per-operator cycles / % of end-to-end):
  [text] subtotal: 7,836,655,272  (100.0%)
      OPBREAKDOWN text/attn 1167149352 14.893
      OPBREAKDOWN text/ffn_down 1982341248 25.296
      OPBREAKDOWN text/ffn_up 3964682496 50.592
      OPBREAKDOWN text/omap 180796416 2.307
      OPBREAKDOWN text/qkv 541685760 6.912
  breakdown sum: 7,836,655,272  (total_cycles=7,836,655,272)
[23:06:02] ENERGY BREAKDOWN:
  Compute (MAC):     384.160 mJ  (  0.4%)
  SRAM total:        410.833 mJ  (  0.5%)
    ifmap:           159.905 mJ
    filter:          250.654 mJ
    ofmap:             0.274 mJ
  DRAM total:      88084.005 mJ  ( 96.6%)  [type=DDR4]
    ifmap:            74.211 mJ
    filter:        80085.422 mJ
    ofmap:            87.718 mJ
    idle:           7836.655 mJ
  Array static (leakage+clock):   2350.997 mJ  (  2.6%)
  ----
  Total Energy:  91229.995 mJ
  Avg Power:         5.821 W   (cycles 7,836,655,272)
  EDP:          1429876.049 mJ·s
  Total MAC ops: 319,422,627,840   [fp16=227,215,048,704 w4a16=92,207,579,136]
[23:06:02] ======= Bagel Model Simulation Completed =======
