[23:06:00] ======= Bagel Model Simulation Started =======
[23:06:00] Configuration: text_len=229, image_steps=30, layers=24
[23:06:00] =========== Text Generation Started (total steps: 229) ===========
[23:06:00] Text generation - Start qkv mapping
[23:06:00] Text generation - End qkv mapping, total cycles:393472.0
[23:06:00] Text generation - Start output mapping
[23:06:00] Text generation - End output mapping, total cycles:131200.0
[23:06:00] Text generation - Start FFN up
[23:06:00] Text generation - End FFN up, total cycles:721376.0
[23:06:00] Text generation - Start FFN down
[23:06:00] Text generation - End FFN down, total cycles:360688.0
[23:06:00] Text generation - Step 0 to Step 19 started (kv_len in averagr: 58)
[23:06:00] Text generation - Step 20 to Step 39 started (kv_len in averagr: 98)
[23:06:00] Text generation - Step 40 to Step 59 started (kv_len in averagr: 138)
[23:06:00] Text generation - Step 60 to Step 79 started (kv_len in averagr: 178)
[23:06:00] Text generation - Step 80 to Step 99 started (kv_len in averagr: 218)
[23:06:00] Text generation - Step 100 to Step 119 started (kv_len in averagr: 258)
[23:06:00] Text generation - Step 120 to Step 139 started (kv_len in averagr: 298)
[23:06:00] Text generation - Step 140 to Step 159 started (kv_len in averagr: 338)
[23:06:00] Text generation - Step 160 to Step 179 started (kv_len in averagr: 378)
[23:06:00] Text generation - Step 180 to Step 199 started (kv_len in averagr: 418)
[23:06:00] Text generation - Step 200 to Step 219 started (kv_len in averagr: 458)
[23:06:00] Text generation - Step 220 to Step 228 started (kv_len in averagr: 493)
[23:06:00] =========== Text Generation Completed, total cycles: 9020790456.0, total seconds: 18.041580912 ===========
[23:06:00] =========== Image Generation Started (total steps: 30) ===========
[23:06:00] Image generation - Start prefetching
[23:06:00] Image generation - End prefetching, total cycles:2048.0
[23:06:00] Image generation - Start draining
[23:06:00] Image generation - End draining, total cycles:512.0
[23:06:00] Image generation - full_cache config started (kv_len: 1655)
[23:06:00] Image generation - Start qkv mapping
[23:06:00] Text generation - End qkv mapping, total cycles:17420160
[23:06:00] Image generation - Start attn
[23:06:00] Image generation - End attn, total cycles:13934336
[23:06:00] Image generation - Start output mapping
[23:06:00] Image generation - End output mapping, total cycles:7022080
[23:06:00] Image generation - Start FFN up
[23:06:00] Image generation - End FFN up, total cycles:38621440
[23:06:00] Image generation - Start FFN down
[23:06:00] Image generation - End FFN down, total cycles:19310720
[23:06:00] Image generation - full_cache config completed, cycles: 2311409664
[23:06:00] Image generation - without_text config started (kv_len: 1378)
[23:06:00] Image generation - Start qkv mapping
[23:06:00] Text generation - End qkv mapping, total cycles:17420160
[23:06:00] Image generation - Start attn
[23:06:00] Image generation - End attn, total cycles:9940480
[23:06:00] Image generation - Start output mapping
[23:06:00] Image generation - End output mapping, total cycles:5941760
[23:06:00] Image generation - Start FFN up
[23:06:00] Image generation - End FFN up, total cycles:28223360
[23:06:00] Image generation - Start FFN down
[23:06:00] Image generation - End FFN down, total cycles:16339840
[23:06:00] Image generation - without_text config completed, cycles: 1868774400
[23:06:00] =========== Image Generation Completed, total cycles: 125405598720.0, total seconds: 250.81119744 ===========
[23:06:00] ==================================================
[23:06:00] FINAL RESULT - Total Cycles: 134426389176.0, total seconds: 268.852778352
[23:06:00] Simulation Duration: 0.03 seconds
[23:06:00] CYCLE BREAKDOWN (per-operator cycles / % of end-to-end):
  [text] subtotal: 9,020,790,456  (  6.7%)
      OPBREAKDOWN text/attn 190169400 0.141
      OPBREAKDOWN text/ffn_down 1982341248 1.475
      OPBREAKDOWN text/ffn_up 3964682496 2.949
      OPBREAKDOWN text/omap 721075200 0.536
      OPBREAKDOWN text/qkv 2162522112 1.609
  [img] subtotal: 125,405,598,720  ( 93.3%)
      OPBREAKDOWN img/attn 17189867520 12.788
      OPBREAKDOWN img/drain 15360 0.000
      OPBREAKDOWN img/ffn_down 25668403200 19.095
      OPBREAKDOWN img/ffn_up 48128256000 35.803
      OPBREAKDOWN img/omap 9333964800 6.944
      OPBREAKDOWN img/prefetch 61440 0.000
      OPBREAKDOWN img/qkv 25085030400 18.661
  breakdown sum: 134,426,389,176  (total_cycles=134,426,389,176)
[23:06:00] ENERGY BREAKDOWN:
  Compute (MAC):  184892.366 mJ  ( 33.7%)
  SRAM total:       6367.233 mJ  (  1.2%)
    ifmap:          2087.880 mJ
    filter:         4175.759 mJ
    ofmap:           103.594 mJ
  DRAM total:     317324.564 mJ  ( 57.8%)  [type=DDR4]
    ifmap:         30921.174 mJ
    filter:       118826.824 mJ
    ofmap:         33150.177 mJ
    idle:         134426.389 mJ
  Array static (leakage+clock):  40327.917 mJ  (  7.3%)
  ----
  Total Energy: 548912.080 mJ
  Avg Power:         2.042 W   (cycles 134,426,389,176)
  EDP:          147576537.649 mJ·s
  Total MAC ops: 123,261,577,101,312   [fp16=123,261,577,101,312]
[23:06:00] ======= Bagel Model Simulation Completed =======
