[23:06:46] ======= Bagel Model Simulation Started =======
[23:06:46] Configuration: text_len=229, image_steps=30, layers=24
[23:06:46] =========== Text Generation Started (total steps: 229) ===========
[23:06:46] Text generation - Start qkv mapping
[23:06:46] Text generation - End qkv mapping, total cycles:393472.0
[23:06:46] Text generation - Start output mapping
[23:06:46] Text generation - End output mapping, total cycles:131200.0
[23:06:46] Text generation - Start FFN up
[23:06:46] Text generation - End FFN up, total cycles:360928.0
[23:06:46] Text generation - Start FFN down
[23:06:46] Text generation - End FFN down, total cycles:180464.0
[23:06:46] Text generation - Step 0 to Step 19 started (kv_len in averagr: 58)
[23:06:46] Text generation - Step 20 to Step 39 started (kv_len in averagr: 98)
[23:06:46] Text generation - Step 40 to Step 59 started (kv_len in averagr: 138)
[23:06:46] Text generation - Step 60 to Step 79 started (kv_len in averagr: 178)
[23:06:46] Text generation - Step 80 to Step 99 started (kv_len in averagr: 218)
[23:06:46] Text generation - Step 100 to Step 119 started (kv_len in averagr: 258)
[23:06:46] Text generation - Step 120 to Step 139 started (kv_len in averagr: 298)
[23:06:46] Text generation - Step 140 to Step 159 started (kv_len in averagr: 338)
[23:06:46] Text generation - Step 160 to Step 179 started (kv_len in averagr: 378)
[23:06:46] Text generation - Step 180 to Step 199 started (kv_len in averagr: 418)
[23:06:46] Text generation - Step 200 to Step 219 started (kv_len in averagr: 458)
[23:06:46] Text generation - Step 220 to Step 228 started (kv_len in averagr: 493)
[23:06:46] =========== Text Generation Completed, total cycles: 6049257144.0, total seconds: 12.098514288 ===========
[23:06:46] =========== Image Generation Started (total steps: 30) ===========
[23:06:46] Image generation - Start prefetching
[23:06:46] Image generation - End prefetching, total cycles:2048.0
[23:06:46] Image generation - Start draining
[23:06:46] Image generation - End draining, total cycles:512.0
[23:06:46] Image generation - full_cache config started (kv_len: 827)
[23:06:46] Image generation - Start qkv mapping
[23:06:46] Text generation - End qkv mapping, total cycles:17420160
[23:06:46] Image generation - Start attn
[23:06:46] Image generation - End attn, total cycles:7068672
[23:06:46] Image generation - Start output mapping
[23:06:46] Image generation - End output mapping, total cycles:7022080
[23:06:46] Image generation - Start FFN up
[23:06:46] Image generation - End FFN up, total cycles:19603584
[23:06:46] Image generation - Start FFN down
[23:06:46] Image generation - End FFN down, total cycles:9801792
[23:06:46] Image generation - full_cache config completed, cycles: 1461990912
[23:06:46] Image generation - without_text config started (kv_len: 803)
[23:06:46] Image generation - Start qkv mapping
[23:06:46] Text generation - End qkv mapping, total cycles:17420160
[23:06:46] Image generation - Start attn
[23:06:46] Image generation - End attn, total cycles:5913600
[23:06:46] Image generation - Start output mapping
[23:06:46] Image generation - End output mapping, total cycles:5941760
[23:06:46] Image generation - Start FFN up
[23:06:46] Image generation - End FFN up, total cycles:14325696
[23:06:46] Image generation - Start FFN down
[23:06:46] Image generation - End FFN down, total cycles:8293824
[23:06:46] Image generation - without_text config completed, cycles: 1245480960
[23:06:46] =========== Image Generation Completed, total cycles: 81224232960.0, total seconds: 162.44846592 ===========
[23:06:46] ==================================================
[23:06:46] FINAL RESULT - Total Cycles: 87273490104.0, total seconds: 174.546980208
[23:06:46] Simulation Duration: 0.03 seconds
[23:06:46] CYCLE BREAKDOWN (per-operator cycles / % of end-to-end):
  [text] subtotal: 6,049,257,144  (  6.9%)
      OPBREAKDOWN text/attn 190169400 0.218
      OPBREAKDOWN text/ffn_down 991830144 1.136
      OPBREAKDOWN text/ffn_up 1983660288 2.273
      OPBREAKDOWN text/omap 721075200 0.826
      OPBREAKDOWN text/qkv 2162522112 2.478
  [img] subtotal: 81,224,232,960  ( 93.1%)
      OPBREAKDOWN img/attn 9347235840 10.710
      OPBREAKDOWN img/drain 15360 0.000
      OPBREAKDOWN img/ffn_down 13028843520 14.929
      OPBREAKDOWN img/ffn_up 24429081600 27.991
      OPBREAKDOWN img/omap 9333964800 10.695
      OPBREAKDOWN img/prefetch 61440 0.000
      OPBREAKDOWN img/qkv 25085030400 28.743
  breakdown sum: 87,273,490,104  (total_cycles=87,273,490,104)
[23:06:46] ENERGY BREAKDOWN:
  Compute (MAC):  137906.441 mJ  ( 36.4%)
  SRAM total:       4225.210 mJ  (  1.1%)
    ifmap:          1986.899 mJ
    filter:         2159.631 mJ
    ofmap:            78.680 mJ
  DRAM total:     210515.247 mJ  ( 55.6%)  [type=DDR4]
    ifmap:         22948.633 mJ
    filter:        75115.486 mJ
    ofmap:         25177.637 mJ
    idle:          87273.490 mJ
  Array static (leakage+clock):  26182.047 mJ  (  6.9%)
  ----
  Total Energy: 378828.944 mJ
  Avg Power:         2.170 W   (cycles 87,273,490,104)
  EDP:          66123448.266 mJ·s
  Total MAC ops: 116,883,544,768,512   [fp16=80,554,538,729,472 w4a16=36,329,006,039,040]
[23:06:46] ======= Bagel Model Simulation Completed =======
