[23:06:00] ======= Bagel Model Simulation Started =======
[23:06:00] Configuration: text_len=229, image_steps=30, layers=24
[23:06:00] =========== Text Generation Started (total steps: 229) ===========
[23:06:00] Text generation - Start qkv mapping
[23:06:00] Text generation - End qkv mapping, total cycles:98560.0
[23:06:00] Text generation - Start output mapping
[23:06:00] Text generation - End output mapping, total cycles:32896.0
[23:06:00] Text generation - Start FFN up
[23:06:00] Text generation - End FFN up, total cycles:721376.0
[23:06:00] Text generation - Start FFN down
[23:06:00] Text generation - End FFN down, total cycles:360688.0
[23:06:00] Text generation - Step 0 to Step 19 started (kv_len in averagr: 58)
[23:06:00] Text generation - Step 20 to Step 39 started (kv_len in averagr: 98)
[23:06:00] Text generation - Step 40 to Step 59 started (kv_len in averagr: 138)
[23:06:00] Text generation - Step 60 to Step 79 started (kv_len in averagr: 178)
[23:06:00] Text generation - Step 80 to Step 99 started (kv_len in averagr: 218)
[23:06:00] Text generation - Step 100 to Step 119 started (kv_len in averagr: 258)
[23:06:00] Text generation - Step 120 to Step 139 started (kv_len in averagr: 298)
[23:06:00] Text generation - Step 140 to Step 159 started (kv_len in averagr: 338)
[23:06:00] Text generation - Step 160 to Step 179 started (kv_len in averagr: 378)
[23:06:00] Text generation - Step 180 to Step 199 started (kv_len in averagr: 418)
[23:06:00] Text generation - Step 200 to Step 219 started (kv_len in averagr: 458)
[23:06:00] Text generation - Step 220 to Step 228 started (kv_len in averagr: 493)
[23:06:00] =========== Text Generation Completed, total cycles: 6859675320.0, total seconds: 13.71935064 ===========
[23:06:00] =========== Image Generation Started (total steps: 30) ===========
[23:06:00] Image generation - Start prefetching
[23:06:00] Image generation - End prefetching, total cycles:2048.0
[23:06:00] Image generation - Start draining
[23:06:00] Image generation - End draining, total cycles:512.0
[23:06:00] Image generation - full_cache config started (kv_len: 827)
[23:06:00] Image generation - Start qkv mapping
[23:06:00] Text generation - End qkv mapping, total cycles:8842176
[23:06:00] Image generation - Start attn
[23:06:00] Image generation - End attn, total cycles:7068672
[23:06:00] Image generation - Start output mapping
[23:06:00] Image generation - End output mapping, total cycles:3564288
[23:06:00] Image generation - Start FFN up
[23:06:00] Image generation - End FFN up, total cycles:38621440
[23:06:00] Image generation - Start FFN down
[23:06:00] Image generation - End FFN down, total cycles:19310720
[23:06:00] Image generation - full_cache config completed, cycles: 1857775104
[23:06:00] Image generation - without_text config started (kv_len: 803)
[23:06:00] Image generation - Start qkv mapping
[23:06:00] Text generation - End qkv mapping, total cycles:8842176
[23:06:00] Image generation - Start attn
[23:06:00] Image generation - End attn, total cycles:5913600
[23:06:00] Image generation - Start output mapping
[23:06:00] Image generation - End output mapping, total cycles:3015936
[23:06:00] Image generation - Start FFN up
[23:06:00] Image generation - End FFN up, total cycles:28223360
[23:06:00] Image generation - Start FFN down
[23:06:00] Image generation - End FFN down, total cycles:16339840
[23:06:00] Image generation - without_text config completed, cycles: 1496037888
[23:06:00] =========== Image Generation Completed, total cycles: 100614466560.0, total seconds: 201.22893312 ===========
[23:06:00] ==================================================
[23:06:00] FINAL RESULT - Total Cycles: 107474141880.0, total seconds: 214.94828376
[23:06:00] Simulation Duration: 0.03 seconds
[23:06:00] CYCLE BREAKDOWN (per-operator cycles / % of end-to-end):
  [text] subtotal: 6,859,675,320  (  6.4%)
      OPBREAKDOWN text/attn 190169400 0.177
      OPBREAKDOWN text/ffn_down 1982341248 1.844
      OPBREAKDOWN text/ffn_up 3964682496 3.689
      OPBREAKDOWN text/omap 180796416 0.168
      OPBREAKDOWN text/qkv 541685760 0.504
  [img] subtotal: 100,614,466,560  ( 93.6%)
      OPBREAKDOWN img/attn 9347235840 8.697
      OPBREAKDOWN img/drain 15360 0.000
      OPBREAKDOWN img/ffn_down 25668403200 23.883
      OPBREAKDOWN img/ffn_up 48128256000 44.781
      OPBREAKDOWN img/omap 4737761280 4.408
      OPBREAKDOWN img/prefetch 61440 0.000
      OPBREAKDOWN img/qkv 12732733440 11.847
  breakdown sum: 107,474,141,880  (total_cycles=107,474,141,880)
[23:06:00] ENERGY BREAKDOWN:
  Compute (MAC):  137493.808 mJ  ( 32.7%)
  SRAM total:       5100.490 mJ  (  1.2%)
    ifmap:          1986.899 mJ
    filter:         3034.911 mJ
    ofmap:            78.680 mJ
  DRAM total:     245175.174 mJ  ( 58.4%)  [type=DDR4]
    ifmap:         22948.633 mJ
    filter:        89574.762 mJ
    ofmap:         25177.637 mJ
    idle:         107474.142 mJ
  Array static (leakage+clock):  32242.243 mJ  (  7.7%)
  ----
  Total Energy: 420011.714 mJ
  Avg Power:         1.954 W   (cycles 107,474,141,880)
  EDP:          90280797.153 mJ·s
  Total MAC ops: 116,883,544,768,512   [fp16=80,153,923,977,216 w4a16=36,729,620,791,296]
[23:06:00] ======= Bagel Model Simulation Completed =======
