[23:06:00] ======= Bagel Model Simulation Started =======
[23:06:00] Configuration: text_len=229, image_steps=30, layers=24
[23:06:00] =========== Text Generation Started (total steps: 229) ===========
[23:06:00] Text generation - Start qkv mapping
[23:06:00] Text generation - End qkv mapping, total cycles:393472.0
[23:06:00] Text generation - Start output mapping
[23:06:00] Text generation - End output mapping, total cycles:131200.0
[23:06:00] Text generation - Start FFN up
[23:06:00] Text generation - End FFN up, total cycles:360928.0
[23:06:00] Text generation - Start FFN down
[23:06:00] Text generation - End FFN down, total cycles:180464.0
[23:06:00] Text generation - Step 0 to Step 19 started (kv_len in averagr: 58)
[23:06:00] Text generation - Step 20 to Step 39 started (kv_len in averagr: 98)
[23:06:00] Text generation - Step 40 to Step 59 started (kv_len in averagr: 138)
[23:06:00] Text generation - Step 60 to Step 79 started (kv_len in averagr: 178)
[23:06:00] Text generation - Step 80 to Step 99 started (kv_len in averagr: 218)
[23:06:00] Text generation - Step 100 to Step 119 started (kv_len in averagr: 258)
[23:06:00] Text generation - Step 120 to Step 139 started (kv_len in averagr: 298)
[23:06:00] Text generation - Step 140 to Step 159 started (kv_len in averagr: 338)
[23:06:00] Text generation - Step 160 to Step 179 started (kv_len in averagr: 378)
[23:06:00] Text generation - Step 180 to Step 199 started (kv_len in averagr: 418)
[23:06:00] Text generation - Step 200 to Step 219 started (kv_len in averagr: 458)
[23:06:00] Text generation - Step 220 to Step 228 started (kv_len in averagr: 493)
[23:06:00] =========== Text Generation Completed, total cycles: 6049257144.0, total seconds: 12.098514288 ===========
[23:06:00] =========== Image Generation Started (total steps: 30) ===========
[23:06:00] Image generation - Start prefetching
[23:06:00] Image generation - End prefetching, total cycles:2048.0
[23:06:00] Image generation - Start draining
[23:06:00] Image generation - End draining, total cycles:512.0
[23:06:00] Image generation - full_cache config started (kv_len: 1655)
[23:06:00] Image generation - Start qkv mapping
[23:06:00] Text generation - End qkv mapping, total cycles:17420160
[23:06:00] Image generation - Start attn
[23:06:00] Image generation - End attn, total cycles:13934336
[23:06:00] Image generation - Start output mapping
[23:06:00] Image generation - End output mapping, total cycles:7022080
[23:06:00] Image generation - Start FFN up
[23:06:00] Image generation - End FFN up, total cycles:19603584
[23:06:00] Image generation - Start FFN down
[23:06:00] Image generation - End FFN down, total cycles:9801792
[23:06:00] Image generation - full_cache config completed, cycles: 1626766848
[23:06:00] Image generation - without_text config started (kv_len: 1378)
[23:06:00] Image generation - Start qkv mapping
[23:06:00] Text generation - End qkv mapping, total cycles:17420160
[23:06:00] Image generation - Start attn
[23:06:00] Image generation - End attn, total cycles:9940480
[23:06:00] Image generation - Start output mapping
[23:06:00] Image generation - End output mapping, total cycles:5941760
[23:06:00] Image generation - Start FFN up
[23:06:00] Image generation - End FFN up, total cycles:16587648
[23:06:00] Image generation - Start FFN down
[23:06:00] Image generation - End FFN down, total cycles:8293824
[23:06:00] Image generation - without_text config completed, cycles: 1396412928
[23:06:00] =========== Image Generation Completed, total cycles: 90695470080.0, total seconds: 181.39094016 ===========
[23:06:00] ==================================================
[23:06:00] FINAL RESULT - Total Cycles: 96744727224.0, total seconds: 193.489454448
[23:06:00] Simulation Duration: 0.03 seconds
[23:06:00] CYCLE BREAKDOWN (per-operator cycles / % of end-to-end):
  [text] subtotal: 6,049,257,144  (  6.3%)
      OPBREAKDOWN text/attn 190169400 0.197
      OPBREAKDOWN text/ffn_down 991830144 1.025
      OPBREAKDOWN text/ffn_up 1983660288 2.050
      OPBREAKDOWN text/omap 721075200 0.745
      OPBREAKDOWN text/qkv 2162522112 2.235
  [img] subtotal: 90,695,470,080  ( 93.7%)
      OPBREAKDOWN img/attn 17189867520 17.768
      OPBREAKDOWN img/drain 15360 0.000
      OPBREAKDOWN img/ffn_down 13028843520 13.467
      OPBREAKDOWN img/ffn_up 26057687040 26.934
      OPBREAKDOWN img/omap 9333964800 9.648
      OPBREAKDOWN img/prefetch 61440 0.000
      OPBREAKDOWN img/qkv 25085030400 25.929
  breakdown sum: 96,744,727,224  (total_cycles=96,744,727,224)
[23:06:00] ENERGY BREAKDOWN:
  Compute (MAC):  150336.542 mJ  ( 35.6%)
  SRAM total:       4629.228 mJ  (  1.1%)
    ifmap:          2137.708 mJ
    filter:         2386.507 mJ
    ofmap:           105.014 mJ
  DRAM total:     237874.917 mJ  ( 56.4%)  [type=DDR4]
    ifmap:         31086.324 mJ
    filter:        76439.523 mJ
    ofmap:         33604.342 mJ
    idle:          96744.727 mJ
  Array static (leakage+clock):  29023.418 mJ  (  6.9%)
  ----
  Total Energy: 421864.105 mJ
  Avg Power:         2.180 W   (cycles 96,744,727,224)
  EDP:          81626255.609 mJ·s
  Total MAC ops: 126,168,229,773,312   [fp16=88,385,897,398,272 w4a16=37,782,332,375,040]
[23:06:00] ======= Bagel Model Simulation Completed =======
