[23:06:01] ======= Bagel Model Simulation Started =======
[23:06:01] Configuration: text_len=229, image_steps=30, layers=24
[23:06:01] =========== Text Generation Started (total steps: 229) ===========
[23:06:01] Text generation - Start qkv mapping
[23:06:01] Text generation - End qkv mapping, total cycles:393472.0
[23:06:01] Text generation - Start output mapping
[23:06:01] Text generation - End output mapping, total cycles:131200.0
[23:06:01] Text generation - Start FFN up
[23:06:01] Text generation - End FFN up, total cycles:180704.0
[23:06:01] Text generation - Start FFN down
[23:06:01] Text generation - End FFN down, total cycles:90352.0
[23:06:01] Text generation - Step 0 to Step 19 started (kv_len in averagr: 1436)
[23:06:01] Text generation - Step 20 to Step 39 started (kv_len in averagr: 1476)
[23:06:01] Text generation - Step 40 to Step 59 started (kv_len in averagr: 1516)
[23:06:01] Text generation - Step 60 to Step 79 started (kv_len in averagr: 1556)
[23:06:01] Text generation - Step 80 to Step 99 started (kv_len in averagr: 1596)
[23:06:01] Text generation - Step 100 to Step 119 started (kv_len in averagr: 1636)
[23:06:01] Text generation - Step 120 to Step 139 started (kv_len in averagr: 1676)
[23:06:01] Text generation - Step 140 to Step 159 started (kv_len in averagr: 1716)
[23:06:01] Text generation - Step 160 to Step 179 started (kv_len in averagr: 1756)
[23:06:01] Text generation - Step 180 to Step 199 started (kv_len in averagr: 1796)
[23:06:01] Text generation - Step 200 to Step 219 started (kv_len in averagr: 1836)
[23:06:01] Text generation - Step 220 to Step 228 started (kv_len in averagr: 1871)
[23:06:01] =========== Text Generation Completed, total cycles: 5540470440.0, total seconds: 11.08094088 ===========
[23:06:01] ==================================================
[23:06:01] FINAL RESULT - Total Cycles: 5540470440.0, total seconds: 11.08094088
[23:06:01] Simulation Duration: 0.01 seconds
[23:06:01] CYCLE BREAKDOWN (per-operator cycles / % of end-to-end):
  [text] subtotal: 5,540,470,440  (100.0%)
      OPBREAKDOWN text/attn 1167149352 21.066
      OPBREAKDOWN text/ffn_down 496574592 8.963
      OPBREAKDOWN text/ffn_up 993149184 17.925
      OPBREAKDOWN text/omap 721075200 13.015
      OPBREAKDOWN text/qkv 2162522112 39.031
  breakdown sum: 5,540,470,440  (total_cycles=5,540,470,440)
[23:06:01] ENERGY BREAKDOWN:
  Compute (MAC):     283.250 mJ  (  0.4%)
  SRAM total:        337.356 mJ  (  0.5%)
    ifmap:           159.905 mJ
    filter:          177.176 mJ
    ofmap:             0.274 mJ
  DRAM total:      62274.888 mJ  ( 96.5%)  [type=DDR4]
    ifmap:            74.211 mJ
    filter:        56572.489 mJ
    ofmap:            87.718 mJ
    idle:           5540.470 mJ
  Array static (leakage+clock):   1662.141 mJ  (  2.6%)
  ----
  Total Energy:  64557.635 mJ
  Avg Power:         5.826 W   (cycles 5,540,470,440)
  EDP:          715359.335 mJ·s
  Total MAC ops: 319,422,627,840   [fp16=129,244,495,872 w4a16=190,178,131,968]
[23:06:01] ======= Bagel Model Simulation Completed =======
