[23:06:00] ======= Bagel Model Simulation Started =======
[23:06:00] Configuration: text_len=229, image_steps=30, layers=24
[23:06:00] =========== Text Generation Started (total steps: 229) ===========
[23:06:00] Text generation - Start qkv mapping
[23:06:00] Text generation - End qkv mapping, total cycles:393472.0
[23:06:00] Text generation - Start output mapping
[23:06:00] Text generation - End output mapping, total cycles:131200.0
[23:06:00] Text generation - Start FFN up
[23:06:00] Text generation - End FFN up, total cycles:721376.0
[23:06:00] Text generation - Start FFN down
[23:06:00] Text generation - End FFN down, total cycles:360688.0
[23:06:00] Text generation - Step 0 to Step 19 started (kv_len in averagr: 58)
[23:06:00] Text generation - Step 20 to Step 39 started (kv_len in averagr: 98)
[23:06:00] Text generation - Step 40 to Step 59 started (kv_len in averagr: 138)
[23:06:00] Text generation - Step 60 to Step 79 started (kv_len in averagr: 178)
[23:06:00] Text generation - Step 80 to Step 99 started (kv_len in averagr: 218)
[23:06:00] Text generation - Step 100 to Step 119 started (kv_len in averagr: 258)
[23:06:00] Text generation - Step 120 to Step 139 started (kv_len in averagr: 298)
[23:06:00] Text generation - Step 140 to Step 159 started (kv_len in averagr: 338)
[23:06:00] Text generation - Step 160 to Step 179 started (kv_len in averagr: 378)
[23:06:00] Text generation - Step 180 to Step 199 started (kv_len in averagr: 418)
[23:06:00] Text generation - Step 200 to Step 219 started (kv_len in averagr: 458)
[23:06:00] Text generation - Step 220 to Step 228 started (kv_len in averagr: 493)
[23:06:00] =========== Text Generation Completed, total cycles: 9020790456.0, total seconds: 18.041580912 ===========
[23:06:00] =========== Image Generation Started (total steps: 30) ===========
[23:06:00] Image generation - Start prefetching
[23:06:00] Image generation - End prefetching, total cycles:2048.0
[23:06:00] Image generation - Start draining
[23:06:00] Image generation - End draining, total cycles:512.0
[23:06:00] Image generation - full_cache config started (kv_len: 827)
[23:06:00] Image generation - Start qkv mapping
[23:06:00] Text generation - End qkv mapping, total cycles:17420160
[23:06:00] Image generation - Start attn
[23:06:00] Image generation - End attn, total cycles:7068672
[23:06:00] Image generation - Start output mapping
[23:06:00] Image generation - End output mapping, total cycles:7022080
[23:06:00] Image generation - Start FFN up
[23:06:00] Image generation - End FFN up, total cycles:38621440
[23:06:00] Image generation - Start FFN down
[23:06:00] Image generation - End FFN down, total cycles:19310720
[23:06:00] Image generation - full_cache config completed, cycles: 2146633728
[23:06:00] Image generation - without_text config started (kv_len: 803)
[23:06:00] Image generation - Start qkv mapping
[23:06:00] Text generation - End qkv mapping, total cycles:17420160
[23:06:00] Image generation - Start attn
[23:06:00] Image generation - End attn, total cycles:5913600
[23:06:00] Image generation - Start output mapping
[23:06:00] Image generation - End output mapping, total cycles:5941760
[23:06:00] Image generation - Start FFN up
[23:06:00] Image generation - End FFN up, total cycles:32679680
[23:06:00] Image generation - Start FFN down
[23:06:00] Image generation - End FFN down, total cycles:16339840
[23:06:00] Image generation - without_text config completed, cycles: 1879080960
[23:06:00] =========== Image Generation Completed, total cycles: 120771517440.0, total seconds: 241.54303488 ===========
[23:06:00] ==================================================
[23:06:00] FINAL RESULT - Total Cycles: 129792307896.0, total seconds: 259.584615792
[23:06:00] Simulation Duration: 0.03 seconds
[23:06:00] CYCLE BREAKDOWN (per-operator cycles / % of end-to-end):
  [text] subtotal: 9,020,790,456  (  7.0%)
      OPBREAKDOWN text/attn 190169400 0.147
      OPBREAKDOWN text/ffn_down 1982341248 1.527
      OPBREAKDOWN text/ffn_up 3964682496 3.055
      OPBREAKDOWN text/omap 721075200 0.556
      OPBREAKDOWN text/qkv 2162522112 1.666
  [img] subtotal: 120,771,517,440  ( 93.0%)
      OPBREAKDOWN img/attn 9347235840 7.202
      OPBREAKDOWN img/drain 15360 0.000
      OPBREAKDOWN img/ffn_down 25668403200 19.777
      OPBREAKDOWN img/ffn_up 51336806400 39.553
      OPBREAKDOWN img/omap 9333964800 7.191
      OPBREAKDOWN img/prefetch 61440 0.000
      OPBREAKDOWN img/qkv 25085030400 19.327
  breakdown sum: 129,792,307,896  (total_cycles=129,792,307,896)
[23:06:00] ENERGY BREAKDOWN:
  Compute (MAC):  179685.296 mJ  ( 34.5%)
  SRAM total:       6190.281 mJ  (  1.2%)
    ifmap:          2036.727 mJ
    filter:         4073.454 mJ
    ofmap:            80.099 mJ
  DRAM total:     296040.680 mJ  ( 56.8%)  [type=DDR4]
    ifmap:         23113.784 mJ
    filter:       117502.787 mJ
    ofmap:         25631.802 mJ
    idle:         129792.308 mJ
  Array static (leakage+clock):  38937.692 mJ  (  7.5%)
  ----
  Total Energy: 520853.949 mJ
  Avg Power:         2.006 W   (cycles 129,792,307,896)
  EDP:          135205672.347 mJ·s
  Total MAC ops: 119,790,197,440,512   [fp16=119,790,197,440,512]
[23:06:00] ======= Bagel Model Simulation Completed =======
