[23:06:01] ======= Bagel Model Simulation Started =======
[23:06:01] Configuration: text_len=229, image_steps=30, layers=24
[23:06:01] =========== Text Generation Started (total steps: 229) ===========
[23:06:01] Text generation - Start qkv mapping
[23:06:01] Text generation - End qkv mapping, total cycles:393472.0
[23:06:01] Text generation - Start output mapping
[23:06:01] Text generation - End output mapping, total cycles:131200.0
[23:06:01] Text generation - Start FFN up
[23:06:01] Text generation - End FFN up, total cycles:721376.0
[23:06:01] Text generation - Start FFN down
[23:06:01] Text generation - End FFN down, total cycles:360688.0
[23:06:01] Text generation - Step 0 to Step 19 started (kv_len in averagr: 1436)
[23:06:01] Text generation - Step 20 to Step 39 started (kv_len in averagr: 1476)
[23:06:01] Text generation - Step 40 to Step 59 started (kv_len in averagr: 1516)
[23:06:01] Text generation - Step 60 to Step 79 started (kv_len in averagr: 1556)
[23:06:01] Text generation - Step 80 to Step 99 started (kv_len in averagr: 1596)
[23:06:01] Text generation - Step 100 to Step 119 started (kv_len in averagr: 1636)
[23:06:01] Text generation - Step 120 to Step 139 started (kv_len in averagr: 1676)
[23:06:01] Text generation - Step 140 to Step 159 started (kv_len in averagr: 1716)
[23:06:01] Text generation - Step 160 to Step 179 started (kv_len in averagr: 1756)
[23:06:01] Text generation - Step 180 to Step 199 started (kv_len in averagr: 1796)
[23:06:01] Text generation - Step 200 to Step 219 started (kv_len in averagr: 1836)
[23:06:01] Text generation - Step 220 to Step 228 started (kv_len in averagr: 1871)
[23:06:01] =========== Text Generation Completed, total cycles: 9997770408.0, total seconds: 19.995540816 ===========
[23:06:01] ==================================================
[23:06:01] FINAL RESULT - Total Cycles: 9997770408.0, total seconds: 19.995540816
[23:06:01] Simulation Duration: 0.01 seconds
[23:06:01] CYCLE BREAKDOWN (per-operator cycles / % of end-to-end):
  [text] subtotal: 9,997,770,408  (100.0%)
      OPBREAKDOWN text/attn 1167149352 11.674
      OPBREAKDOWN text/ffn_down 1982341248 19.828
      OPBREAKDOWN text/ffn_up 3964682496 39.656
      OPBREAKDOWN text/omap 721075200 7.212
      OPBREAKDOWN text/qkv 2162522112 21.630
  breakdown sum: 9,997,770,408  (total_cycles=9,997,770,408)
[23:06:01] ENERGY BREAKDOWN:
  Compute (MAC):     479.134 mJ  (  0.4%)
  SRAM total:        479.989 mJ  (  0.4%)
    ifmap:           159.905 mJ
    filter:          319.810 mJ
    ofmap:             0.274 mJ
  DRAM total:     112374.939 mJ  ( 96.6%)  [type=DDR4]
    ifmap:            74.211 mJ
    filter:       102215.241 mJ
    ofmap:            87.718 mJ
    idle:           9997.770 mJ
  Array static (leakage+clock):   2999.331 mJ  (  2.6%)
  ----
  Total Energy: 116333.394 mJ
  Avg Power:         5.818 W   (cycles 9,997,770,408)
  EDP:          2326149.119 mJ·s
  Total MAC ops: 319,422,627,840   [fp16=319,422,627,840]
[23:06:01] ======= Bagel Model Simulation Completed =======
