[23:06:46] ======= Bagel Model Simulation Started =======
[23:06:46] Configuration: text_len=229, image_steps=30, layers=24
[23:06:46] =========== Text Generation Started (total steps: 229) ===========
[23:06:46] Text generation - Start qkv mapping
[23:06:46] Text generation - End qkv mapping, total cycles:393472.0
[23:06:46] Text generation - Start output mapping
[23:06:46] Text generation - End output mapping, total cycles:131200.0
[23:06:46] Text generation - Start FFN up
[23:06:46] Text generation - End FFN up, total cycles:721376.0
[23:06:46] Text generation - Start FFN down
[23:06:46] Text generation - End FFN down, total cycles:360688.0
[23:06:46] Text generation - Step 0 to Step 19 started (kv_len in averagr: 58)
[23:06:46] Text generation - Step 20 to Step 39 started (kv_len in averagr: 98)
[23:06:46] Text generation - Step 40 to Step 59 started (kv_len in averagr: 138)
[23:06:46] Text generation - Step 60 to Step 79 started (kv_len in averagr: 178)
[23:06:46] Text generation - Step 80 to Step 99 started (kv_len in averagr: 218)
[23:06:46] Text generation - Step 100 to Step 119 started (kv_len in averagr: 258)
[23:06:46] Text generation - Step 120 to Step 139 started (kv_len in averagr: 298)
[23:06:46] Text generation - Step 140 to Step 159 started (kv_len in averagr: 338)
[23:06:46] Text generation - Step 160 to Step 179 started (kv_len in averagr: 378)
[23:06:46] Text generation - Step 180 to Step 199 started (kv_len in averagr: 418)
[23:06:46] Text generation - Step 200 to Step 219 started (kv_len in averagr: 458)
[23:06:46] Text generation - Step 220 to Step 228 started (kv_len in averagr: 493)
[23:06:46] =========== Text Generation Completed, total cycles: 9020790456.0, total seconds: 18.041580912 ===========
[23:06:46] ==================================================
[23:06:46] FINAL RESULT - Total Cycles: 9020790456.0, total seconds: 18.041580912
[23:06:46] Simulation Duration: 0.01 seconds
[23:06:46] CYCLE BREAKDOWN (per-operator cycles / % of end-to-end):
  [text] subtotal: 9,020,790,456  (100.0%)
      OPBREAKDOWN text/attn 190169400 2.108
      OPBREAKDOWN text/ffn_down 1982341248 21.975
      OPBREAKDOWN text/ffn_up 3964682496 43.950
      OPBREAKDOWN text/omap 721075200 7.993
      OPBREAKDOWN text/qkv 2162522112 23.973
  breakdown sum: 9,020,790,456  (total_cycles=9,020,790,456)
[23:06:46] ENERGY BREAKDOWN:
  Compute (MAC):     432.602 mJ  (  0.4%)
  SRAM total:        433.302 mJ  (  0.4%)
    ifmap:           144.383 mJ
    filter:          288.766 mJ
    ofmap:             0.153 mJ
  DRAM total:     101393.685 mJ  ( 96.6%)  [type=DDR4]
    ifmap:            35.434 mJ
    filter:        92288.519 mJ
    ofmap:            48.941 mJ
    idle:           9020.790 mJ
  Array static (leakage+clock):   2706.237 mJ  (  2.6%)
  ----
  Total Energy: 104965.826 mJ
  Avg Power:         5.818 W   (cycles 9,020,790,456)
  EDP:          1893749.444 mJ·s
  Total MAC ops: 288,401,620,992   [fp16=288,401,620,992]
[23:06:46] ======= Bagel Model Simulation Completed =======
